Archive member included to satisfy reference by file (symbol)

c:/program files (x86)/atmel/studio/7.0/toolchain/arm/arm-gnu-toolchain/bin/../lib/gcc/arm-none-eabi/6.3.1/thumb/v6-m\libgcc.a(_udivsi3.o)
                              src/ASF/sam0/drivers/system/clock/clock_samd21_r21_da_ha1/clock.o (__aeabi_uidiv)
c:/program files (x86)/atmel/studio/7.0/toolchain/arm/arm-gnu-toolchain/bin/../lib/gcc/arm-none-eabi/6.3.1/thumb/v6-m\libgcc.a(_divsi3.o)
                              src/ASF/sam0/drivers/usb/stack_interface/usb_device_udd.o (__aeabi_idivmod)
c:/program files (x86)/atmel/studio/7.0/toolchain/arm/arm-gnu-toolchain/bin/../lib/gcc/arm-none-eabi/6.3.1/thumb/v6-m\libgcc.a(_dvmd_tls.o)
                              c:/program files (x86)/atmel/studio/7.0/toolchain/arm/arm-gnu-toolchain/bin/../lib/gcc/arm-none-eabi/6.3.1/thumb/v6-m\libgcc.a(_udivsi3.o) (__aeabi_idiv0)
c:/program files (x86)/atmel/studio/7.0/toolchain/arm/arm-gnu-toolchain/bin/../lib/gcc/arm-none-eabi/6.3.1/thumb/v6-m\libgcc.a(_clzsi2.o)
                              src/ASF/sam0/drivers/usb/usb_sam_d_r/usb.o (__clzsi2)
c:/program files (x86)/atmel/studio/7.0/toolchain/arm/arm-gnu-toolchain/bin/../lib/gcc/arm-none-eabi/6.3.1/thumb/v6-m\libgcc.a(_ctzsi2.o)
                              src/ASF/sam0/drivers/usb/usb_sam_d_r/usb.o (__ctzsi2)
c:/program files (x86)/atmel/studio/7.0/toolchain/arm/arm-gnu-toolchain/bin/../lib/gcc/arm-none-eabi/6.3.1/thumb/v6-m\libgcc.a(_muldi3.o)
                              src/ASF/sam0/drivers/sercom/sercom.o (__aeabi_lmul)
c:/program files (x86)/atmel/studio/7.0/toolchain/arm/arm-gnu-toolchain/bin/../lib/gcc/arm-none-eabi/6.3.1/../../../../arm-none-eabi/lib/thumb/v6-m\libc_nano.a(lib_a-exit.o)
                              c:/program files (x86)/atmel/studio/7.0/toolchain/arm/arm-gnu-toolchain/bin/../lib/gcc/arm-none-eabi/6.3.1/../../../../arm-none-eabi/lib/thumb/v6-m/crt0.o (exit)
c:/program files (x86)/atmel/studio/7.0/toolchain/arm/arm-gnu-toolchain/bin/../lib/gcc/arm-none-eabi/6.3.1/../../../../arm-none-eabi/lib/thumb/v6-m\libc_nano.a(lib_a-impure.o)
                              c:/program files (x86)/atmel/studio/7.0/toolchain/arm/arm-gnu-toolchain/bin/../lib/gcc/arm-none-eabi/6.3.1/../../../../arm-none-eabi/lib/thumb/v6-m\libc_nano.a(lib_a-exit.o) (_global_impure_ptr)
c:/program files (x86)/atmel/studio/7.0/toolchain/arm/arm-gnu-toolchain/bin/../lib/gcc/arm-none-eabi/6.3.1/../../../../arm-none-eabi/lib/thumb/v6-m\libc_nano.a(lib_a-init.o)
                              c:/program files (x86)/atmel/studio/7.0/toolchain/arm/arm-gnu-toolchain/bin/../lib/gcc/arm-none-eabi/6.3.1/../../../../arm-none-eabi/lib/thumb/v6-m/crt0.o (__libc_init_array)
c:/program files (x86)/atmel/studio/7.0/toolchain/arm/arm-gnu-toolchain/bin/../lib/gcc/arm-none-eabi/6.3.1/../../../../arm-none-eabi/lib/thumb/v6-m\libc_nano.a(lib_a-memcpy-stub.o)
                              src/ASF/sam0/drivers/usb/stack_interface/usb_device_udd.o (memcpy)
c:/program files (x86)/atmel/studio/7.0/toolchain/arm/arm-gnu-toolchain/bin/../lib/gcc/arm-none-eabi/6.3.1/../../../../arm-none-eabi/lib/thumb/v6-m\libc_nano.a(lib_a-memset.o)
                              c:/program files (x86)/atmel/studio/7.0/toolchain/arm/arm-gnu-toolchain/bin/../lib/gcc/arm-none-eabi/6.3.1/../../../../arm-none-eabi/lib/thumb/v6-m/crt0.o (memset)

Allocating common symbols
Common symbol       size              file

udd_ep_out_cache_buffer
                    0x40              src/ASF/sam0/drivers/usb/stack_interface/usb_device_udd.o
usb_descriptor_table
                    0x100             src/ASF/sam0/drivers/usb/usb_sam_d_r/usb.o
usb_device          0x168             src/ASF/sam0/drivers/usb/stack_interface/usb_device_udd.o
dummy_write         0x2               src/ASF/sam0/drivers/sercom/spi/spi_interrupt.o
_sercom_instances   0x10              src/ASF/sam0/drivers/sercom/sercom_interrupt.o
_extint_dev         0x40              src/ASF/sam0/drivers/extint/extint_sam_d_r_h/extint.o
udd_g_ctrlreq       0x18              src/ASF/sam0/drivers/usb/stack_interface/usb_device_udd.o
_current_channel    0x1               src/ASF/sam0/drivers/extint/extint_callback.o
sleepmgr_locks      0x5               src/ASF/common/services/sleepmgr/samd/sleepmgr.o
spi_master_instance
                    0x3c              src/main.o
slave               0x3               src/main.o
udd_ctrl_buffer     0x8               src/ASF/sam0/drivers/usb/stack_interface/usb_device_udd.o

Discarded input sections

 .text          0x00000000        0x0 c:/program files (x86)/atmel/studio/7.0/toolchain/arm/arm-gnu-toolchain/bin/../lib/gcc/arm-none-eabi/6.3.1/thumb/v6-m/crti.o
 .data          0x00000000        0x0 c:/program files (x86)/atmel/studio/7.0/toolchain/arm/arm-gnu-toolchain/bin/../lib/gcc/arm-none-eabi/6.3.1/thumb/v6-m/crti.o
 .bss           0x00000000        0x0 c:/program files (x86)/atmel/studio/7.0/toolchain/arm/arm-gnu-toolchain/bin/../lib/gcc/arm-none-eabi/6.3.1/thumb/v6-m/crti.o
[...]
Memory Configuration

Name             Origin             Length             Attributes
rom              0x00000000         0x00040000         xr
ram              0x20000000         0x00008000         xrw
*default*        0x00000000         0xffffffff

Linker script and memory map

LOAD c:/program files (x86)/atmel/studio/7.0/toolchain/arm/arm-gnu-toolchain/bin/../lib/gcc/arm-none-eabi/6.3.1/thumb/v6-m/crti.o
LOAD c:/program files (x86)/atmel/studio/7.0/toolchain/arm/arm-gnu-toolchain/bin/../lib/gcc/arm-none-eabi/6.3.1/thumb/v6-m/crtbegin.o
LOAD c:/program files (x86)/atmel/studio/7.0/toolchain/arm/arm-gnu-toolchain/bin/../lib/gcc/arm-none-eabi/6.3.1/../../../../arm-none-eabi/lib/thumb/v6-m/crt0.o
LOAD src/ASF/common/services/usb/class/hid/device/kbd/example/samd21j18a_samd21_xplained_pro/ui.o
LOAD src/ASF/common/services/sleepmgr/samd/sleepmgr.o
LOAD src/ASF/common/services/usb/class/hid/device/kbd/udi_hid_kbd.o
LOAD src/ASF/common/services/usb/class/hid/device/kbd/udi_hid_kbd_desc.o
LOAD src/ASF/common/services/usb/class/hid/device/udi_hid.o
LOAD src/ASF/common/services/usb/udc/udc.o
LOAD src/ASF/common/utils/interrupt/interrupt_sam_nvic.o
LOAD src/ASF/sam0/boards/samd21_xplained_pro/board_init.o
LOAD src/ASF/sam0/drivers/extint/extint_callback.o
LOAD src/ASF/sam0/drivers/extint/extint_sam_d_r_h/extint.o
LOAD src/ASF/sam0/drivers/port/port.o
LOAD src/ASF/sam0/drivers/sercom/sercom.o
LOAD src/ASF/sam0/drivers/sercom/sercom_interrupt.o
LOAD src/ASF/sam0/drivers/sercom/spi/spi.o
LOAD src/ASF/sam0/drivers/sercom/spi/spi_interrupt.o
LOAD src/ASF/sam0/drivers/system/clock/clock_samd21_r21_da_ha1/clock.o
LOAD src/ASF/sam0/drivers/system/clock/clock_samd21_r21_da_ha1/gclk.o
LOAD src/ASF/sam0/drivers/system/interrupt/system_interrupt.o
LOAD src/ASF/sam0/drivers/system/pinmux/pinmux.o
LOAD src/ASF/sam0/drivers/system/system.o
LOAD src/ASF/sam0/drivers/usb/stack_interface/usb_device_udd.o
LOAD src/ASF/sam0/drivers/usb/stack_interface/usb_dual.o
LOAD src/ASF/sam0/drivers/usb/usb_sam_d_r/usb.o
LOAD src/ASF/sam0/utils/cmsis/samd21/source/gcc/startup_samd21.o
LOAD src/ASF/sam0/utils/cmsis/samd21/source/system_samd21.o
LOAD src/ASF/sam0/utils/syscalls/gcc/syscalls.o
LOAD src/main.o
START GROUP
LOAD ../src/ASF/thirdparty/CMSIS/Lib/GCC\libarm_cortexM0l_math.a
LOAD c:/program files (x86)/atmel/studio/7.0/toolchain/arm/arm-gnu-toolchain/bin/../lib/gcc/arm-none-eabi/6.3.1/../../../../arm-none-eabi/lib/thumb/v6-m\libm.a
END GROUP
START GROUP
LOAD c:/program files (x86)/atmel/studio/7.0/toolchain/arm/arm-gnu-toolchain/bin/../lib/gcc/arm-none-eabi/6.3.1/thumb/v6-m\libgcc.a
LOAD c:/program files (x86)/atmel/studio/7.0/toolchain/arm/arm-gnu-toolchain/bin/../lib/gcc/arm-none-eabi/6.3.1/../../../../arm-none-eabi/lib/thumb/v6-m\libc_nano.a
END GROUP
START GROUP
LOAD c:/program files (x86)/atmel/studio/7.0/toolchain/arm/arm-gnu-toolchain/bin/../lib/gcc/arm-none-eabi/6.3.1/thumb/v6-m\libgcc.a
LOAD c:/program files (x86)/atmel/studio/7.0/toolchain/arm/arm-gnu-toolchain/bin/../lib/gcc/arm-none-eabi/6.3.1/../../../../arm-none-eabi/lib/thumb/v6-m\libc_nano.a
END GROUP
LOAD c:/program files (x86)/atmel/studio/7.0/toolchain/arm/arm-gnu-toolchain/bin/../lib/gcc/arm-none-eabi/6.3.1/thumb/v6-m/crtend.o
LOAD c:/program files (x86)/atmel/studio/7.0/toolchain/arm/arm-gnu-toolchain/bin/../lib/gcc/arm-none-eabi/6.3.1/thumb/v6-m/crtn.o
                0x00002000                STACK_SIZE = DEFINED (STACK_SIZE)?STACK_SIZE:DEFINED (__stack_size__)?__stack_size__:0x2000

.text           0x00000000     0x3f84
                0x00000000                . = ALIGN (0x4)
                0x00000000                _sfixed = .
 *(.vectors .vectors.*)
 .vectors       0x00000000       0xb4 src/ASF/sam0/utils/cmsis/samd21/source/gcc/startup_samd21.o
                0x00000000                exception_table
 *(.text .text.* .gnu.linkonce.t.*)
 .text          0x000000b4       0x60 c:/program files (x86)/atmel/studio/7.0/toolchain/arm/arm-gnu-toolchain/bin/../lib/gcc/arm-none-eabi/6.3.1/thumb/v6-m/crtbegin.o
 .text.ui_init  0x00000114       0x2c src/ASF/common/services/usb/class/hid/device/kbd/example/samd21j18a_samd21_xplained_pro/ui.o
                0x00000114                ui_init
 .text.ui_powerdown
                0x00000140        0x2 src/ASF/common/services/usb/class/hid/device/kbd/example/samd21j18a_samd21_xplained_pro/ui.o
                0x00000140                ui_powerdown
 .text.ui_wakeup_enable
                0x00000142        0x2 src/ASF/common/services/usb/class/hid/device/kbd/example/samd21j18a_samd21_xplained_pro/ui.o
                0x00000142                ui_wakeup_enable
 .text.ui_wakeup_disable
                0x00000144        0x2 src/ASF/common/services/usb/class/hid/device/kbd/example/samd21j18a_samd21_xplained_pro/ui.o
                0x00000144                ui_wakeup_disable
 .text.ui_wakeup
                0x00000146        0x2 src/ASF/common/services/usb/class/hid/device/kbd/example/samd21j18a_samd21_xplained_pro/ui.o
                0x00000146                ui_wakeup
 .text.ui_process
                0x00000148       0xb8 src/ASF/common/services/usb/class/hid/device/kbd/example/samd21j18a_samd21_xplained_pro/ui.o
                0x00000148                ui_process
 .text.ui_kbd_led
                0x00000200        0x2 src/ASF/common/services/usb/class/hid/device/kbd/example/samd21j18a_samd21_xplained_pro/ui.o
                0x00000200                ui_kbd_led
 .text.udi_hid_kbd_getsetting
                0x00000202        0x4 src/ASF/common/services/usb/class/hid/device/kbd/udi_hid_kbd.o
                0x00000202                udi_hid_kbd_getsetting
 *fill*         0x00000206        0x2 
 .text.udi_hid_kbd_setreport
                0x00000208       0x3c src/ASF/common/services/usb/class/hid/device/kbd/udi_hid_kbd.o
 .text.udi_hid_kbd_enable
                0x00000244       0x40 src/ASF/common/services/usb/class/hid/device/kbd/udi_hid_kbd.o
                0x00000244                udi_hid_kbd_enable
 .text.udi_hid_kbd_disable
                0x00000284        0xc src/ASF/common/services/usb/class/hid/device/kbd/udi_hid_kbd.o
                0x00000284                udi_hid_kbd_disable
 .text.udi_hid_kbd_setup
                0x00000290       0x24 src/ASF/common/services/usb/class/hid/device/kbd/udi_hid_kbd.o
                0x00000290                udi_hid_kbd_setup
 .text.udi_hid_kbd_setreport_valid
                0x000002b4       0x14 src/ASF/common/services/usb/class/hid/device/kbd/udi_hid_kbd.o
 .text.udi_hid_kbd_send_report
                0x000002c8       0x4c src/ASF/common/services/usb/class/hid/device/kbd/udi_hid_kbd.o
 .text.udi_hid_kbd_report_sent
                0x00000314       0x24 src/ASF/common/services/usb/class/hid/device/kbd/udi_hid_kbd.o
 .text.udi_hid_kbd_up
                0x00000338       0xc0 src/ASF/common/services/usb/class/hid/device/kbd/udi_hid_kbd.o
                0x00000338                udi_hid_kbd_up
 .text.udi_hid_kbd_down
                0x000003f8       0xa4 src/ASF/common/services/usb/class/hid/device/kbd/udi_hid_kbd.o
                0x000003f8                udi_hid_kbd_down
 .text.udi_hid_setup
                0x0000049c       0xfc src/ASF/common/services/usb/class/hid/device/udi_hid.o
                0x0000049c                udi_hid_setup
 .text.udc_next_desc_in_iface
                0x00000598       0x4c src/ASF/common/services/usb/udc/udc.o
 .text.udc_valid_address
                0x000005e4       0x18 src/ASF/common/services/usb/udc/udc.o
 .text.udc_update_iface_desc
                0x000005fc       0x74 src/ASF/common/services/usb/udc/udc.o
 .text.udc_iface_disable
                0x00000670       0x6c src/ASF/common/services/usb/udc/udc.o
 .text.udc_iface_enable
                0x000006dc       0x58 src/ASF/common/services/usb/udc/udc.o
 .text.udc_get_interface_desc
                0x00000734        0xc src/ASF/common/services/usb/udc/udc.o
                0x00000734                udc_get_interface_desc
 .text.udc_start
                0x00000740        0xc src/ASF/common/services/usb/udc/udc.o
                0x00000740                udc_start
 .text.udc_reset
                0x0000074c       0x60 src/ASF/common/services/usb/udc/udc.o
                0x0000074c                udc_reset
 .text.udc_sof_notify
                0x000007ac       0x44 src/ASF/common/services/usb/udc/udc.o
                0x000007ac                udc_sof_notify
 .text.udc_process_setup
                0x000007f0      0x470 src/ASF/common/services/usb/udc/udc.o
                0x000007f0                udc_process_setup
 .text.cpu_irq_enter_critical
                0x00000c60       0x40 src/ASF/common/utils/interrupt/interrupt_sam_nvic.o
                0x00000c60                cpu_irq_enter_critical
 .text.cpu_irq_leave_critical
                0x00000ca0       0x30 src/ASF/common/utils/interrupt/interrupt_sam_nvic.o
                0x00000ca0                cpu_irq_leave_critical
 .text.system_board_init
                0x00000cd0       0x38 src/ASF/sam0/boards/samd21_xplained_pro/board_init.o
                0x00000cd0                board_init
                0x00000cd0                system_board_init
 .text.EIC_Handler
                0x00000d08       0x54 src/ASF/sam0/drivers/extint/extint_callback.o
                0x00000d08                EIC_Handler
 .text._extint_enable
                0x00000d5c       0x18 src/ASF/sam0/drivers/extint/extint_sam_d_r_h/extint.o
 .text._system_extint_init
                0x00000d74       0x6c src/ASF/sam0/drivers/extint/extint_sam_d_r_h/extint.o
                0x00000d74                _system_extint_init
 .text.port_pin_set_config
                0x00000de0       0x24 src/ASF/sam0/drivers/port/port.o
                0x00000de0                port_pin_set_config
 .text._sercom_get_sync_baud_val
                0x00000e04       0x28 src/ASF/sam0/drivers/sercom/sercom.o
                0x00000e04                _sercom_get_sync_baud_val
 .text.sercom_set_gclk_generator
                0x00000e2c       0x4c src/ASF/sam0/drivers/sercom/sercom.o
                0x00000e2c                sercom_set_gclk_generator
 .text._sercom_get_default_pad
                0x00000e78       0xfc src/ASF/sam0/drivers/sercom/sercom.o
                0x00000e78                _sercom_get_default_pad
 .text._sercom_get_sercom_inst_index
                0x00000f74       0x48 src/ASF/sam0/drivers/sercom/sercom.o
                0x00000f74                _sercom_get_sercom_inst_index
 .text._sercom_default_handler
                0x00000fbc        0x2 src/ASF/sam0/drivers/sercom/sercom_interrupt.o
 *fill*         0x00000fbe        0x2 
 .text._sercom_set_handler
                0x00000fc0       0x40 src/ASF/sam0/drivers/sercom/sercom_interrupt.o
                0x00000fc0                _sercom_set_handler
 .text._sercom_get_interrupt_vector
                0x00001000       0x24 src/ASF/sam0/drivers/sercom/sercom_interrupt.o
                0x00001000                _sercom_get_interrupt_vector
 .text.SERCOM0_Handler
                0x00001024       0x10 src/ASF/sam0/drivers/sercom/sercom_interrupt.o
                0x00001024                SERCOM0_Handler
 .text.SERCOM1_Handler
                0x00001034       0x10 src/ASF/sam0/drivers/sercom/sercom_interrupt.o
                0x00001034                SERCOM1_Handler
 .text.SERCOM2_Handler
                0x00001044       0x10 src/ASF/sam0/drivers/sercom/sercom_interrupt.o
                0x00001044                SERCOM2_Handler
 .text.SERCOM3_Handler
                0x00001054       0x10 src/ASF/sam0/drivers/sercom/sercom_interrupt.o
                0x00001054                SERCOM3_Handler
 .text.spi_init
                0x00001064      0x1d8 src/ASF/sam0/drivers/sercom/spi/spi.o
                0x00001064                spi_init
 .text.spi_register_callback
                0x0000123c       0x18 src/ASF/sam0/drivers/sercom/spi/spi_interrupt.o
                0x0000123c                spi_register_callback
 .text.spi_transceive_buffer_job
                0x00001254       0x38 src/ASF/sam0/drivers/sercom/spi/spi_interrupt.o
                0x00001254                spi_transceive_buffer_job
 .text._spi_interrupt_handler
                0x0000128c      0x1d0 src/ASF/sam0/drivers/sercom/spi/spi_interrupt.o
                0x0000128c                _spi_interrupt_handler
 .text.system_clock_source_get_hz
                0x0000145c       0x94 src/ASF/sam0/drivers/system/clock/clock_samd21_r21_da_ha1/clock.o
                0x0000145c                system_clock_source_get_hz
 .text.system_clock_source_osc8m_set_config
                0x000014f0       0x3c src/ASF/sam0/drivers/system/clock/clock_samd21_r21_da_ha1/clock.o
                0x000014f0                system_clock_source_osc8m_set_config
 .text.system_clock_source_dfll_set_config
                0x0000152c       0x80 src/ASF/sam0/drivers/system/clock/clock_samd21_r21_da_ha1/clock.o
                0x0000152c                system_clock_source_dfll_set_config
 .text.system_clock_source_enable
                0x000015ac       0xa8 src/ASF/sam0/drivers/system/clock/clock_samd21_r21_da_ha1/clock.o
                0x000015ac                system_clock_source_enable
 .text.system_clock_init
                0x00001654      0x100 src/ASF/sam0/drivers/system/clock/clock_samd21_r21_da_ha1/clock.o
                0x00001654                system_clock_init
 .text.system_gclk_init
                0x00001754       0x24 src/ASF/sam0/drivers/system/clock/clock_samd21_r21_da_ha1/gclk.o
                0x00001754                system_gclk_init
 .text.system_gclk_gen_set_config
                0x00001778       0xb8 src/ASF/sam0/drivers/system/clock/clock_samd21_r21_da_ha1/gclk.o
                0x00001778                system_gclk_gen_set_config
 .text.system_gclk_gen_enable
                0x00001830       0x44 src/ASF/sam0/drivers/system/clock/clock_samd21_r21_da_ha1/gclk.o
                0x00001830                system_gclk_gen_enable
 .text.system_gclk_gen_get_hz
                0x00001874       0x8c src/ASF/sam0/drivers/system/clock/clock_samd21_r21_da_ha1/gclk.o
                0x00001874                system_gclk_gen_get_hz
 .text.system_gclk_chan_enable
                0x00001900       0x30 src/ASF/sam0/drivers/system/clock/clock_samd21_r21_da_ha1/gclk.o
                0x00001900                system_gclk_chan_enable
 .text.system_gclk_chan_disable
                0x00001930       0x5c src/ASF/sam0/drivers/system/clock/clock_samd21_r21_da_ha1/gclk.o
                0x00001930                system_gclk_chan_disable
 .text.system_gclk_chan_set_config
                0x0000198c       0x1c src/ASF/sam0/drivers/system/clock/clock_samd21_r21_da_ha1/gclk.o
                0x0000198c                system_gclk_chan_set_config
 .text.system_gclk_chan_get_hz
                0x000019a8       0x34 src/ASF/sam0/drivers/system/clock/clock_samd21_r21_da_ha1/gclk.o
                0x000019a8                system_gclk_chan_get_hz
 .text._system_pinmux_config
                0x000019dc       0xa8 src/ASF/sam0/drivers/system/pinmux/pinmux.o
 .text.system_pinmux_pin_set_config
                0x00001a84       0x30 src/ASF/sam0/drivers/system/pinmux/pinmux.o
                0x00001a84                system_pinmux_pin_set_config
 .text._system_dummy_init
                0x00001ab4        0x2 src/ASF/sam0/drivers/system/system.o
                0x00001ab4                _system_events_init
                0x00001ab4                _system_dummy_init
                0x00001ab4                _system_divas_init
 *fill*         0x00001ab6        0x2 
 .text.system_init
                0x00001ab8       0x2c src/ASF/sam0/drivers/system/system.o
                0x00001ab8                system_init
 .text.udd_sleep_mode
                0x00001ae4       0xc0 src/ASF/sam0/drivers/usb/stack_interface/usb_device_udd.o
 .text.udd_ep_get_job
                0x00001ba4       0x24 src/ASF/sam0/drivers/usb/stack_interface/usb_device_udd.o
 .text.udd_ep_transfer_process
                0x00001bc8      0x1b4 src/ASF/sam0/drivers/usb/stack_interface/usb_device_udd.o
 .text.udd_ctrl_stall_data
                0x00001d7c       0x2c src/ASF/sam0/drivers/usb/stack_interface/usb_device_udd.o
 .text._usb_device_lpm_suspend
                0x00001da8       0x34 src/ASF/sam0/drivers/usb/stack_interface/usb_device_udd.o
 .text._usb_on_wakeup
                0x00001ddc       0x70 src/ASF/sam0/drivers/usb/stack_interface/usb_device_udd.o
 .text._usb_on_bus_reset
                0x00001e4c       0xb0 src/ASF/sam0/drivers/usb/stack_interface/usb_device_udd.o
 .text.udd_ctrl_send_zlp_in
                0x00001efc       0x3c src/ASF/sam0/drivers/usb/stack_interface/usb_device_udd.o
 .text._usb_ep0_on_tansfer_fail
                0x00001f38       0x54 src/ASF/sam0/drivers/usb/stack_interface/usb_device_udd.o
 .text.udd_ctrl_in_sent
                0x00001f8c       0xa8 src/ASF/sam0/drivers/usb/stack_interface/usb_device_udd.o
 .text._usb_ep0_on_setup
                0x00002034       0xe4 src/ASF/sam0/drivers/usb/stack_interface/usb_device_udd.o
 .text._usb_on_sof_notify
                0x00002118       0x14 src/ASF/sam0/drivers/usb/stack_interface/usb_device_udd.o
 .text._usb_on_suspend
                0x0000212c       0x34 src/ASF/sam0/drivers/usb/stack_interface/usb_device_udd.o
 .text.udd_ep_abort
                0x00002160       0x3c src/ASF/sam0/drivers/usb/stack_interface/usb_device_udd.o
                0x00002160                udd_ep_abort
 .text.udd_get_frame_number
                0x0000219c       0x10 src/ASF/sam0/drivers/usb/stack_interface/usb_device_udd.o
                0x0000219c                udd_get_frame_number
 .text.udd_ep_free
                0x000021ac       0x58 src/ASF/sam0/drivers/usb/stack_interface/usb_device_udd.o
                0x000021ac                udd_ep_free
 .text.udd_ep_alloc
                0x00002204      0x108 src/ASF/sam0/drivers/usb/stack_interface/usb_device_udd.o
                0x00002204                udd_ep_alloc
 .text.udd_ep_is_halted
                0x0000230c       0x14 src/ASF/sam0/drivers/usb/stack_interface/usb_device_udd.o
                0x0000230c                udd_ep_is_halted
 .text.udd_ep_set_halt
                0x00002320       0x30 src/ASF/sam0/drivers/usb/stack_interface/usb_device_udd.o
                0x00002320                udd_ep_set_halt
 .text._usb_ep0_on_tansfer_ok
                0x00002350      0x100 src/ASF/sam0/drivers/usb/stack_interface/usb_device_udd.o
 .text.udd_ep_clear_halt
                0x00002450       0x44 src/ASF/sam0/drivers/usb/stack_interface/usb_device_udd.o
                0x00002450                udd_ep_clear_halt
 .text.udd_ep_run
                0x00002494      0x1d8 src/ASF/sam0/drivers/usb/stack_interface/usb_device_udd.o
                0x00002494                udd_ep_run
 .text.udd_set_address
                0x0000266c       0x10 src/ASF/sam0/drivers/usb/stack_interface/usb_device_udd.o
                0x0000266c                udd_set_address
 .text.udd_getaddress
                0x0000267c       0x10 src/ASF/sam0/drivers/usb/stack_interface/usb_device_udd.o
                0x0000267c                udd_getaddress
 .text.udd_set_setup_payload
                0x0000268c        0xc src/ASF/sam0/drivers/usb/stack_interface/usb_device_udd.o
                0x0000268c                udd_set_setup_payload
 .text.udd_attach
                0x00002698       0x84 src/ASF/sam0/drivers/usb/stack_interface/usb_device_udd.o
                0x00002698                udd_attach
 .text.udd_enable
                0x0000271c       0x9c src/ASF/sam0/drivers/usb/stack_interface/usb_device_udd.o
                0x0000271c                udd_enable
 .text.usb_device_register_callback
                0x000027b8       0x24 src/ASF/sam0/drivers/usb/usb_sam_d_r/usb.o
                0x000027b8                usb_device_register_callback
 .text.usb_device_enable_callback
                0x000027dc       0x20 src/ASF/sam0/drivers/usb/usb_sam_d_r/usb.o
                0x000027dc                usb_device_enable_callback
 .text.usb_device_disable_callback
                0x000027fc       0x1c src/ASF/sam0/drivers/usb/usb_sam_d_r/usb.o
                0x000027fc                usb_device_disable_callback
 .text.usb_device_endpoint_register_callback
                0x00002818       0x28 src/ASF/sam0/drivers/usb/usb_sam_d_r/usb.o
                0x00002818                usb_device_endpoint_register_callback
 .text.usb_device_endpoint_unregister_callback
                0x00002840       0x28 src/ASF/sam0/drivers/usb/usb_sam_d_r/usb.o
                0x00002840                usb_device_endpoint_unregister_callback
 .text.usb_device_endpoint_enable_callback
                0x00002868       0xd0 src/ASF/sam0/drivers/usb/usb_sam_d_r/usb.o
                0x00002868                usb_device_endpoint_enable_callback
 .text.usb_device_endpoint_disable_callback
                0x00002938       0xd0 src/ASF/sam0/drivers/usb/usb_sam_d_r/usb.o
                0x00002938                usb_device_endpoint_disable_callback
 .text.usb_device_endpoint_get_config_defaults
                0x00002a08        0xe src/ASF/sam0/drivers/usb/usb_sam_d_r/usb.o
                0x00002a08                usb_device_endpoint_get_config_defaults
 *fill*         0x00002a16        0x2 
 .text.usb_device_endpoint_set_config
                0x00002a18      0x244 src/ASF/sam0/drivers/usb/usb_sam_d_r/usb.o
                0x00002a18                usb_device_endpoint_set_config
 .text.usb_device_endpoint_abort_job
                0x00002c5c       0x36 src/ASF/sam0/drivers/usb/usb_sam_d_r/usb.o
                0x00002c5c                usb_device_endpoint_abort_job
 .text.usb_device_endpoint_is_halted
                0x00002c92       0x2a src/ASF/sam0/drivers/usb/usb_sam_d_r/usb.o
                0x00002c92                usb_device_endpoint_is_halted
 .text.usb_device_endpoint_set_halt
                0x00002cbc       0x26 src/ASF/sam0/drivers/usb/usb_sam_d_r/usb.o
                0x00002cbc                usb_device_endpoint_set_halt
 .text.usb_device_endpoint_clear_halt
                0x00002ce2       0x84 src/ASF/sam0/drivers/usb/usb_sam_d_r/usb.o
                0x00002ce2                usb_device_endpoint_clear_halt
 *fill*         0x00002d66        0x2 
 .text.usb_device_endpoint_write_buffer_job
                0x00002d68       0x54 src/ASF/sam0/drivers/usb/usb_sam_d_r/usb.o
                0x00002d68                usb_device_endpoint_write_buffer_job
 .text.usb_device_endpoint_read_buffer_job
                0x00002dbc       0x50 src/ASF/sam0/drivers/usb/usb_sam_d_r/usb.o
                0x00002dbc                usb_device_endpoint_read_buffer_job
 .text.usb_device_endpoint_setup_buffer_job
                0x00002e0c       0x30 src/ASF/sam0/drivers/usb/usb_sam_d_r/usb.o
                0x00002e0c                usb_device_endpoint_setup_buffer_job
 .text.usb_enable
                0x00002e3c       0x14 src/ASF/sam0/drivers/usb/usb_sam_d_r/usb.o
                0x00002e3c                usb_enable
 .text.USB_Handler
                0x00002e50      0x6e0 src/ASF/sam0/drivers/usb/usb_sam_d_r/usb.o
                0x00002e50                USB_Handler
 .text.usb_get_config_defaults
                0x00003530        0xe src/ASF/sam0/drivers/usb/usb_sam_d_r/usb.o
                0x00003530                usb_get_config_defaults
 *fill*         0x0000353e        0x2 
 .text.usb_init
                0x00003540      0x200 src/ASF/sam0/drivers/usb/usb_sam_d_r/usb.o
                0x00003540                usb_init
 .text.Dummy_Handler
                0x00003740        0x2 src/ASF/sam0/utils/cmsis/samd21/source/gcc/startup_samd21.o
                0x00003740                DMAC_Handler
                0x00003740                HardFault_Handler
                0x00003740                AC_Handler
                0x00003740                SysTick_Handler
                0x00003740                PendSV_Handler
                0x00003740                NMI_Handler
                0x00003740                ADC_Handler
                0x00003740                TCC1_Handler
                0x00003740                TCC0_Handler
                0x00003740                RTC_Handler
                0x00003740                WDT_Handler
                0x00003740                TC4_Handler
                0x00003740                TC3_Handler
                0x00003740                Dummy_Handler
                0x00003740                PM_Handler
                0x00003740                SVC_Handler
                0x00003740                TCC2_Handler
                0x00003740                EVSYS_Handler
                0x00003740                I2S_Handler
                0x00003740                NVMCTRL_Handler
                0x00003740                DAC_Handler
                0x00003740                PTC_Handler
                0x00003740                TC5_Handler
                0x00003740                SYSCTRL_Handler
 *fill*         0x00003742        0x2 
 .text.Reset_Handler
                0x00003744       0xe4 src/ASF/sam0/utils/cmsis/samd21/source/gcc/startup_samd21.o
                0x00003744                Reset_Handler
 .text.callback_spi_master
                0x00003828        0xc src/main.o
 .text.configure_spi_master_callbacks
                0x00003834       0x28 src/main.o
                0x00003834                configure_spi_master_callbacks
 .text.configure_spi_master
                0x0000385c       0xe4 src/main.o
                0x0000385c                configure_spi_master
 .text.setLED   0x00003940       0x50 src/main.o
                0x00003940                setLED
 .text.clearLEDs
                0x00003990       0x34 src/main.o
                0x00003990                clearLEDs
 .text.main     0x000039c4      0x118 src/main.o
                0x000039c4                main
 .text.main_suspend_action
                0x00003adc        0xc src/main.o
                0x00003adc                main_suspend_action
 .text.main_resume_action
                0x00003ae8        0xc src/main.o
                0x00003ae8                main_resume_action
 .text.main_sof_action
                0x00003af4       0x24 src/main.o
                0x00003af4                main_sof_action
 .text.main_remotewakeup_enable
                0x00003b18        0xc src/main.o
                0x00003b18                main_remotewakeup_enable
 .text.main_remotewakeup_disable
                0x00003b24        0xc src/main.o
                0x00003b24                main_remotewakeup_disable
 .text.main_kbd_enable
                0x00003b30       0x10 src/main.o
                0x00003b30                main_kbd_enable
 .text.main_kbd_disable
                0x00003b40        0xc src/main.o
                0x00003b40                main_kbd_disable
 .text          0x00003b4c      0x114 c:/program files (x86)/atmel/studio/7.0/toolchain/arm/arm-gnu-toolchain/bin/../lib/gcc/arm-none-eabi/6.3.1/thumb/v6-m\libgcc.a(_udivsi3.o)
                0x00003b4c                __aeabi_uidiv
                0x00003b4c                __udivsi3
                0x00003c58                __aeabi_uidivmod
 .text          0x00003c60      0x1d4 c:/program files (x86)/atmel/studio/7.0/toolchain/arm/arm-gnu-toolchain/bin/../lib/gcc/arm-none-eabi/6.3.1/thumb/v6-m\libgcc.a(_divsi3.o)
                0x00003c60                __divsi3
                0x00003c60                __aeabi_idiv
                0x00003e2c                __aeabi_idivmod
 .text          0x00003e34        0x4 c:/program files (x86)/atmel/studio/7.0/toolchain/arm/arm-gnu-toolchain/bin/../lib/gcc/arm-none-eabi/6.3.1/thumb/v6-m\libgcc.a(_dvmd_tls.o)
                0x00003e34                __aeabi_idiv0
                0x00003e34                __aeabi_ldiv0
 .text          0x00003e38       0x40 c:/program files (x86)/atmel/studio/7.0/toolchain/arm/arm-gnu-toolchain/bin/../lib/gcc/arm-none-eabi/6.3.1/thumb/v6-m\libgcc.a(_ctzsi2.o)
                0x00003e38                __ctzsi2
 .text.__libc_init_array
                0x00003e78       0x48 c:/program files (x86)/atmel/studio/7.0/toolchain/arm/arm-gnu-toolchain/bin/../lib/gcc/arm-none-eabi/6.3.1/../../../../arm-none-eabi/lib/thumb/v6-m\libc_nano.a(lib_a-init.o)
                0x00003e78                __libc_init_array
 .text.memcpy   0x00003ec0       0x12 c:/program files (x86)/atmel/studio/7.0/toolchain/arm/arm-gnu-toolchain/bin/../lib/gcc/arm-none-eabi/6.3.1/../../../../arm-none-eabi/lib/thumb/v6-m\libc_nano.a(lib_a-memcpy-stub.o)
                0x00003ec0                memcpy
 .text.memset   0x00003ed2       0x10 c:/program files (x86)/atmel/studio/7.0/toolchain/arm/arm-gnu-toolchain/bin/../lib/gcc/arm-none-eabi/6.3.1/../../../../arm-none-eabi/lib/thumb/v6-m\libc_nano.a(lib_a-memset.o)
                0x00003ed2                memset
 *(.glue_7t)
 .glue_7t       0x00003ee2        0x0 linker stubs
 *(.glue_7)
 .glue_7        0x00003ee2        0x0 linker stubs
 *(.rodata .rodata* .gnu.linkonce.r.*)
 *fill*         0x00003ee2        0x2 
 .rodata        0x00003ee4       0x10 src/ASF/sam0/drivers/sercom/sercom.o
 .rodata.system_clock_source_get_hz
                0x00003ef4       0x24 src/ASF/sam0/drivers/system/clock/clock_samd21_r21_da_ha1/clock.o
 .rodata.system_clock_source_enable
                0x00003f18       0x24 src/ASF/sam0/drivers/system/clock/clock_samd21_r21_da_ha1/clock.o
 .rodata.usb_device_endpoint_set_config
                0x00003f3c       0x14 src/ASF/sam0/drivers/usb/usb_sam_d_r/usb.o
 .rodata._usb_device_irq_bits
                0x00003f50        0xe src/ASF/sam0/drivers/usb/usb_sam_d_r/usb.o
 *fill*         0x00003f5e        0x2 
 .rodata._usb_endpoint_irq_bits
                0x00003f60        0x4 src/ASF/sam0/drivers/usb/usb_sam_d_r/usb.o
 *(.ARM.extab* .gnu.linkonce.armextab.*)
                0x00003f64                . = ALIGN (0x4)
 *(.init)
 .init          0x00003f64        0x4 c:/program files (x86)/atmel/studio/7.0/toolchain/arm/arm-gnu-toolchain/bin/../lib/gcc/arm-none-eabi/6.3.1/thumb/v6-m/crti.o
                0x00003f64                _init
 .init          0x00003f68        0x8 c:/program files (x86)/atmel/studio/7.0/toolchain/arm/arm-gnu-toolchain/bin/../lib/gcc/arm-none-eabi/6.3.1/thumb/v6-m/crtn.o
                0x00003f70                . = ALIGN (0x4)
                0x00003f70                __preinit_array_start = .
 *(.preinit_array)
                0x00003f70                __preinit_array_end = .
                0x00003f70                . = ALIGN (0x4)
                0x00003f70                __init_array_start = .
 *(SORT(.init_array.*))
 *(.init_array)
 .init_array    0x00003f70        0x4 c:/program files (x86)/atmel/studio/7.0/toolchain/arm/arm-gnu-toolchain/bin/../lib/gcc/arm-none-eabi/6.3.1/thumb/v6-m/crtbegin.o
                0x00003f74                __init_array_end = .
                0x00003f74                . = ALIGN (0x4)
 *crtbegin.o(.ctors)
 *(EXCLUDE_FILE(*crtend.o) .ctors)
 *(SORT(.ctors.*))
 *crtend.o(.ctors)
                0x00003f74                . = ALIGN (0x4)
 *(.fini)
 .fini          0x00003f74        0x4 c:/program files (x86)/atmel/studio/7.0/toolchain/arm/arm-gnu-toolchain/bin/../lib/gcc/arm-none-eabi/6.3.1/thumb/v6-m/crti.o
                0x00003f74                _fini
 .fini          0x00003f78        0x8 c:/program files (x86)/atmel/studio/7.0/toolchain/arm/arm-gnu-toolchain/bin/../lib/gcc/arm-none-eabi/6.3.1/thumb/v6-m/crtn.o
                0x00003f80                . = ALIGN (0x4)
                0x00003f80                __fini_array_start = .
 *(.fini_array)
 .fini_array    0x00003f80        0x4 c:/program files (x86)/atmel/studio/7.0/toolchain/arm/arm-gnu-toolchain/bin/../lib/gcc/arm-none-eabi/6.3.1/thumb/v6-m/crtbegin.o
 *(SORT(.fini_array.*))
                0x00003f84                __fini_array_end = .
 *crtbegin.o(.dtors)
 *(EXCLUDE_FILE(*crtend.o) .dtors)
 *(SORT(.dtors.*))
 *crtend.o(.dtors)
                0x00003f84                . = ALIGN (0x4)
                0x00003f84                _efixed = .
                [!provide]                PROVIDE (__exidx_start, .)

.vfp11_veneer   0x00003f84        0x0
 .vfp11_veneer  0x00003f84        0x0 linker stubs

.v4_bx          0x00003f84        0x0
 .v4_bx         0x00003f84        0x0 linker stubs

.iplt           0x00003f84        0x0
 .iplt          0x00003f84        0x0 c:/program files (x86)/atmel/studio/7.0/toolchain/arm/arm-gnu-toolchain/bin/../lib/gcc/arm-none-eabi/6.3.1/thumb/v6-m/crtbegin.o

.eh_frame       0x00003f84        0x0
 .eh_frame      0x00003f84        0x0 c:/program files (x86)/atmel/studio/7.0/toolchain/arm/arm-gnu-toolchain/bin/../lib/gcc/arm-none-eabi/6.3.1/thumb/v6-m/crtbegin.o

.rel.dyn        0x00003f84        0x0
 .rel.iplt      0x00003f84        0x0 c:/program files (x86)/atmel/studio/7.0/toolchain/arm/arm-gnu-toolchain/bin/../lib/gcc/arm-none-eabi/6.3.1/thumb/v6-m/crtbegin.o

.jcr            0x00003f84        0x0
 .jcr           0x00003f84        0x0 c:/program files (x86)/atmel/studio/7.0/toolchain/arm/arm-gnu-toolchain/bin/../lib/gcc/arm-none-eabi/6.3.1/thumb/v6-m/crtbegin.o

.igot.plt       0x00003f84        0x0
 .igot.plt      0x00003f84        0x0 c:/program files (x86)/atmel/studio/7.0/toolchain/arm/arm-gnu-toolchain/bin/../lib/gcc/arm-none-eabi/6.3.1/thumb/v6-m/crtbegin.o

.ARM.exidx
 *(.ARM.exidx* .gnu.linkonce.armexidx.*)
                [!provide]                PROVIDE (__exidx_end, .)
                0x00003f84                . = ALIGN (0x4)
                0x00003f84                _etext = .

.relocate       0x20000000       0xfc load address 0x00003f84
                0x20000000                . = ALIGN (0x4)
                0x20000000                _srelocate = .
 *(.ramfunc .ramfunc.*)
 *(.data .data.*)
 .data.udi_api_hid_kbd
                0x20000000       0x14 src/ASF/common/services/usb/class/hid/device/kbd/udi_hid_kbd.o
                0x20000000                udi_api_hid_kbd
 .data.udi_hid_kbd_report_desc
                0x20000014       0x3b src/ASF/common/services/usb/class/hid/device/kbd/udi_hid_kbd.o
                0x20000014                udi_hid_kbd_report_desc
 *fill*         0x2000004f        0x1 
 .data.udc_config
                0x20000050        0xc src/ASF/common/services/usb/class/hid/device/kbd/udi_hid_kbd_desc.o
                0x20000050                udc_config
 .data.udc_config_fshs
                0x2000005c        0x8 src/ASF/common/services/usb/class/hid/device/kbd/udi_hid_kbd_desc.o
                0x2000005c                udc_config_fshs
 .data.udc_desc
                0x20000064       0x22 src/ASF/common/services/usb/class/hid/device/kbd/udi_hid_kbd_desc.o
                0x20000064                udc_desc
 *fill*         0x20000086        0x2 
 .data.udc_device_desc
                0x20000088       0x12 src/ASF/common/services/usb/class/hid/device/kbd/udi_hid_kbd_desc.o
                0x20000088                udc_device_desc
 *fill*         0x2000009a        0x2 
 .data.udi_apis
                0x2000009c        0x4 src/ASF/common/services/usb/class/hid/device/kbd/udi_hid_kbd_desc.o
                0x2000009c                udi_apis
 .data.udc_string_desc
                0x200000a0       0x1c src/ASF/common/services/usb/udc/udc.o
 .data.udc_string_desc_languageid
                0x200000bc        0x4 src/ASF/common/services/usb/udc/udc.o
 .data.udc_string_manufacturer_name
                0x200000c0        0x9 src/ASF/common/services/usb/udc/udc.o
 *fill*         0x200000c9        0x3 
 .data.udc_string_product_name
                0x200000cc        0xe src/ASF/common/services/usb/udc/udc.o
 .data.g_interrupt_enabled
                0x200000da        0x1 src/ASF/common/utils/interrupt/interrupt_sam_nvic.o
                0x200000da                g_interrupt_enabled
 .data.main_b_kbd_enable
                0x200000db        0x1 src/main.o
 .data.wr_buffer.13554
                0x200000dc       0x10 src/main.o
 .data.wr_buffer.13562
                0x200000ec       0x10 src/main.o
                0x200000fc                . = ALIGN (0x4)
                0x200000fc                _erelocate = .

.bss            0x200000fc      0x458 load address 0x00004080
                0x200000fc                . = ALIGN (0x4)
                0x200000fc                _sbss = .
                0x200000fc                _szero = .
 *(.bss .bss.*)
 .bss           0x200000fc       0x1c c:/program files (x86)/atmel/studio/7.0/toolchain/arm/arm-gnu-toolchain/bin/../lib/gcc/arm-none-eabi/6.3.1/thumb/v6-m/crtbegin.o
 .bss.btn_last_state.13548
                0x20000118        0x1 src/ASF/common/services/usb/class/hid/device/kbd/example/samd21j18a_samd21_xplained_pro/ui.o
 .bss.btn_last_state2.13550
                0x20000119        0x1 src/ASF/common/services/usb/class/hid/device/kbd/example/samd21j18a_samd21_xplained_pro/ui.o
 .bss.udi_hid_kbd_b_report_trans_ongoing
                0x2000011a        0x1 src/ASF/common/services/usb/class/hid/device/kbd/udi_hid_kbd.o
 .bss.udi_hid_kbd_b_report_valid
                0x2000011b        0x1 src/ASF/common/services/usb/class/hid/device/kbd/udi_hid_kbd.o
 .bss.udi_hid_kbd_protocol
                0x2000011c        0x1 src/ASF/common/services/usb/class/hid/device/kbd/udi_hid_kbd.o
 *fill*         0x2000011d        0x3 
 .bss.udi_hid_kbd_rate
                0x20000120        0x1 src/ASF/common/services/usb/class/hid/device/kbd/udi_hid_kbd.o
 *fill*         0x20000121        0x3 
 .bss.udi_hid_kbd_report
                0x20000124        0x8 src/ASF/common/services/usb/class/hid/device/kbd/udi_hid_kbd.o
 .bss.udi_hid_kbd_report_set
                0x2000012c        0x1 src/ASF/common/services/usb/class/hid/device/kbd/udi_hid_kbd.o
 *fill*         0x2000012d        0x3 
 .bss.udi_hid_kbd_report_trans
                0x20000130        0x8 src/ASF/common/services/usb/class/hid/device/kbd/udi_hid_kbd.o
 .bss.udc_device_status
                0x20000138        0x2 src/ASF/common/services/usb/udc/udc.o
 .bss.udc_ep_status.12106
                0x2000013a        0x2 src/ASF/common/services/usb/udc/udc.o
 .bss.udc_iface_setting
                0x2000013c        0x1 src/ASF/common/services/usb/udc/udc.o
 *fill*         0x2000013d        0x3 
 .bss.udc_num_configuration
                0x20000140        0x1 src/ASF/common/services/usb/udc/udc.o
 *fill*         0x20000141        0x3 
 .bss.udc_ptr_conf
                0x20000144        0x4 src/ASF/common/services/usb/udc/udc.o
 .bss.udc_ptr_iface
                0x20000148        0x4 src/ASF/common/services/usb/udc/udc.o
 .bss.cpu_irq_critical_section_counter
                0x2000014c        0x4 src/ASF/common/utils/interrupt/interrupt_sam_nvic.o
 .bss.cpu_irq_prev_interrupt_state
                0x20000150        0x1 src/ASF/common/utils/interrupt/interrupt_sam_nvic.o
 *fill*         0x20000151        0x3 
 .bss._sercom_config
                0x20000154        0x2 src/ASF/sam0/drivers/sercom/sercom.o
 .bss._handler_table_initialized
                0x20000156        0x1 src/ASF/sam0/drivers/sercom/sercom_interrupt.o
 *fill*         0x20000157        0x1 
 .bss._sercom_interrupt_handlers
                0x20000158       0x10 src/ASF/sam0/drivers/sercom/sercom_interrupt.o
 .bss._system_clock_inst
                0x20000168       0x18 src/ASF/sam0/drivers/system/clock/clock_samd21_r21_da_ha1/clock.o
 .bss.b_shortpacket.13386
                0x20000180        0x1 src/ASF/sam0/drivers/usb/stack_interface/usb_device_udd.o
 *fill*         0x20000181        0x1 
 .bss.udd_ctrl_payload_nb_trans
                0x20000182        0x2 src/ASF/sam0/drivers/usb/stack_interface/usb_device_udd.o
 .bss.udd_ctrl_prev_payload_nb_trans
                0x20000184        0x2 src/ASF/sam0/drivers/usb/stack_interface/usb_device_udd.o
 .bss.udd_ep_control_state
                0x20000186        0x1 src/ASF/sam0/drivers/usb/stack_interface/usb_device_udd.o
 *fill*         0x20000187        0x1 
 .bss.udd_ep_job
                0x20000188       0x28 src/ASF/sam0/drivers/usb/stack_interface/usb_device_udd.o
 .bss.udd_state.13243
                0x200001b0        0x1 src/ASF/sam0/drivers/usb/stack_interface/usb_device_udd.o
 *fill*         0x200001b1        0x3 
 .bss._usb_instances
                0x200001b4        0x4 src/ASF/sam0/drivers/usb/usb_sam_d_r/usb.o
 .bss.device_callback_lpm_wakeup_enable
                0x200001b8        0x4 src/ASF/sam0/drivers/usb/usb_sam_d_r/usb.o
 .bss.ep_callback_para
                0x200001bc        0x8 src/ASF/sam0/drivers/usb/usb_sam_d_r/usb.o
 .bss.host_pipe_job_busy_status
                0x200001c4        0x4 src/ASF/sam0/drivers/usb/usb_sam_d_r/usb.o
                0x200001c4                host_pipe_job_busy_status
 .bss.pipe_callback_para
                0x200001c8        0x6 src/ASF/sam0/drivers/usb/usb_sam_d_r/usb.o
 .bss.is_transferring
                0x200001ce        0x1 src/main.o
                0x200001ce                is_transferring
 *fill*         0x200001cf        0x1 
 .bss.rd_buffer.13555
                0x200001d0       0x10 src/main.o
 .bss.rd_buffer.13563
                0x200001e0       0x10 src/main.o
 *(COMMON)
 COMMON         0x200001f0        0x5 src/ASF/common/services/sleepmgr/samd/sleepmgr.o
                0x200001f0                sleepmgr_locks
 COMMON         0x200001f5        0x1 src/ASF/sam0/drivers/extint/extint_callback.o
                0x200001f5                _current_channel
 *fill*         0x200001f6        0x2 
 COMMON         0x200001f8       0x40 src/ASF/sam0/drivers/extint/extint_sam_d_r_h/extint.o
                0x200001f8                _extint_dev
 COMMON         0x20000238       0x10 src/ASF/sam0/drivers/sercom/sercom_interrupt.o
                0x20000238                _sercom_instances
 COMMON         0x20000248        0x2 src/ASF/sam0/drivers/sercom/spi/spi_interrupt.o
                0x20000248                dummy_write
 *fill*         0x2000024a        0x2 
 COMMON         0x2000024c      0x1c8 src/ASF/sam0/drivers/usb/stack_interface/usb_device_udd.o
                0x2000024c                udd_ep_out_cache_buffer
                0x2000028c                usb_device
                0x200003f4                udd_g_ctrlreq
                0x2000040c                udd_ctrl_buffer
 COMMON         0x20000414      0x100 src/ASF/sam0/drivers/usb/usb_sam_d_r/usb.o
                0x20000414                usb_descriptor_table
 COMMON         0x20000514       0x3f src/main.o
                0x20000514                spi_master_instance
                0x20000550                slave
                0x20000554                . = ALIGN (0x4)
 *fill*         0x20000553        0x1 
                0x20000554                _ebss = .
                0x20000554                _ezero = .

.stack          0x20000554     0x2004 load address 0x000044d8
                0x20000558                . = ALIGN (0x8)
 *fill*         0x20000554        0x4 
                0x20000558                _sstack = .
                0x20002558                . = (. + STACK_SIZE)
 *fill*         0x20000558     0x2000 
                0x20002558                . = ALIGN (0x8)
                0x20002558                _estack = .
                0x20002558                . = ALIGN (0x4)
                0x20002558                _end = .
OUTPUT(firmware.elf elf32-littlearm)

.ARM.attributes
                0x00000000       0x28
 .ARM.attributes
                0x00000000       0x1e c:/program files (x86)/atmel/studio/7.0/toolchain/arm/arm-gnu-toolchain/bin/../lib/gcc/arm-none-eabi/6.3.1/thumb/v6-m/crti.o
 .ARM.attributes
                0x0000001e       0x2c c:/program files (x86)/atmel/studio/7.0/toolchain/arm/arm-gnu-toolchain/bin/../lib/gcc/arm-none-eabi/6.3.1/thumb/v6-m/crtbegin.o
 .ARM.attributes
                0x0000004a       0x32 src/ASF/common/services/usb/class/hid/device/kbd/example/samd21j18a_samd21_xplained_pro/ui.o
 .ARM.attributes
                0x0000007c       0x32 src/ASF/common/services/sleepmgr/samd/sleepmgr.o
 .ARM.attributes
                0x000000ae       0x32 src/ASF/common/services/usb/class/hid/device/kbd/udi_hid_kbd.o
 .ARM.attributes
                0x000000e0       0x32 src/ASF/common/services/usb/class/hid/device/kbd/udi_hid_kbd_desc.o
 .ARM.attributes
                0x00000112       0x32 src/ASF/common/services/usb/class/hid/device/udi_hid.o
 .ARM.attributes
                0x00000144       0x32 src/ASF/common/services/usb/udc/udc.o
 .ARM.attributes
                0x00000176       0x32 src/ASF/common/utils/interrupt/interrupt_sam_nvic.o
 .ARM.attributes
                0x000001a8       0x32 src/ASF/sam0/boards/samd21_xplained_pro/board_init.o
 .ARM.attributes
                0x000001da       0x32 src/ASF/sam0/drivers/extint/extint_callback.o
 .ARM.attributes
                0x0000020c       0x32 src/ASF/sam0/drivers/extint/extint_sam_d_r_h/extint.o
 .ARM.attributes
                0x0000023e       0x32 src/ASF/sam0/drivers/port/port.o
 .ARM.attributes
                0x00000270       0x32 src/ASF/sam0/drivers/sercom/sercom.o
 .ARM.attributes
                0x000002a2       0x32 src/ASF/sam0/drivers/sercom/sercom_interrupt.o
 .ARM.attributes
                0x000002d4       0x32 src/ASF/sam0/drivers/sercom/spi/spi.o
 .ARM.attributes
                0x00000306       0x32 src/ASF/sam0/drivers/sercom/spi/spi_interrupt.o
 .ARM.attributes
                0x00000338       0x32 src/ASF/sam0/drivers/system/clock/clock_samd21_r21_da_ha1/clock.o
 .ARM.attributes
                0x0000036a       0x32 src/ASF/sam0/drivers/system/clock/clock_samd21_r21_da_ha1/gclk.o
 .ARM.attributes
                0x0000039c       0x32 src/ASF/sam0/drivers/system/pinmux/pinmux.o
 .ARM.attributes
                0x000003ce       0x32 src/ASF/sam0/drivers/system/system.o
 .ARM.attributes
                0x00000400       0x32 src/ASF/sam0/drivers/usb/stack_interface/usb_device_udd.o
 .ARM.attributes
                0x00000432       0x32 src/ASF/sam0/drivers/usb/usb_sam_d_r/usb.o
 .ARM.attributes
                0x00000464       0x32 src/ASF/sam0/utils/cmsis/samd21/source/gcc/startup_samd21.o
 .ARM.attributes
                0x00000496       0x32 src/main.o
 .ARM.attributes
                0x000004c8       0x1e c:/program files (x86)/atmel/studio/7.0/toolchain/arm/arm-gnu-toolchain/bin/../lib/gcc/arm-none-eabi/6.3.1/thumb/v6-m\libgcc.a(_udivsi3.o)
 .ARM.attributes
                0x000004e6       0x1e c:/program files (x86)/atmel/studio/7.0/toolchain/arm/arm-gnu-toolchain/bin/../lib/gcc/arm-none-eabi/6.3.1/thumb/v6-m\libgcc.a(_divsi3.o)
 .ARM.attributes
                0x00000504       0x1e c:/program files (x86)/atmel/studio/7.0/toolchain/arm/arm-gnu-toolchain/bin/../lib/gcc/arm-none-eabi/6.3.1/thumb/v6-m\libgcc.a(_dvmd_tls.o)
 .ARM.attributes
                0x00000522       0x1e c:/program files (x86)/atmel/studio/7.0/toolchain/arm/arm-gnu-toolchain/bin/../lib/gcc/arm-none-eabi/6.3.1/thumb/v6-m\libgcc.a(_ctzsi2.o)
 .ARM.attributes
                0x00000540       0x2c c:/program files (x86)/atmel/studio/7.0/toolchain/arm/arm-gnu-toolchain/bin/../lib/gcc/arm-none-eabi/6.3.1/../../../../arm-none-eabi/lib/thumb/v6-m\libc_nano.a(lib_a-init.o)
 .ARM.attributes
                0x0000056c       0x2c c:/program files (x86)/atmel/studio/7.0/toolchain/arm/arm-gnu-toolchain/bin/../lib/gcc/arm-none-eabi/6.3.1/../../../../arm-none-eabi/lib/thumb/v6-m\libc_nano.a(lib_a-memcpy-stub.o)
 .ARM.attributes
                0x00000598       0x2c c:/program files (x86)/atmel/studio/7.0/toolchain/arm/arm-gnu-toolchain/bin/../lib/gcc/arm-none-eabi/6.3.1/../../../../arm-none-eabi/lib/thumb/v6-m\libc_nano.a(lib_a-memset.o)
 .ARM.attributes
                0x000005c4       0x1e c:/program files (x86)/atmel/studio/7.0/toolchain/arm/arm-gnu-toolchain/bin/../lib/gcc/arm-none-eabi/6.3.1/thumb/v6-m/crtn.o

.comment        0x00000000       0x59
 .comment       0x00000000       0x59 src/ASF/common/services/usb/class/hid/device/kbd/example/samd21j18a_samd21_xplained_pro/ui.o
                                 0x5a (size before relaxing)
 .comment       0x00000059       0x5a src/ASF/common/services/sleepmgr/samd/sleepmgr.o
 .comment       0x00000059       0x5a src/ASF/common/services/usb/class/hid/device/kbd/udi_hid_kbd.o
 .comment       0x00000059       0x5a src/ASF/common/services/usb/class/hid/device/kbd/udi_hid_kbd_desc.o
 .comment       0x00000059       0x5a src/ASF/common/services/usb/class/hid/device/udi_hid.o
 .comment       0x00000059       0x5a src/ASF/common/services/usb/udc/udc.o
 .comment       0x00000059       0x5a src/ASF/common/utils/interrupt/interrupt_sam_nvic.o
 .comment       0x00000059       0x5a src/ASF/sam0/boards/samd21_xplained_pro/board_init.o
 .comment       0x00000059       0x5a src/ASF/sam0/drivers/extint/extint_callback.o
 .comment       0x00000059       0x5a src/ASF/sam0/drivers/extint/extint_sam_d_r_h/extint.o
 .comment       0x00000059       0x5a src/ASF/sam0/drivers/port/port.o
 .comment       0x00000059       0x5a src/ASF/sam0/drivers/sercom/sercom.o
 .comment       0x00000059       0x5a src/ASF/sam0/drivers/sercom/sercom_interrupt.o
 .comment       0x00000059       0x5a src/ASF/sam0/drivers/sercom/spi/spi.o
 .comment       0x00000059       0x5a src/ASF/sam0/drivers/sercom/spi/spi_interrupt.o
 .comment       0x00000059       0x5a src/ASF/sam0/drivers/system/clock/clock_samd21_r21_da_ha1/clock.o
 .comment       0x00000059       0x5a src/ASF/sam0/drivers/system/clock/clock_samd21_r21_da_ha1/gclk.o
 .comment       0x00000059       0x5a src/ASF/sam0/drivers/system/pinmux/pinmux.o
 .comment       0x00000059       0x5a src/ASF/sam0/drivers/system/system.o
 .comment       0x00000059       0x5a src/ASF/sam0/drivers/usb/stack_interface/usb_device_udd.o
 .comment       0x00000059       0x5a src/ASF/sam0/drivers/usb/usb_sam_d_r/usb.o
 .comment       0x00000059       0x5a src/ASF/sam0/utils/cmsis/samd21/source/gcc/startup_samd21.o
 .comment       0x00000059       0x5a src/main.o

.debug_info     0x00000000    0x39a1a
 .debug_info    0x00000000     0x18e6 src/ASF/common/services/usb/class/hid/device/kbd/example/samd21j18a_samd21_xplained_pro/ui.o
 .debug_info    0x000018e6      0xa8e src/ASF/common/services/sleepmgr/samd/sleepmgr.o
 .debug_info    0x00002374     0x1687 src/ASF/common/services/usb/class/hid/device/kbd/udi_hid_kbd.o
 .debug_info    0x000039fb     0x1119 src/ASF/common/services/usb/class/hid/device/kbd/udi_hid_kbd_desc.o
 .debug_info    0x00004b14     0x1001 src/ASF/common/services/usb/class/hid/device/udi_hid.o
 .debug_info    0x00005b15     0x1ad4 src/ASF/common/services/usb/udc/udc.o
 .debug_info    0x000075e9      0xb05 src/ASF/common/utils/interrupt/interrupt_sam_nvic.o
 .debug_info    0x000080ee     0x12ac src/ASF/sam0/boards/samd21_xplained_pro/board_init.o
 .debug_info    0x0000939a     0x19a7 src/ASF/sam0/drivers/extint/extint_callback.o
 .debug_info    0x0000ad41     0x2ae7 src/ASF/sam0/drivers/extint/extint_sam_d_r_h/extint.o
 .debug_info    0x0000d828     0x12b6 src/ASF/sam0/drivers/port/port.o
 .debug_info    0x0000eade     0x2dc7 src/ASF/sam0/drivers/sercom/sercom.o
 .debug_info    0x000118a5     0x2b6f src/ASF/sam0/drivers/sercom/sercom_interrupt.o
 .debug_info    0x00014414     0x5ed9 src/ASF/sam0/drivers/sercom/spi/spi.o
 .debug_info    0x0001a2ed     0x3197 src/ASF/sam0/drivers/sercom/spi/spi_interrupt.o
 .debug_info    0x0001d484     0x3877 src/ASF/sam0/drivers/system/clock/clock_samd21_r21_da_ha1/clock.o
 .debug_info    0x00020cfb     0x1ec7 src/ASF/sam0/drivers/system/clock/clock_samd21_r21_da_ha1/gclk.o
 .debug_info    0x00022bc2     0x13f3 src/ASF/sam0/drivers/system/pinmux/pinmux.o
 .debug_info    0x00023fb5      0xa73 src/ASF/sam0/drivers/system/system.o
 .debug_info    0x00024a28     0x6402 src/ASF/sam0/drivers/usb/stack_interface/usb_device_udd.o
 .debug_info    0x0002ae2a     0x5245 src/ASF/sam0/drivers/usb/usb_sam_d_r/usb.o
 .debug_info    0x0003006f     0x3a3f src/ASF/sam0/utils/cmsis/samd21/source/gcc/startup_samd21.o
 .debug_info    0x00033aae     0x5f6c src/main.o

.debug_abbrev   0x00000000     0x5034
 .debug_abbrev  0x00000000      0x35b src/ASF/common/services/usb/class/hid/device/kbd/example/samd21j18a_samd21_xplained_pro/ui.o
 .debug_abbrev  0x0000035b      0x1b2 src/ASF/common/services/sleepmgr/samd/sleepmgr.o
 .debug_abbrev  0x0000050d      0x405 src/ASF/common/services/usb/class/hid/device/kbd/udi_hid_kbd.o
 .debug_abbrev  0x00000912      0x1c7 src/ASF/common/services/usb/class/hid/device/kbd/udi_hid_kbd_desc.o
 .debug_abbrev  0x00000ad9      0x24e src/ASF/common/services/usb/class/hid/device/udi_hid.o
 .debug_abbrev  0x00000d27      0x3f5 src/ASF/common/services/usb/udc/udc.o
 .debug_abbrev  0x0000111c      0x23b src/ASF/common/utils/interrupt/interrupt_sam_nvic.o
 .debug_abbrev  0x00001357      0x2dc src/ASF/sam0/boards/samd21_xplained_pro/board_init.o
 .debug_abbrev  0x00001633      0x333 src/ASF/sam0/drivers/extint/extint_callback.o
 .debug_abbrev  0x00001966      0x4b4 src/ASF/sam0/drivers/extint/extint_sam_d_r_h/extint.o
 .debug_abbrev  0x00001e1a      0x298 src/ASF/sam0/drivers/port/port.o
 .debug_abbrev  0x000020b2      0x378 src/ASF/sam0/drivers/sercom/sercom.o
 .debug_abbrev  0x0000242a      0x2da src/ASF/sam0/drivers/sercom/sercom_interrupt.o
 .debug_abbrev  0x00002704      0x510 src/ASF/sam0/drivers/sercom/spi/spi.o
 .debug_abbrev  0x00002c14      0x3fd src/ASF/sam0/drivers/sercom/spi/spi_interrupt.o
 .debug_abbrev  0x00003011      0x493 src/ASF/sam0/drivers/system/clock/clock_samd21_r21_da_ha1/clock.o
 .debug_abbrev  0x000034a4      0x40d src/ASF/sam0/drivers/system/clock/clock_samd21_r21_da_ha1/gclk.o
 .debug_abbrev  0x000038b1      0x361 src/ASF/sam0/drivers/system/pinmux/pinmux.o
 .debug_abbrev  0x00003c12      0x1e1 src/ASF/sam0/drivers/system/system.o
 .debug_abbrev  0x00003df3      0x607 src/ASF/sam0/drivers/usb/stack_interface/usb_device_udd.o
 .debug_abbrev  0x000043fa      0x507 src/ASF/sam0/drivers/usb/usb_sam_d_r/usb.o
 .debug_abbrev  0x00004901      0x234 src/ASF/sam0/utils/cmsis/samd21/source/gcc/startup_samd21.o
 .debug_abbrev  0x00004b35      0x4ff src/main.o

.debug_loc      0x00000000     0x8a7d
 .debug_loc     0x00000000      0x142 src/ASF/common/services/usb/class/hid/device/kbd/example/samd21j18a_samd21_xplained_pro/ui.o
 .debug_loc     0x00000142      0x3bb src/ASF/common/services/usb/class/hid/device/kbd/udi_hid_kbd.o
 .debug_loc     0x000004fd      0x247 src/ASF/common/services/usb/class/hid/device/udi_hid.o
 .debug_loc     0x00000744      0x4d6 src/ASF/common/services/usb/udc/udc.o
 .debug_loc     0x00000c1a       0x8a src/ASF/sam0/boards/samd21_xplained_pro/board_init.o
 .debug_loc     0x00000ca4      0x2ac src/ASF/sam0/drivers/extint/extint_callback.o
 .debug_loc     0x00000f50      0x43d src/ASF/sam0/drivers/extint/extint_sam_d_r_h/extint.o
 .debug_loc     0x0000138d      0x13d src/ASF/sam0/drivers/port/port.o
 .debug_loc     0x000014ca      0x93e src/ASF/sam0/drivers/sercom/sercom.o
 .debug_loc     0x00001e08      0x165 src/ASF/sam0/drivers/sercom/sercom_interrupt.o
 .debug_loc     0x00001f6d     0x19c3 src/ASF/sam0/drivers/sercom/spi/spi.o
 .debug_loc     0x00003930      0x632 src/ASF/sam0/drivers/sercom/spi/spi_interrupt.o
 .debug_loc     0x00003f62      0xf2e src/ASF/sam0/drivers/system/clock/clock_samd21_r21_da_ha1/clock.o
 .debug_loc     0x00004e90      0x504 src/ASF/sam0/drivers/system/clock/clock_samd21_r21_da_ha1/gclk.o
 .debug_loc     0x00005394      0x36d src/ASF/sam0/drivers/system/pinmux/pinmux.o
 .debug_loc     0x00005701       0x20 src/ASF/sam0/drivers/system/system.o
 .debug_loc     0x00005721     0x130b src/ASF/sam0/drivers/usb/stack_interface/usb_device_udd.o
 .debug_loc     0x00006a2c     0x1b24 src/ASF/sam0/drivers/usb/usb_sam_d_r/usb.o
 .debug_loc     0x00008550       0x40 src/ASF/sam0/utils/cmsis/samd21/source/gcc/startup_samd21.o
 .debug_loc     0x00008590      0x4ed src/main.o

.debug_aranges  0x00000000      0x858
 .debug_aranges
                0x00000000       0x50 src/ASF/common/services/usb/class/hid/device/kbd/example/samd21j18a_samd21_xplained_pro/ui.o
 .debug_aranges
                0x00000050       0x18 src/ASF/common/services/sleepmgr/samd/sleepmgr.o
 .debug_aranges
                0x00000068       0x78 src/ASF/common/services/usb/class/hid/device/kbd/udi_hid_kbd.o
 .debug_aranges
                0x000000e0       0x18 src/ASF/common/services/usb/class/hid/device/kbd/udi_hid_kbd_desc.o
 .debug_aranges
                0x000000f8       0x20 src/ASF/common/services/usb/class/hid/device/udi_hid.o
 .debug_aranges
                0x00000118       0x70 src/ASF/common/services/usb/udc/udc.o
 .debug_aranges
                0x00000188       0x28 src/ASF/common/utils/interrupt/interrupt_sam_nvic.o
 .debug_aranges
                0x000001b0       0x20 src/ASF/sam0/boards/samd21_xplained_pro/board_init.o
 .debug_aranges
                0x000001d0       0x48 src/ASF/sam0/drivers/extint/extint_callback.o
 .debug_aranges
                0x00000218       0x50 src/ASF/sam0/drivers/extint/extint_sam_d_r_h/extint.o
 .debug_aranges
                0x00000268       0x28 src/ASF/sam0/drivers/port/port.o
 .debug_aranges
                0x00000290       0x48 src/ASF/sam0/drivers/sercom/sercom.o
 .debug_aranges
                0x000002d8       0x50 src/ASF/sam0/drivers/sercom/sercom_interrupt.o
 .debug_aranges
                0x00000328       0x58 src/ASF/sam0/drivers/sercom/spi/spi.o
 .debug_aranges
                0x00000380       0x50 src/ASF/sam0/drivers/sercom/spi/spi_interrupt.o
 .debug_aranges
                0x000003d0       0x78 src/ASF/sam0/drivers/system/clock/clock_samd21_r21_da_ha1/clock.o
 .debug_aranges
                0x00000448       0x80 src/ASF/sam0/drivers/system/clock/clock_samd21_r21_da_ha1/gclk.o
 .debug_aranges
                0x000004c8       0x40 src/ASF/sam0/drivers/system/pinmux/pinmux.o
 .debug_aranges
                0x00000508       0x28 src/ASF/sam0/drivers/system/system.o
 .debug_aranges
                0x00000530      0x128 src/ASF/sam0/drivers/usb/stack_interface/usb_device_udd.o
 .debug_aranges
                0x00000658      0x158 src/ASF/sam0/drivers/usb/usb_sam_d_r/usb.o
 .debug_aranges
                0x000007b0       0x28 src/ASF/sam0/utils/cmsis/samd21/source/gcc/startup_samd21.o
 .debug_aranges
                0x000007d8       0x80 src/main.o

.debug_ranges   0x00000000      0xb78
 .debug_ranges  0x00000000       0x40 src/ASF/common/services/usb/class/hid/device/kbd/example/samd21j18a_samd21_xplained_pro/ui.o
 .debug_ranges  0x00000040       0x68 src/ASF/common/services/usb/class/hid/device/kbd/udi_hid_kbd.o
 .debug_ranges  0x000000a8       0x10 src/ASF/common/services/usb/class/hid/device/udi_hid.o
 .debug_ranges  0x000000b8       0xd0 src/ASF/common/services/usb/udc/udc.o
 .debug_ranges  0x00000188       0x18 src/ASF/common/utils/interrupt/interrupt_sam_nvic.o
 .debug_ranges  0x000001a0       0x10 src/ASF/sam0/boards/samd21_xplained_pro/board_init.o
 .debug_ranges  0x000001b0       0x90 src/ASF/sam0/drivers/extint/extint_callback.o
 .debug_ranges  0x00000240       0x40 src/ASF/sam0/drivers/extint/extint_sam_d_r_h/extint.o
 .debug_ranges  0x00000280       0x18 src/ASF/sam0/drivers/port/port.o
 .debug_ranges  0x00000298       0x58 src/ASF/sam0/drivers/sercom/sercom.o
 .debug_ranges  0x000002f0       0x40 src/ASF/sam0/drivers/sercom/sercom_interrupt.o
 .debug_ranges  0x00000330      0x240 src/ASF/sam0/drivers/sercom/spi/spi.o
 .debug_ranges  0x00000570       0xb8 src/ASF/sam0/drivers/sercom/spi/spi_interrupt.o
 .debug_ranges  0x00000628       0x68 src/ASF/sam0/drivers/system/clock/clock_samd21_r21_da_ha1/clock.o
 .debug_ranges  0x00000690       0x88 src/ASF/sam0/drivers/system/clock/clock_samd21_r21_da_ha1/gclk.o
 .debug_ranges  0x00000718       0x30 src/ASF/sam0/drivers/system/pinmux/pinmux.o
 .debug_ranges  0x00000748       0x18 src/ASF/sam0/drivers/system/system.o
 .debug_ranges  0x00000760      0x1a8 src/ASF/sam0/drivers/usb/stack_interface/usb_device_udd.o
 .debug_ranges  0x00000908      0x190 src/ASF/sam0/drivers/usb/usb_sam_d_r/usb.o
 .debug_ranges  0x00000a98       0x18 src/ASF/sam0/utils/cmsis/samd21/source/gcc/startup_samd21.o
 .debug_ranges  0x00000ab0       0xc8 src/main.o

.debug_macro    0x00000000    0x1d6db
 .debug_macro   0x00000000      0x6ff src/ASF/common/services/usb/class/hid/device/kbd/example/samd21j18a_samd21_xplained_pro/ui.o
 .debug_macro   0x000006ff      0x8c8 src/ASF/common/services/usb/class/hid/device/kbd/example/samd21j18a_samd21_xplained_pro/ui.o
 .debug_macro   0x00000fc7      0x16d src/ASF/common/services/usb/class/hid/device/kbd/example/samd21j18a_samd21_xplained_pro/ui.o
 .debug_macro   0x00001134      0x71d src/ASF/common/services/usb/class/hid/device/kbd/example/samd21j18a_samd21_xplained_pro/ui.o
 .debug_macro   0x00001851       0x22 src/ASF/common/services/usb/class/hid/device/kbd/example/samd21j18a_samd21_xplained_pro/ui.o
 .debug_macro   0x00001873       0x87 src/ASF/common/services/usb/class/hid/device/kbd/example/samd21j18a_samd21_xplained_pro/ui.o
 .debug_macro   0x000018fa       0x51 src/ASF/common/services/usb/class/hid/device/kbd/example/samd21j18a_samd21_xplained_pro/ui.o
 .debug_macro   0x0000194b       0xef src/ASF/common/services/usb/class/hid/device/kbd/example/samd21j18a_samd21_xplained_pro/ui.o
 .debug_macro   0x00001a3a       0x6a src/ASF/common/services/usb/class/hid/device/kbd/example/samd21j18a_samd21_xplained_pro/ui.o
 .debug_macro   0x00001aa4      0x1df src/ASF/common/services/usb/class/hid/device/kbd/example/samd21j18a_samd21_xplained_pro/ui.o
 .debug_macro   0x00001c83       0x10 src/ASF/common/services/usb/class/hid/device/kbd/example/samd21j18a_samd21_xplained_pro/ui.o
 .debug_macro   0x00001c93       0x76 src/ASF/common/services/usb/class/hid/device/kbd/example/samd21j18a_samd21_xplained_pro/ui.o
 .debug_macro   0x00001d09       0x16 src/ASF/common/services/usb/class/hid/device/kbd/example/samd21j18a_samd21_xplained_pro/ui.o
 .debug_macro   0x00001d1f      0x6db src/ASF/common/services/usb/class/hid/device/kbd/example/samd21j18a_samd21_xplained_pro/ui.o
 .debug_macro   0x000023fa      0xdd8 src/ASF/common/services/usb/class/hid/device/kbd/example/samd21j18a_samd21_xplained_pro/ui.o
 .debug_macro   0x000031d2       0x22 src/ASF/common/services/usb/class/hid/device/kbd/example/samd21j18a_samd21_xplained_pro/ui.o
 .debug_macro   0x000031f4       0x40 src/ASF/common/services/usb/class/hid/device/kbd/example/samd21j18a_samd21_xplained_pro/ui.o
 .debug_macro   0x00003234       0x1c src/ASF/common/services/usb/class/hid/device/kbd/example/samd21j18a_samd21_xplained_pro/ui.o
 .debug_macro   0x00003250       0x22 src/ASF/common/services/usb/class/hid/device/kbd/example/samd21j18a_samd21_xplained_pro/ui.o
 .debug_macro   0x00003272       0xb5 src/ASF/common/services/usb/class/hid/device/kbd/example/samd21j18a_samd21_xplained_pro/ui.o
 .debug_macro   0x00003327      0x3ad src/ASF/common/services/usb/class/hid/device/kbd/example/samd21j18a_samd21_xplained_pro/ui.o
 .debug_macro   0x000036d4      0x681 src/ASF/common/services/usb/class/hid/device/kbd/example/samd21j18a_samd21_xplained_pro/ui.o
 .debug_macro   0x00003d55      0x8b5 src/ASF/common/services/usb/class/hid/device/kbd/example/samd21j18a_samd21_xplained_pro/ui.o
 .debug_macro   0x0000460a      0x230 src/ASF/common/services/usb/class/hid/device/kbd/example/samd21j18a_samd21_xplained_pro/ui.o
 .debug_macro   0x0000483a      0xd60 src/ASF/common/services/usb/class/hid/device/kbd/example/samd21j18a_samd21_xplained_pro/ui.o
 .debug_macro   0x0000559a      0x4cb src/ASF/common/services/usb/class/hid/device/kbd/example/samd21j18a_samd21_xplained_pro/ui.o
 .debug_macro   0x00005a65      0x9f8 src/ASF/common/services/usb/class/hid/device/kbd/example/samd21j18a_samd21_xplained_pro/ui.o
 .debug_macro   0x0000645d      0x82b src/ASF/common/services/usb/class/hid/device/kbd/example/samd21j18a_samd21_xplained_pro/ui.o
 .debug_macro   0x00006c88      0x455 src/ASF/common/services/usb/class/hid/device/kbd/example/samd21j18a_samd21_xplained_pro/ui.o
 .debug_macro   0x000070dd       0x5e src/ASF/common/services/usb/class/hid/device/kbd/example/samd21j18a_samd21_xplained_pro/ui.o
 .debug_macro   0x0000713b      0x8fd src/ASF/common/services/usb/class/hid/device/kbd/example/samd21j18a_samd21_xplained_pro/ui.o
 .debug_macro   0x00007a38      0x21c src/ASF/common/services/usb/class/hid/device/kbd/example/samd21j18a_samd21_xplained_pro/ui.o
 .debug_macro   0x00007c54      0x95b src/ASF/common/services/usb/class/hid/device/kbd/example/samd21j18a_samd21_xplained_pro/ui.o
 .debug_macro   0x000085af       0x5e src/ASF/common/services/usb/class/hid/device/kbd/example/samd21j18a_samd21_xplained_pro/ui.o
 .debug_macro   0x0000860d      0x667 src/ASF/common/services/usb/class/hid/device/kbd/example/samd21j18a_samd21_xplained_pro/ui.o
 .debug_macro   0x00008c74      0x3af src/ASF/common/services/usb/class/hid/device/kbd/example/samd21j18a_samd21_xplained_pro/ui.o
 .debug_macro   0x00009023      0xc7a src/ASF/common/services/usb/class/hid/device/kbd/example/samd21j18a_samd21_xplained_pro/ui.o
 .debug_macro   0x00009c9d     0x1092 src/ASF/common/services/usb/class/hid/device/kbd/example/samd21j18a_samd21_xplained_pro/ui.o
 .debug_macro   0x0000ad2f      0xc4a src/ASF/common/services/usb/class/hid/device/kbd/example/samd21j18a_samd21_xplained_pro/ui.o
 .debug_macro   0x0000b979      0x6ba src/ASF/common/services/usb/class/hid/device/kbd/example/samd21j18a_samd21_xplained_pro/ui.o
 .debug_macro   0x0000c033     0x1bbf src/ASF/common/services/usb/class/hid/device/kbd/example/samd21j18a_samd21_xplained_pro/ui.o
 .debug_macro   0x0000dbf2     0x1440 src/ASF/common/services/usb/class/hid/device/kbd/example/samd21j18a_samd21_xplained_pro/ui.o
 .debug_macro   0x0000f032      0x344 src/ASF/common/services/usb/class/hid/device/kbd/example/samd21j18a_samd21_xplained_pro/ui.o
 .debug_macro   0x0000f376       0x7c src/ASF/common/services/usb/class/hid/device/kbd/example/samd21j18a_samd21_xplained_pro/ui.o
 .debug_macro   0x0000f3f2       0xa0 src/ASF/common/services/usb/class/hid/device/kbd/example/samd21j18a_samd21_xplained_pro/ui.o
 .debug_macro   0x0000f492       0x4c src/ASF/common/services/usb/class/hid/device/kbd/example/samd21j18a_samd21_xplained_pro/ui.o
 .debug_macro   0x0000f4de       0xca src/ASF/common/services/usb/class/hid/device/kbd/example/samd21j18a_samd21_xplained_pro/ui.o
 .debug_macro   0x0000f5a8       0x94 src/ASF/common/services/usb/class/hid/device/kbd/example/samd21j18a_samd21_xplained_pro/ui.o
 .debug_macro   0x0000f63c       0x58 src/ASF/common/services/usb/class/hid/device/kbd/example/samd21j18a_samd21_xplained_pro/ui.o
 .debug_macro   0x0000f694      0x37d src/ASF/common/services/usb/class/hid/device/kbd/example/samd21j18a_samd21_xplained_pro/ui.o
 .debug_macro   0x0000fa11       0x82 src/ASF/common/services/usb/class/hid/device/kbd/example/samd21j18a_samd21_xplained_pro/ui.o
 .debug_macro   0x0000fa93      0x18d src/ASF/common/services/usb/class/hid/device/kbd/example/samd21j18a_samd21_xplained_pro/ui.o
 .debug_macro   0x0000fc20       0xb8 src/ASF/common/services/usb/class/hid/device/kbd/example/samd21j18a_samd21_xplained_pro/ui.o
 .debug_macro   0x0000fcd8       0xa0 src/ASF/common/services/usb/class/hid/device/kbd/example/samd21j18a_samd21_xplained_pro/ui.o
 .debug_macro   0x0000fd78       0xb8 src/ASF/common/services/usb/class/hid/device/kbd/example/samd21j18a_samd21_xplained_pro/ui.o
 .debug_macro   0x0000fe30       0x1c src/ASF/common/services/usb/class/hid/device/kbd/example/samd21j18a_samd21_xplained_pro/ui.o
 .debug_macro   0x0000fe4c       0x1c src/ASF/common/services/usb/class/hid/device/kbd/example/samd21j18a_samd21_xplained_pro/ui.o
 .debug_macro   0x0000fe68       0x1c src/ASF/common/services/usb/class/hid/device/kbd/example/samd21j18a_samd21_xplained_pro/ui.o
 .debug_macro   0x0000fe84       0x82 src/ASF/common/services/usb/class/hid/device/kbd/example/samd21j18a_samd21_xplained_pro/ui.o
 .debug_macro   0x0000ff06      0x15a src/ASF/common/services/usb/class/hid/device/kbd/example/samd21j18a_samd21_xplained_pro/ui.o
 .debug_macro   0x00010060       0xdc src/ASF/common/services/usb/class/hid/device/kbd/example/samd21j18a_samd21_xplained_pro/ui.o
 .debug_macro   0x0001013c      0x128 src/ASF/common/services/usb/class/hid/device/kbd/example/samd21j18a_samd21_xplained_pro/ui.o
 .debug_macro   0x00010264      0x128 src/ASF/common/services/usb/class/hid/device/kbd/example/samd21j18a_samd21_xplained_pro/ui.o
 .debug_macro   0x0001038c      0x128 src/ASF/common/services/usb/class/hid/device/kbd/example/samd21j18a_samd21_xplained_pro/ui.o
 .debug_macro   0x000104b4      0x128 src/ASF/common/services/usb/class/hid/device/kbd/example/samd21j18a_samd21_xplained_pro/ui.o
 .debug_macro   0x000105dc      0x124 src/ASF/common/services/usb/class/hid/device/kbd/example/samd21j18a_samd21_xplained_pro/ui.o
 .debug_macro   0x00010700       0xe2 src/ASF/common/services/usb/class/hid/device/kbd/example/samd21j18a_samd21_xplained_pro/ui.o
 .debug_macro   0x000107e2       0xe2 src/ASF/common/services/usb/class/hid/device/kbd/example/samd21j18a_samd21_xplained_pro/ui.o
 .debug_macro   0x000108c4       0xe2 src/ASF/common/services/usb/class/hid/device/kbd/example/samd21j18a_samd21_xplained_pro/ui.o
 .debug_macro   0x000109a6      0x130 src/ASF/common/services/usb/class/hid/device/kbd/example/samd21j18a_samd21_xplained_pro/ui.o
 .debug_macro   0x00010ad6      0x106 src/ASF/common/services/usb/class/hid/device/kbd/example/samd21j18a_samd21_xplained_pro/ui.o
 .debug_macro   0x00010bdc       0xfa src/ASF/common/services/usb/class/hid/device/kbd/example/samd21j18a_samd21_xplained_pro/ui.o
 .debug_macro   0x00010cd6      0x40f src/ASF/common/services/usb/class/hid/device/kbd/example/samd21j18a_samd21_xplained_pro/ui.o
 .debug_macro   0x000110e5       0x40 src/ASF/common/services/usb/class/hid/device/kbd/example/samd21j18a_samd21_xplained_pro/ui.o
 .debug_macro   0x00011125      0x345 src/ASF/common/services/usb/class/hid/device/kbd/example/samd21j18a_samd21_xplained_pro/ui.o
 .debug_macro   0x0001146a      0xf73 src/ASF/common/services/usb/class/hid/device/kbd/example/samd21j18a_samd21_xplained_pro/ui.o
 .debug_macro   0x000123dd       0x6d src/ASF/common/services/usb/class/hid/device/kbd/example/samd21j18a_samd21_xplained_pro/ui.o
 .debug_macro   0x0001244a       0x58 src/ASF/common/services/usb/class/hid/device/kbd/example/samd21j18a_samd21_xplained_pro/ui.o
 .debug_macro   0x000124a2       0x35 src/ASF/common/services/usb/class/hid/device/kbd/example/samd21j18a_samd21_xplained_pro/ui.o
 .debug_macro   0x000124d7       0x9c src/ASF/common/services/usb/class/hid/device/kbd/example/samd21j18a_samd21_xplained_pro/ui.o
 .debug_macro   0x00012573       0x16 src/ASF/common/services/usb/class/hid/device/kbd/example/samd21j18a_samd21_xplained_pro/ui.o
 .debug_macro   0x00012589       0x35 src/ASF/common/services/usb/class/hid/device/kbd/example/samd21j18a_samd21_xplained_pro/ui.o
 .debug_macro   0x000125be      0x34d src/ASF/common/services/usb/class/hid/device/kbd/example/samd21j18a_samd21_xplained_pro/ui.o
 .debug_macro   0x0001290b       0x10 src/ASF/common/services/usb/class/hid/device/kbd/example/samd21j18a_samd21_xplained_pro/ui.o
 .debug_macro   0x0001291b       0x58 src/ASF/common/services/usb/class/hid/device/kbd/example/samd21j18a_samd21_xplained_pro/ui.o
 .debug_macro   0x00012973       0x1f src/ASF/common/services/usb/class/hid/device/kbd/example/samd21j18a_samd21_xplained_pro/ui.o
 .debug_macro   0x00012992       0x43 src/ASF/common/services/usb/class/hid/device/kbd/example/samd21j18a_samd21_xplained_pro/ui.o
 .debug_macro   0x000129d5       0x20 src/ASF/common/services/usb/class/hid/device/kbd/example/samd21j18a_samd21_xplained_pro/ui.o
 .debug_macro   0x000129f5      0x187 src/ASF/common/services/usb/class/hid/device/kbd/example/samd21j18a_samd21_xplained_pro/ui.o
 .debug_macro   0x00012b7c       0x10 src/ASF/common/services/usb/class/hid/device/kbd/example/samd21j18a_samd21_xplained_pro/ui.o
 .debug_macro   0x00012b8c       0x1c src/ASF/common/services/usb/class/hid/device/kbd/example/samd21j18a_samd21_xplained_pro/ui.o
 .debug_macro   0x00012ba8       0x52 src/ASF/common/services/usb/class/hid/device/kbd/example/samd21j18a_samd21_xplained_pro/ui.o
 .debug_macro   0x00012bfa       0x40 src/ASF/common/services/usb/class/hid/device/kbd/example/samd21j18a_samd21_xplained_pro/ui.o
 .debug_macro   0x00012c3a       0x10 src/ASF/common/services/usb/class/hid/device/kbd/example/samd21j18a_samd21_xplained_pro/ui.o
 .debug_macro   0x00012c4a       0x40 src/ASF/common/services/usb/class/hid/device/kbd/example/samd21j18a_samd21_xplained_pro/ui.o
 .debug_macro   0x00012c8a       0xd7 src/ASF/common/services/usb/class/hid/device/kbd/example/samd21j18a_samd21_xplained_pro/ui.o
 .debug_macro   0x00012d61       0x16 src/ASF/common/services/usb/class/hid/device/kbd/example/samd21j18a_samd21_xplained_pro/ui.o
 .debug_macro   0x00012d77      0x18b src/ASF/common/services/usb/class/hid/device/kbd/example/samd21j18a_samd21_xplained_pro/ui.o
 .debug_macro   0x00012f02       0x16 src/ASF/common/services/usb/class/hid/device/kbd/example/samd21j18a_samd21_xplained_pro/ui.o
 .debug_macro   0x00012f18       0x16 src/ASF/common/services/usb/class/hid/device/kbd/example/samd21j18a_samd21_xplained_pro/ui.o
 .debug_macro   0x00012f2e       0x29 src/ASF/common/services/usb/class/hid/device/kbd/example/samd21j18a_samd21_xplained_pro/ui.o
 .debug_macro   0x00012f57       0x51 src/ASF/common/services/usb/class/hid/device/kbd/example/samd21j18a_samd21_xplained_pro/ui.o
 .debug_macro   0x00012fa8       0x3e src/ASF/common/services/usb/class/hid/device/kbd/example/samd21j18a_samd21_xplained_pro/ui.o
 .debug_macro   0x00012fe6      0x3df src/ASF/common/services/usb/class/hid/device/kbd/example/samd21j18a_samd21_xplained_pro/ui.o
 .debug_macro   0x000133c5       0x18 src/ASF/common/services/usb/class/hid/device/kbd/example/samd21j18a_samd21_xplained_pro/ui.o
 .debug_macro   0x000133dd       0x19 src/ASF/common/services/usb/class/hid/device/kbd/example/samd21j18a_samd21_xplained_pro/ui.o
 .debug_macro   0x000133f6      0x2df src/ASF/common/services/usb/class/hid/device/kbd/example/samd21j18a_samd21_xplained_pro/ui.o
 .debug_macro   0x000136d5      0xa58 src/ASF/common/services/usb/class/hid/device/kbd/example/samd21j18a_samd21_xplained_pro/ui.o
 .debug_macro   0x0001412d       0x11 src/ASF/common/services/usb/class/hid/device/kbd/example/samd21j18a_samd21_xplained_pro/ui.o
 .debug_macro   0x0001413e       0x22 src/ASF/common/services/usb/class/hid/device/kbd/example/samd21j18a_samd21_xplained_pro/ui.o
 .debug_macro   0x00014160       0x11 src/ASF/common/services/usb/class/hid/device/kbd/example/samd21j18a_samd21_xplained_pro/ui.o
 .debug_macro   0x00014171       0x16 src/ASF/common/services/usb/class/hid/device/kbd/example/samd21j18a_samd21_xplained_pro/ui.o
 .debug_macro   0x00014187       0x2e src/ASF/common/services/usb/class/hid/device/kbd/example/samd21j18a_samd21_xplained_pro/ui.o
 .debug_macro   0x000141b5       0x7a src/ASF/common/services/usb/class/hid/device/kbd/example/samd21j18a_samd21_xplained_pro/ui.o
 .debug_macro   0x0001422f       0x10 src/ASF/common/services/usb/class/hid/device/kbd/example/samd21j18a_samd21_xplained_pro/ui.o
 .debug_macro   0x0001423f       0x16 src/ASF/common/services/usb/class/hid/device/kbd/example/samd21j18a_samd21_xplained_pro/ui.o
 .debug_macro   0x00014255       0x40 src/ASF/common/services/usb/class/hid/device/kbd/example/samd21j18a_samd21_xplained_pro/ui.o
 .debug_macro   0x00014295       0x35 src/ASF/common/services/usb/class/hid/device/kbd/example/samd21j18a_samd21_xplained_pro/ui.o
 .debug_macro   0x000142ca       0x10 src/ASF/common/services/usb/class/hid/device/kbd/example/samd21j18a_samd21_xplained_pro/ui.o
 .debug_macro   0x000142da       0x70 src/ASF/common/services/usb/class/hid/device/kbd/example/samd21j18a_samd21_xplained_pro/ui.o
 .debug_macro   0x0001434a       0x28 src/ASF/common/services/usb/class/hid/device/kbd/example/samd21j18a_samd21_xplained_pro/ui.o
 .debug_macro   0x00014372      0x241 src/ASF/common/services/usb/class/hid/device/kbd/example/samd21j18a_samd21_xplained_pro/ui.o
 .debug_macro   0x000145b3      0x162 src/ASF/common/services/usb/class/hid/device/kbd/example/samd21j18a_samd21_xplained_pro/ui.o
 .debug_macro   0x00014715      0x44f src/ASF/common/services/usb/class/hid/device/kbd/example/samd21j18a_samd21_xplained_pro/ui.o
 .debug_macro   0x00014b64       0x16 src/ASF/common/services/usb/class/hid/device/kbd/example/samd21j18a_samd21_xplained_pro/ui.o
 .debug_macro   0x00014b7a       0x16 src/ASF/common/services/usb/class/hid/device/kbd/example/samd21j18a_samd21_xplained_pro/ui.o
 .debug_macro   0x00014b90       0x22 src/ASF/common/services/usb/class/hid/device/kbd/example/samd21j18a_samd21_xplained_pro/ui.o
 .debug_macro   0x00014bb2      0x557 src/ASF/common/services/sleepmgr/samd/sleepmgr.o
 .debug_macro   0x00015109      0x5c6 src/ASF/common/services/usb/class/hid/device/kbd/udi_hid_kbd.o
 .debug_macro   0x000156cf       0x6a src/ASF/common/services/usb/class/hid/device/kbd/udi_hid_kbd.o
 .debug_macro   0x00015739       0x1c src/ASF/common/services/usb/class/hid/device/kbd/udi_hid_kbd.o
 .debug_macro   0x00015755      0x597 src/ASF/common/services/usb/class/hid/device/kbd/udi_hid_kbd_desc.o
 .debug_macro   0x00015cec      0x59f src/ASF/common/services/usb/class/hid/device/udi_hid.o
 .debug_macro   0x0001628b      0x5a4 src/ASF/common/services/usb/udc/udc.o
 .debug_macro   0x0001682f      0x4f7 src/ASF/common/utils/interrupt/interrupt_sam_nvic.o
 .debug_macro   0x00016d26      0x535 src/ASF/sam0/boards/samd21_xplained_pro/board_init.o
 .debug_macro   0x0001725b      0x51c src/ASF/sam0/drivers/extint/extint_callback.o
 .debug_macro   0x00017777      0x576 src/ASF/sam0/drivers/extint/extint_sam_d_r_h/extint.o
 .debug_macro   0x00017ced       0x1f src/ASF/sam0/drivers/extint/extint_sam_d_r_h/extint.o
 .debug_macro   0x00017d0c       0x10 src/ASF/sam0/drivers/extint/extint_sam_d_r_h/extint.o
 .debug_macro   0x00017d1c      0x513 src/ASF/sam0/drivers/port/port.o
 .debug_macro   0x0001822f      0x584 src/ASF/sam0/drivers/sercom/sercom.o
 .debug_macro   0x000187b3      0x581 src/ASF/sam0/drivers/sercom/sercom_interrupt.o
 .debug_macro   0x00018d34      0x5ca src/ASF/sam0/drivers/sercom/spi/spi.o
 .debug_macro   0x000192fe      0x5d4 src/ASF/sam0/drivers/sercom/spi/spi_interrupt.o
 .debug_macro   0x000198d2      0x576 src/ASF/sam0/drivers/system/clock/clock_samd21_r21_da_ha1/clock.o
 .debug_macro   0x00019e48      0x298 src/ASF/sam0/drivers/system/clock/clock_samd21_r21_da_ha1/clock.o
 .debug_macro   0x0001a0e0      0x52d src/ASF/sam0/drivers/system/clock/clock_samd21_r21_da_ha1/gclk.o
 .debug_macro   0x0001a60d      0x507 src/ASF/sam0/drivers/system/pinmux/pinmux.o
 .debug_macro   0x0001ab14       0x12 src/ASF/sam0/drivers/system/pinmux/pinmux.o
 .debug_macro   0x0001ab26      0x53a src/ASF/sam0/drivers/system/system.o
 .debug_macro   0x0001b060      0x6b3 src/ASF/sam0/drivers/usb/stack_interface/usb_device_udd.o
 .debug_macro   0x0001b713       0x52 src/ASF/sam0/drivers/usb/stack_interface/usb_device_udd.o
 .debug_macro   0x0001b765       0x8d src/ASF/sam0/drivers/usb/stack_interface/usb_device_udd.o
 .debug_macro   0x0001b7f2       0x57 src/ASF/sam0/drivers/usb/stack_interface/usb_device_udd.o
 .debug_macro   0x0001b849      0x353 src/ASF/sam0/drivers/usb/stack_interface/usb_device_udd.o
 .debug_macro   0x0001bb9c       0x10 src/ASF/sam0/drivers/usb/stack_interface/usb_device_udd.o
 .debug_macro   0x0001bbac       0xaf src/ASF/sam0/drivers/usb/stack_interface/usb_device_udd.o
 .debug_macro   0x0001bc5b       0x1c src/ASF/sam0/drivers/usb/stack_interface/usb_device_udd.o
 .debug_macro   0x0001bc77      0xa5e src/ASF/sam0/drivers/usb/stack_interface/usb_device_udd.o
 .debug_macro   0x0001c6d5       0x1c src/ASF/sam0/drivers/usb/stack_interface/usb_device_udd.o
 .debug_macro   0x0001c6f1      0x5ce src/ASF/sam0/drivers/usb/usb_sam_d_r/usb.o
 .debug_macro   0x0001ccbf      0x2de src/ASF/sam0/utils/cmsis/samd21/source/gcc/startup_samd21.o
 .debug_macro   0x0001cf9d       0x3a src/ASF/sam0/utils/cmsis/samd21/source/gcc/startup_samd21.o
 .debug_macro   0x0001cfd7      0x704 src/main.o

.debug_line     0x00000000    0x11213
 .debug_line    0x00000000      0xf80 src/ASF/common/services/usb/class/hid/device/kbd/example/samd21j18a_samd21_xplained_pro/ui.o
 .debug_line    0x00000f80      0xa48 src/ASF/common/services/sleepmgr/samd/sleepmgr.o
 .debug_line    0x000019c8      0xc67 src/ASF/common/services/usb/class/hid/device/kbd/udi_hid_kbd.o
 .debug_line    0x0000262f      0x9ee src/ASF/common/services/usb/class/hid/device/kbd/udi_hid_kbd_desc.o
 .debug_line    0x0000301d      0xa53 src/ASF/common/services/usb/class/hid/device/udi_hid.o
 .debug_line    0x00003a70      0xc01 src/ASF/common/services/usb/udc/udc.o
 .debug_line    0x00004671      0x8b9 src/ASF/common/utils/interrupt/interrupt_sam_nvic.o
 .debug_line    0x00004f2a      0x966 src/ASF/sam0/boards/samd21_xplained_pro/board_init.o
 .debug_line    0x00005890      0x9c1 src/ASF/sam0/drivers/extint/extint_callback.o
 .debug_line    0x00006251      0xc21 src/ASF/sam0/drivers/extint/extint_sam_d_r_h/extint.o
 .debug_line    0x00006e72      0x8eb src/ASF/sam0/drivers/port/port.o
 .debug_line    0x0000775d      0xba5 src/ASF/sam0/drivers/sercom/sercom.o
 .debug_line    0x00008302      0xb3d src/ASF/sam0/drivers/sercom/sercom_interrupt.o
 .debug_line    0x00008e3f     0x1032 src/ASF/sam0/drivers/sercom/spi/spi.o
 .debug_line    0x00009e71      0xce5 src/ASF/sam0/drivers/sercom/spi/spi_interrupt.o
 .debug_line    0x0000ab56      0xc75 src/ASF/sam0/drivers/system/clock/clock_samd21_r21_da_ha1/clock.o
 .debug_line    0x0000b7cb      0xc67 src/ASF/sam0/drivers/system/clock/clock_samd21_r21_da_ha1/gclk.o
 .debug_line    0x0000c432      0x938 src/ASF/sam0/drivers/system/pinmux/pinmux.o
 .debug_line    0x0000cd6a      0x9e2 src/ASF/sam0/drivers/system/system.o
 .debug_line    0x0000d74c     0x136b src/ASF/sam0/drivers/usb/stack_interface/usb_device_udd.o
 .debug_line    0x0000eab7     0x1094 src/ASF/sam0/drivers/usb/usb_sam_d_r/usb.o
 .debug_line    0x0000fb4b      0x63d src/ASF/sam0/utils/cmsis/samd21/source/gcc/startup_samd21.o
 .debug_line    0x00010188     0x108b src/main.o

.debug_str      0x00000000    0x8d333
 .debug_str     0x00000000    0x83c8a src/ASF/common/services/usb/class/hid/device/kbd/example/samd21j18a_samd21_xplained_pro/ui.o
                              0x84602 (size before relaxing)
 .debug_str     0x00083c8a       0xa8 src/ASF/common/services/sleepmgr/samd/sleepmgr.o
                              0x7d48a (size before relaxing)
 .debug_str     0x00083d32      0x39b src/ASF/common/services/usb/class/hid/device/kbd/udi_hid_kbd.o
                              0x7ff61 (size before relaxing)
 .debug_str     0x000840cd      0x368 src/ASF/common/services/usb/class/hid/device/kbd/udi_hid_kbd_desc.o
                              0x7fedb (size before relaxing)
 .debug_str     0x00084435      0x222 src/ASF/common/services/usb/class/hid/device/udi_hid.o
                              0x7fe58 (size before relaxing)
 .debug_str     0x00084657      0x6e7 src/ASF/common/services/usb/udc/udc.o
                              0x80502 (size before relaxing)
 .debug_str     0x00084d3e       0x65 src/ASF/common/utils/interrupt/interrupt_sam_nvic.o
                              0x7d2d6 (size before relaxing)
 .debug_str     0x00084da3       0x6d src/ASF/sam0/boards/samd21_xplained_pro/board_init.o
                              0x811c2 (size before relaxing)
 .debug_str     0x00084e10      0x764 src/ASF/sam0/drivers/extint/extint_callback.o
                              0x7db19 (size before relaxing)
 .debug_str     0x00085574      0xdac src/ASF/sam0/drivers/extint/extint_sam_d_r_h/extint.o
                              0x7eaa1 (size before relaxing)
 .debug_str     0x00086320       0x59 src/ASF/sam0/drivers/port/port.o
                              0x7d6ed (size before relaxing)
 .debug_str     0x00086379      0x9d8 src/ASF/sam0/drivers/sercom/sercom.o
                              0x7e825 (size before relaxing)
 .debug_str     0x00086d51      0x198 src/ASF/sam0/drivers/sercom/sercom_interrupt.o
                              0x7e628 (size before relaxing)
 .debug_str     0x00086ee9      0xadf src/ASF/sam0/drivers/sercom/spi/spi.o
                              0x7fc07 (size before relaxing)
 .debug_str     0x000879c8      0x236 src/ASF/sam0/drivers/sercom/spi/spi_interrupt.o
                              0x7ebe9 (size before relaxing)
 .debug_str     0x00087bfe     0x2801 src/ASF/sam0/drivers/system/clock/clock_samd21_r21_da_ha1/clock.o
                              0x804f3 (size before relaxing)
 .debug_str     0x0008a3ff      0x229 src/ASF/sam0/drivers/system/clock/clock_samd21_r21_da_ha1/gclk.o
                              0x7df99 (size before relaxing)
 .debug_str     0x0008a628      0x179 src/ASF/sam0/drivers/system/pinmux/pinmux.o
                              0x7d778 (size before relaxing)
 .debug_str     0x0008a7a1       0x47 src/ASF/sam0/drivers/system/system.o
                              0x7d3b3 (size before relaxing)
 .debug_str     0x0008a7e8     0x17e3 src/ASF/sam0/drivers/usb/stack_interface/usb_device_udd.o
                              0x8620f (size before relaxing)
 .debug_str     0x0008bfcb      0x84e src/ASF/sam0/drivers/usb/usb_sam_d_r/usb.o
                              0x7fd4d (size before relaxing)
 .debug_str     0x0008c819      0x8df src/ASF/sam0/utils/cmsis/samd21/source/gcc/startup_samd21.o
                              0x6835a (size before relaxing)
 .debug_str     0x0008d0f8      0x23b src/main.o
                              0x8691f (size before relaxing)

.debug_frame    0x00000000     0x150c
 .debug_frame   0x00000000       0x98 src/ASF/common/services/usb/class/hid/device/kbd/example/samd21j18a_samd21_xplained_pro/ui.o
 .debug_frame   0x00000098      0x134 src/ASF/common/services/usb/class/hid/device/kbd/udi_hid_kbd.o
 .debug_frame   0x000001cc       0x2c src/ASF/common/services/usb/class/hid/device/udi_hid.o
 .debug_frame   0x000001f8      0x138 src/ASF/common/services/usb/udc/udc.o
 .debug_frame   0x00000330       0x30 src/ASF/common/utils/interrupt/interrupt_sam_nvic.o
 .debug_frame   0x00000360       0x30 src/ASF/sam0/boards/samd21_xplained_pro/board_init.o
 .debug_frame   0x00000390       0x7c src/ASF/sam0/drivers/extint/extint_callback.o
 .debug_frame   0x0000040c       0xb8 src/ASF/sam0/drivers/extint/extint_sam_d_r_h/extint.o
 .debug_frame   0x000004c4       0x44 src/ASF/sam0/drivers/port/port.o
 .debug_frame   0x00000508       0xbc src/ASF/sam0/drivers/sercom/sercom.o
 .debug_frame   0x000005c4       0xb8 src/ASF/sam0/drivers/sercom/sercom_interrupt.o
 .debug_frame   0x0000067c      0x120 src/ASF/sam0/drivers/sercom/spi/spi.o
 .debug_frame   0x0000079c       0xb0 src/ASF/sam0/drivers/sercom/spi/spi_interrupt.o
 .debug_frame   0x0000084c      0x14c src/ASF/sam0/drivers/system/clock/clock_samd21_r21_da_ha1/clock.o
 .debug_frame   0x00000998      0x148 src/ASF/sam0/drivers/system/clock/clock_samd21_r21_da_ha1/gclk.o
 .debug_frame   0x00000ae0       0x98 src/ASF/sam0/drivers/system/pinmux/pinmux.o
 .debug_frame   0x00000b78       0x38 src/ASF/sam0/drivers/system/system.o
 .debug_frame   0x00000bb0      0x360 src/ASF/sam0/drivers/usb/stack_interface/usb_device_udd.o
 .debug_frame   0x00000f10      0x3b8 src/ASF/sam0/drivers/usb/usb_sam_d_r/usb.o
 .debug_frame   0x000012c8       0x40 src/ASF/sam0/utils/cmsis/samd21/source/gcc/startup_samd21.o
 .debug_frame   0x00001308      0x150 src/main.o
 .debug_frame   0x00001458       0x20 c:/program files (x86)/atmel/studio/7.0/toolchain/arm/arm-gnu-toolchain/bin/../lib/gcc/arm-none-eabi/6.3.1/thumb/v6-m\libgcc.a(_udivsi3.o)
 .debug_frame   0x00001478       0x20 c:/program files (x86)/atmel/studio/7.0/toolchain/arm/arm-gnu-toolchain/bin/../lib/gcc/arm-none-eabi/6.3.1/thumb/v6-m\libgcc.a(_divsi3.o)
 .debug_frame   0x00001498       0x2c c:/program files (x86)/atmel/studio/7.0/toolchain/arm/arm-gnu-toolchain/bin/../lib/gcc/arm-none-eabi/6.3.1/../../../../arm-none-eabi/lib/thumb/v6-m\libc_nano.a(lib_a-init.o)
 .debug_frame   0x000014c4       0x28 c:/program files (x86)/atmel/studio/7.0/toolchain/arm/arm-gnu-toolchain/bin/../lib/gcc/arm-none-eabi/6.3.1/../../../../arm-none-eabi/lib/thumb/v6-m\libc_nano.a(lib_a-memcpy-stub.o)
 .debug_frame   0x000014ec       0x20 c:/program files (x86)/atmel/studio/7.0/toolchain/arm/arm-gnu-toolchain/bin/../lib/gcc/arm-none-eabi/6.3.1/../../../../arm-none-eabi/lib/thumb/v6-m\libc_nano.a(lib_a-memset.o)

Cross Reference Table

Symbol                                            File
AC_Handler                                        src/ASF/sam0/utils/cmsis/samd21/source/gcc/startup_samd21.o
ADC_Handler                                       src/ASF/sam0/utils/cmsis/samd21/source/gcc/startup_samd21.o
DAC_Handler                                       src/ASF/sam0/utils/cmsis/samd21/source/gcc/startup_samd21.o
DMAC_Handler                                      src/ASF/sam0/utils/cmsis/samd21/source/gcc/startup_samd21.o
Dummy_Handler                                     src/ASF/sam0/utils/cmsis/samd21/source/gcc/startup_samd21.o
EIC_Handler                                       src/ASF/sam0/drivers/extint/extint_callback.o
EVSYS_Handler                                     src/ASF/sam0/utils/cmsis/samd21/source/gcc/startup_samd21.o
HardFault_Handler                                 src/ASF/sam0/utils/cmsis/samd21/source/gcc/startup_samd21.o
I2S_Handler                                       src/ASF/sam0/utils/cmsis/samd21/source/gcc/startup_samd21.o
NMI_Handler                                       src/ASF/sam0/utils/cmsis/samd21/source/gcc/startup_samd21.o
NVMCTRL_Handler                                   src/ASF/sam0/utils/cmsis/samd21/source/gcc/startup_samd21.o
PM_Handler                                        src/ASF/sam0/utils/cmsis/samd21/source/gcc/startup_samd21.o
PTC_Handler                                       src/ASF/sam0/utils/cmsis/samd21/source/gcc/startup_samd21.o
PendSV_Handler                                    src/ASF/sam0/utils/cmsis/samd21/source/gcc/startup_samd21.o
RTC_Handler                                       src/ASF/sam0/utils/cmsis/samd21/source/gcc/startup_samd21.o
Reset_Handler                                     src/ASF/sam0/utils/cmsis/samd21/source/gcc/startup_samd21.o
SERCOM0_Handler                                   src/ASF/sam0/drivers/sercom/sercom_interrupt.o
SERCOM1_Handler                                   src/ASF/sam0/drivers/sercom/sercom_interrupt.o
SERCOM2_Handler                                   src/ASF/sam0/drivers/sercom/sercom_interrupt.o
SERCOM3_Handler                                   src/ASF/sam0/drivers/sercom/sercom_interrupt.o
SVC_Handler                                       src/ASF/sam0/utils/cmsis/samd21/source/gcc/startup_samd21.o
SYSCTRL_Handler                                   src/ASF/sam0/utils/cmsis/samd21/source/gcc/startup_samd21.o
SysTick_Handler                                   src/ASF/sam0/utils/cmsis/samd21/source/gcc/startup_samd21.o
SystemCoreClock                                   src/ASF/sam0/utils/cmsis/samd21/source/system_samd21.o
SystemCoreClockUpdate                             src/ASF/sam0/utils/cmsis/samd21/source/system_samd21.o
SystemInit                                        src/ASF/sam0/utils/cmsis/samd21/source/system_samd21.o
TC3_Handler                                       src/ASF/sam0/utils/cmsis/samd21/source/gcc/startup_samd21.o
TC4_Handler                                       src/ASF/sam0/utils/cmsis/samd21/source/gcc/startup_samd21.o
TC5_Handler                                       src/ASF/sam0/utils/cmsis/samd21/source/gcc/startup_samd21.o
TCC0_Handler                                      src/ASF/sam0/utils/cmsis/samd21/source/gcc/startup_samd21.o
TCC1_Handler                                      src/ASF/sam0/utils/cmsis/samd21/source/gcc/startup_samd21.o
TCC2_Handler                                      src/ASF/sam0/utils/cmsis/samd21/source/gcc/startup_samd21.o
USB_Handler                                       src/ASF/sam0/drivers/usb/usb_sam_d_r/usb.o
WDT_Handler                                       src/ASF/sam0/utils/cmsis/samd21/source/gcc/startup_samd21.o
_Jv_RegisterClasses                               c:/program files (x86)/atmel/studio/7.0/toolchain/arm/arm-gnu-toolchain/bin/../lib/gcc/arm-none-eabi/6.3.1/thumb/v6-m/crtbegin.o
__aeabi_idiv                                      c:/program files (x86)/atmel/studio/7.0/toolchain/arm/arm-gnu-toolchain/bin/../lib/gcc/arm-none-eabi/6.3.1/thumb/v6-m\libgcc.a(_divsi3.o)
__aeabi_idiv0                                     c:/program files (x86)/atmel/studio/7.0/toolchain/arm/arm-gnu-toolchain/bin/../lib/gcc/arm-none-eabi/6.3.1/thumb/v6-m\libgcc.a(_dvmd_tls.o)
                                                  c:/program files (x86)/atmel/studio/7.0/toolchain/arm/arm-gnu-toolchain/bin/../lib/gcc/arm-none-eabi/6.3.1/thumb/v6-m\libgcc.a(_divsi3.o)
                                                  c:/program files (x86)/atmel/studio/7.0/toolchain/arm/arm-gnu-toolchain/bin/../lib/gcc/arm-none-eabi/6.3.1/thumb/v6-m\libgcc.a(_udivsi3.o)
__aeabi_idivmod                                   c:/program files (x86)/atmel/studio/7.0/toolchain/arm/arm-gnu-toolchain/bin/../lib/gcc/arm-none-eabi/6.3.1/thumb/v6-m\libgcc.a(_divsi3.o)
                                                  src/ASF/sam0/drivers/usb/stack_interface/usb_device_udd.o
__aeabi_ldiv0                                     c:/program files (x86)/atmel/studio/7.0/toolchain/arm/arm-gnu-toolchain/bin/../lib/gcc/arm-none-eabi/6.3.1/thumb/v6-m\libgcc.a(_dvmd_tls.o)
__aeabi_lmul                                      c:/program files (x86)/atmel/studio/7.0/toolchain/arm/arm-gnu-toolchain/bin/../lib/gcc/arm-none-eabi/6.3.1/thumb/v6-m\libgcc.a(_muldi3.o)
                                                  src/ASF/sam0/drivers/sercom/sercom.o
__aeabi_uidiv                                     c:/program files (x86)/atmel/studio/7.0/toolchain/arm/arm-gnu-toolchain/bin/../lib/gcc/arm-none-eabi/6.3.1/thumb/v6-m\libgcc.a(_udivsi3.o)
                                                  src/ASF/sam0/drivers/system/clock/clock_samd21_r21_da_ha1/gclk.o
                                                  src/ASF/sam0/drivers/system/clock/clock_samd21_r21_da_ha1/clock.o