Archive member included to satisfy reference by file (symbol)

c:/program files (x86)/atmel/studio/7.0/toolchain/arm/arm-gnu-toolchain/bin/../lib/gcc/arm-none-eabi/6.3.1/thumb/v6-m\libgcc.a(_udivsi3.o)
                              src/ASF/sam0/drivers/system/clock/clock_samd21_r21_da_ha1/clock.o (__aeabi_uidiv)
c:/program files (x86)/atmel/studio/7.0/toolchain/arm/arm-gnu-toolchain/bin/../lib/gcc/arm-none-eabi/6.3.1/thumb/v6-m\libgcc.a(_divsi3.o)
                              src/ASF/sam0/drivers/usb/stack_interface/usb_device_udd.o (__aeabi_idivmod)
c:/program files (x86)/atmel/studio/7.0/toolchain/arm/arm-gnu-toolchain/bin/../lib/gcc/arm-none-eabi/6.3.1/thumb/v6-m\libgcc.a(_dvmd_tls.o)
                              c:/program files (x86)/atmel/studio/7.0/toolchain/arm/arm-gnu-toolchain/bin/../lib/gcc/arm-none-eabi/6.3.1/thumb/v6-m\libgcc.a(_udivsi3.o) (__aeabi_idiv0)
c:/program files (x86)/atmel/studio/7.0/toolchain/arm/arm-gnu-toolchain/bin/../lib/gcc/arm-none-eabi/6.3.1/thumb/v6-m\libgcc.a(_clzsi2.o)
                              src/ASF/sam0/drivers/usb/usb_sam_d_r/usb.o (__clzsi2)
c:/program files (x86)/atmel/studio/7.0/toolchain/arm/arm-gnu-toolchain/bin/../lib/gcc/arm-none-eabi/6.3.1/thumb/v6-m\libgcc.a(_ctzsi2.o)
                              src/ASF/sam0/drivers/usb/usb_sam_d_r/usb.o (__ctzsi2)
c:/program files (x86)/atmel/studio/7.0/toolchain/arm/arm-gnu-toolchain/bin/../lib/gcc/arm-none-eabi/6.3.1/../../../../arm-none-eabi/lib/thumb/v6-m\libc_nano.a(lib_a-exit.o)
                              c:/program files (x86)/atmel/studio/7.0/toolchain/arm/arm-gnu-toolchain/bin/../lib/gcc/arm-none-eabi/6.3.1/../../../../arm-none-eabi/lib/thumb/v6-m/crt0.o (exit)
c:/program files (x86)/atmel/studio/7.0/toolchain/arm/arm-gnu-toolchain/bin/../lib/gcc/arm-none-eabi/6.3.1/../../../../arm-none-eabi/lib/thumb/v6-m\libc_nano.a(lib_a-impure.o)
                              c:/program files (x86)/atmel/studio/7.0/toolchain/arm/arm-gnu-toolchain/bin/../lib/gcc/arm-none-eabi/6.3.1/../../../../arm-none-eabi/lib/thumb/v6-m\libc_nano.a(lib_a-exit.o) (_global_impure_ptr)
c:/program files (x86)/atmel/studio/7.0/toolchain/arm/arm-gnu-toolchain/bin/../lib/gcc/arm-none-eabi/6.3.1/../../../../arm-none-eabi/lib/thumb/v6-m\libc_nano.a(lib_a-init.o)
                              c:/program files (x86)/atmel/studio/7.0/toolchain/arm/arm-gnu-toolchain/bin/../lib/gcc/arm-none-eabi/6.3.1/../../../../arm-none-eabi/lib/thumb/v6-m/crt0.o (__libc_init_array)
c:/program files (x86)/atmel/studio/7.0/toolchain/arm/arm-gnu-toolchain/bin/../lib/gcc/arm-none-eabi/6.3.1/../../../../arm-none-eabi/lib/thumb/v6-m\libc_nano.a(lib_a-memcpy-stub.o)
                              src/ASF/sam0/drivers/usb/stack_interface/usb_device_udd.o (memcpy)
c:/program files (x86)/atmel/studio/7.0/toolchain/arm/arm-gnu-toolchain/bin/../lib/gcc/arm-none-eabi/6.3.1/../../../../arm-none-eabi/lib/thumb/v6-m\libc_nano.a(lib_a-memset.o)
                              c:/program files (x86)/atmel/studio/7.0/toolchain/arm/arm-gnu-toolchain/bin/../lib/gcc/arm-none-eabi/6.3.1/../../../../arm-none-eabi/lib/thumb/v6-m/crt0.o (memset)

Allocating common symbols
Common symbol       size              file

udd_ep_out_cache_buffer
                    0x40              src/ASF/sam0/drivers/usb/stack_interface/usb_device_udd.o
usb_descriptor_table
                    0x100             src/ASF/sam0/drivers/usb/usb_sam_d_r/usb.o
usb_device          0x168             src/ASF/sam0/drivers/usb/stack_interface/usb_device_udd.o
_extint_dev         0x40              src/ASF/sam0/drivers/extint/extint_sam_d_r_h/extint.o
udd_g_ctrlreq       0x18              src/ASF/sam0/drivers/usb/stack_interface/usb_device_udd.o
_current_channel    0x1               src/ASF/sam0/drivers/extint/extint_callback.o
sleepmgr_locks      0x5               src/ASF/common/services/sleepmgr/samd/sleepmgr.o
udd_ctrl_buffer     0x8               src/ASF/sam0/drivers/usb/stack_interface/usb_device_udd.o

Discarded input sections

 .text          0x00000000        0x0 c:/program files (x86)/atmel/studio/7.0/toolchain/arm/arm-gnu-toolchain/bin/../lib/gcc/arm-none-eabi/6.3.1/thumb/v6-m/crti.o
 .data          0x00000000        0x0 c:/program files (x86)/atmel/studio/7.0/toolchain/arm/arm-gnu-toolchain/bin/../lib/gcc/arm-none-eabi/6.3.1/thumb/v6-m/crti.o
 .bss           0x00000000        0x0 c:/program files (x86)/atmel/studio/7.0/toolchain/arm/arm-gnu-toolchain/bin/../lib/gcc/arm-none-eabi/6.3.1/thumb/v6-m/crti.o
 .data          0x00000000        0x4 c:/program files (x86)/atmel/studio/7.0/toolchain/arm/arm-gnu-toolchain/bin/../lib/gcc/arm-none-eabi/6.3.1/thumb/v6-m/crtbegin.o
 .text          0x00000000       0x78 c:/program files (x86)/atmel/studio/7.0/toolchain/arm/arm-gnu-toolchain/bin/../lib/gcc/arm-none-eabi/6.3.1/../../../../arm-none-eabi/lib/thumb/v6-m/crt0.o
[...]
Memory Configuration

Name             Origin             Length             Attributes
rom              0x00000000         0x00040000         xr
ram              0x20000000         0x00008000         xrw
*default*        0x00000000         0xffffffff

Linker script and memory map

LOAD c:/program files (x86)/atmel/studio/7.0/toolchain/arm/arm-gnu-toolchain/bin/../lib/gcc/arm-none-eabi/6.3.1/thumb/v6-m/crti.o
LOAD c:/program files (x86)/atmel/studio/7.0/toolchain/arm/arm-gnu-toolchain/bin/../lib/gcc/arm-none-eabi/6.3.1/thumb/v6-m/crtbegin.o
LOAD c:/program files (x86)/atmel/studio/7.0/toolchain/arm/arm-gnu-toolchain/bin/../lib/gcc/arm-none-eabi/6.3.1/../../../../arm-none-eabi/lib/thumb/v6-m/crt0.o
LOAD src/ASF/common/services/usb/class/hid/device/kbd/example/samd21j18a_samd21_xplained_pro/ui.o
LOAD src/ASF/common/services/sleepmgr/samd/sleepmgr.o
LOAD src/ASF/common/services/usb/class/hid/device/kbd/udi_hid_kbd.o
LOAD src/ASF/common/services/usb/class/hid/device/kbd/udi_hid_kbd_desc.o
LOAD src/ASF/common/services/usb/class/hid/device/udi_hid.o
LOAD src/ASF/common/services/usb/udc/udc.o
LOAD src/ASF/common/utils/interrupt/interrupt_sam_nvic.o
LOAD src/ASF/sam0/boards/samd21_xplained_pro/board_init.o
LOAD src/ASF/sam0/drivers/extint/extint_callback.o
LOAD src/ASF/sam0/drivers/extint/extint_sam_d_r_h/extint.o
LOAD src/ASF/sam0/drivers/port/port.o
LOAD src/ASF/sam0/drivers/system/clock/clock_samd21_r21_da_ha1/clock.o
LOAD src/ASF/sam0/drivers/system/clock/clock_samd21_r21_da_ha1/gclk.o
LOAD src/ASF/sam0/drivers/system/interrupt/system_interrupt.o
LOAD src/ASF/sam0/drivers/system/pinmux/pinmux.o
LOAD src/ASF/sam0/drivers/system/system.o
LOAD src/ASF/sam0/drivers/usb/stack_interface/usb_device_udd.o
LOAD src/ASF/sam0/drivers/usb/stack_interface/usb_dual.o
LOAD src/ASF/sam0/drivers/usb/usb_sam_d_r/usb.o
LOAD src/ASF/sam0/utils/cmsis/samd21/source/gcc/startup_samd21.o
LOAD src/ASF/sam0/utils/cmsis/samd21/source/system_samd21.o
LOAD src/ASF/sam0/utils/syscalls/gcc/syscalls.o
LOAD src/main.o
START GROUP
LOAD ../src/ASF/thirdparty/CMSIS/Lib/GCC\libarm_cortexM0l_math.a
LOAD c:/program files (x86)/atmel/studio/7.0/toolchain/arm/arm-gnu-toolchain/bin/../lib/gcc/arm-none-eabi/6.3.1/../../../../arm-none-eabi/lib/thumb/v6-m\libm.a
END GROUP
START GROUP
LOAD c:/program files (x86)/atmel/studio/7.0/toolchain/arm/arm-gnu-toolchain/bin/../lib/gcc/arm-none-eabi/6.3.1/thumb/v6-m\libgcc.a
LOAD c:/program files (x86)/atmel/studio/7.0/toolchain/arm/arm-gnu-toolchain/bin/../lib/gcc/arm-none-eabi/6.3.1/../../../../arm-none-eabi/lib/thumb/v6-m\libc_nano.a
END GROUP
START GROUP
LOAD c:/program files (x86)/atmel/studio/7.0/toolchain/arm/arm-gnu-toolchain/bin/../lib/gcc/arm-none-eabi/6.3.1/thumb/v6-m\libgcc.a
LOAD c:/program files (x86)/atmel/studio/7.0/toolchain/arm/arm-gnu-toolchain/bin/../lib/gcc/arm-none-eabi/6.3.1/../../../../arm-none-eabi/lib/thumb/v6-m\libc_nano.a
END GROUP
LOAD c:/program files (x86)/atmel/studio/7.0/toolchain/arm/arm-gnu-toolchain/bin/../lib/gcc/arm-none-eabi/6.3.1/thumb/v6-m/crtend.o
LOAD c:/program files (x86)/atmel/studio/7.0/toolchain/arm/arm-gnu-toolchain/bin/../lib/gcc/arm-none-eabi/6.3.1/thumb/v6-m/crtn.o
                0x00002000                STACK_SIZE = DEFINED (STACK_SIZE)?STACK_SIZE:DEFINED (__stack_size__)?__stack_size__:0x2000

.text           0x00000000     0x35b4
                0x00000000                . = ALIGN (0x4)
                0x00000000                _sfixed = .
 *(.vectors .vectors.*)
 .vectors       0x00000000       0xb4 src/ASF/sam0/utils/cmsis/samd21/source/gcc/startup_samd21.o
                0x00000000                exception_table
 *(.text .text.* .gnu.linkonce.t.*)
 .text          0x000000b4       0x60 c:/program files (x86)/atmel/studio/7.0/toolchain/arm/arm-gnu-toolchain/bin/../lib/gcc/arm-none-eabi/6.3.1/thumb/v6-m/crtbegin.o
 .text.ui_init  0x00000114       0x2c src/ASF/common/services/usb/class/hid/device/kbd/example/samd21j18a_samd21_xplained_pro/ui.o
                0x00000114                ui_init
 .text.ui_powerdown
                0x00000140        0x2 src/ASF/common/services/usb/class/hid/device/kbd/example/samd21j18a_samd21_xplained_pro/ui.o
                0x00000140                ui_powerdown
 .text.ui_wakeup_enable
                0x00000142        0x2 src/ASF/common/services/usb/class/hid/device/kbd/example/samd21j18a_samd21_xplained_pro/ui.o
                0x00000142                ui_wakeup_enable
 .text.ui_wakeup_disable
                0x00000144        0x2 src/ASF/common/services/usb/class/hid/device/kbd/example/samd21j18a_samd21_xplained_pro/ui.o
                0x00000144                ui_wakeup_disable
 .text.ui_wakeup
                0x00000146        0x2 src/ASF/common/services/usb/class/hid/device/kbd/example/samd21j18a_samd21_xplained_pro/ui.o
                0x00000146                ui_wakeup
 .text.ui_process
                0x00000148       0x74 src/ASF/common/services/usb/class/hid/device/kbd/example/samd21j18a_samd21_xplained_pro/ui.o
                0x00000148                ui_process
 .text.ui_kbd_led
                0x000001bc        0x2 src/ASF/common/services/usb/class/hid/device/kbd/example/samd21j18a_samd21_xplained_pro/ui.o
                0x000001bc                ui_kbd_led
 .text.udi_hid_kbd_getsetting
                0x000001be        0x4 src/ASF/common/services/usb/class/hid/device/kbd/udi_hid_kbd.o
                0x000001be                udi_hid_kbd_getsetting
 *fill*         0x000001c2        0x2 
 .text.udi_hid_kbd_setreport
                0x000001c4       0x3c src/ASF/common/services/usb/class/hid/device/kbd/udi_hid_kbd.o
 .text.udi_hid_kbd_enable
                0x00000200       0x40 src/ASF/common/services/usb/class/hid/device/kbd/udi_hid_kbd.o
                0x00000200                udi_hid_kbd_enable
 .text.udi_hid_kbd_disable
                0x00000240        0xc src/ASF/common/services/usb/class/hid/device/kbd/udi_hid_kbd.o
                0x00000240                udi_hid_kbd_disable
 .text.udi_hid_kbd_setup
                0x0000024c       0x24 src/ASF/common/services/usb/class/hid/device/kbd/udi_hid_kbd.o
                0x0000024c                udi_hid_kbd_setup
 .text.udi_hid_kbd_setreport_valid
                0x00000270       0x14 src/ASF/common/services/usb/class/hid/device/kbd/udi_hid_kbd.o
 .text.udi_hid_kbd_send_report
                0x00000284       0x4c src/ASF/common/services/usb/class/hid/device/kbd/udi_hid_kbd.o
 .text.udi_hid_kbd_report_sent
                0x000002d0       0x24 src/ASF/common/services/usb/class/hid/device/kbd/udi_hid_kbd.o
 .text.udi_hid_kbd_up
                0x000002f4       0xc0 src/ASF/common/services/usb/class/hid/device/kbd/udi_hid_kbd.o
                0x000002f4                udi_hid_kbd_up
 .text.udi_hid_kbd_down
                0x000003b4       0xa4 src/ASF/common/services/usb/class/hid/device/kbd/udi_hid_kbd.o
                0x000003b4                udi_hid_kbd_down
 .text.udi_hid_setup
                0x00000458       0xfc src/ASF/common/services/usb/class/hid/device/udi_hid.o
                0x00000458                udi_hid_setup
 .text.udc_next_desc_in_iface
                0x00000554       0x4c src/ASF/common/services/usb/udc/udc.o
 .text.udc_valid_address
                0x000005a0       0x18 src/ASF/common/services/usb/udc/udc.o
 .text.udc_update_iface_desc
                0x000005b8       0x74 src/ASF/common/services/usb/udc/udc.o
 .text.udc_iface_disable
                0x0000062c       0x6c src/ASF/common/services/usb/udc/udc.o
 .text.udc_iface_enable
                0x00000698       0x58 src/ASF/common/services/usb/udc/udc.o
 .text.udc_get_interface_desc
                0x000006f0        0xc src/ASF/common/services/usb/udc/udc.o
                0x000006f0                udc_get_interface_desc
 .text.udc_start
                0x000006fc        0xc src/ASF/common/services/usb/udc/udc.o
                0x000006fc                udc_start
 .text.udc_reset
                0x00000708       0x60 src/ASF/common/services/usb/udc/udc.o
                0x00000708                udc_reset
 .text.udc_sof_notify
                0x00000768       0x44 src/ASF/common/services/usb/udc/udc.o
                0x00000768                udc_sof_notify
 .text.udc_process_setup
                0x000007ac      0x470 src/ASF/common/services/usb/udc/udc.o
                0x000007ac                udc_process_setup
 .text.cpu_irq_enter_critical
                0x00000c1c       0x40 src/ASF/common/utils/interrupt/interrupt_sam_nvic.o
                0x00000c1c                cpu_irq_enter_critical
 .text.cpu_irq_leave_critical
                0x00000c5c       0x30 src/ASF/common/utils/interrupt/interrupt_sam_nvic.o
                0x00000c5c                cpu_irq_leave_critical
 .text.system_board_init
                0x00000c8c       0x38 src/ASF/sam0/boards/samd21_xplained_pro/board_init.o
                0x00000c8c                board_init
                0x00000c8c                system_board_init
 .text.EIC_Handler
                0x00000cc4       0x54 src/ASF/sam0/drivers/extint/extint_callback.o
                0x00000cc4                EIC_Handler
 .text._extint_enable
                0x00000d18       0x18 src/ASF/sam0/drivers/extint/extint_sam_d_r_h/extint.o
 .text._system_extint_init
                0x00000d30       0x6c src/ASF/sam0/drivers/extint/extint_sam_d_r_h/extint.o
                0x00000d30                _system_extint_init
 .text.port_pin_set_config
                0x00000d9c       0x24 src/ASF/sam0/drivers/port/port.o
                0x00000d9c                port_pin_set_config
 .text.system_clock_source_osc8m_set_config
                0x00000dc0       0x3c src/ASF/sam0/drivers/system/clock/clock_samd21_r21_da_ha1/clock.o
                0x00000dc0                system_clock_source_osc8m_set_config
 .text.system_clock_source_dfll_set_config
                0x00000dfc       0x80 src/ASF/sam0/drivers/system/clock/clock_samd21_r21_da_ha1/clock.o
                0x00000dfc                system_clock_source_dfll_set_config
 .text.system_clock_source_enable
                0x00000e7c       0xa8 src/ASF/sam0/drivers/system/clock/clock_samd21_r21_da_ha1/clock.o
                0x00000e7c                system_clock_source_enable
 .text.system_clock_init
                0x00000f24      0x100 src/ASF/sam0/drivers/system/clock/clock_samd21_r21_da_ha1/clock.o
                0x00000f24                system_clock_init
 .text.system_gclk_init
                0x00001024       0x24 src/ASF/sam0/drivers/system/clock/clock_samd21_r21_da_ha1/gclk.o
                0x00001024                system_gclk_init
 .text.system_gclk_gen_set_config
                0x00001048       0xb8 src/ASF/sam0/drivers/system/clock/clock_samd21_r21_da_ha1/gclk.o
                0x00001048                system_gclk_gen_set_config
 .text.system_gclk_gen_enable
                0x00001100       0x44 src/ASF/sam0/drivers/system/clock/clock_samd21_r21_da_ha1/gclk.o
                0x00001100                system_gclk_gen_enable
 .text.system_gclk_chan_enable
                0x00001144       0x30 src/ASF/sam0/drivers/system/clock/clock_samd21_r21_da_ha1/gclk.o
                0x00001144                system_gclk_chan_enable
 .text.system_gclk_chan_disable
                0x00001174       0x5c src/ASF/sam0/drivers/system/clock/clock_samd21_r21_da_ha1/gclk.o
                0x00001174                system_gclk_chan_disable
 .text.system_gclk_chan_set_config
                0x000011d0       0x1c src/ASF/sam0/drivers/system/clock/clock_samd21_r21_da_ha1/gclk.o
                0x000011d0                system_gclk_chan_set_config
 .text._system_pinmux_config
                0x000011ec       0xa8 src/ASF/sam0/drivers/system/pinmux/pinmux.o
 .text.system_pinmux_pin_set_config
                0x00001294       0x30 src/ASF/sam0/drivers/system/pinmux/pinmux.o
                0x00001294                system_pinmux_pin_set_config
 .text._system_dummy_init
                0x000012c4        0x2 src/ASF/sam0/drivers/system/system.o
                0x000012c4                _system_events_init
                0x000012c4                _system_dummy_init
                0x000012c4                _system_divas_init
 *fill*         0x000012c6        0x2 
 .text.system_init
                0x000012c8       0x2c src/ASF/sam0/drivers/system/system.o
                0x000012c8                system_init
 .text.udd_sleep_mode
                0x000012f4       0xc0 src/ASF/sam0/drivers/usb/stack_interface/usb_device_udd.o
 .text.udd_ep_get_job
                0x000013b4       0x24 src/ASF/sam0/drivers/usb/stack_interface/usb_device_udd.o
 .text.udd_ep_transfer_process
                0x000013d8      0x1b4 src/ASF/sam0/drivers/usb/stack_interface/usb_device_udd.o
 .text.udd_ctrl_stall_data
                0x0000158c       0x2c src/ASF/sam0/drivers/usb/stack_interface/usb_device_udd.o
 .text._usb_device_lpm_suspend
                0x000015b8       0x34 src/ASF/sam0/drivers/usb/stack_interface/usb_device_udd.o
 .text._usb_on_wakeup
                0x000015ec       0x70 src/ASF/sam0/drivers/usb/stack_interface/usb_device_udd.o
 .text._usb_on_bus_reset
                0x0000165c       0xb0 src/ASF/sam0/drivers/usb/stack_interface/usb_device_udd.o
 .text.udd_ctrl_send_zlp_in
                0x0000170c       0x3c src/ASF/sam0/drivers/usb/stack_interface/usb_device_udd.o
 .text._usb_ep0_on_tansfer_fail
                0x00001748       0x54 src/ASF/sam0/drivers/usb/stack_interface/usb_device_udd.o
 .text.udd_ctrl_in_sent
                0x0000179c       0xa8 src/ASF/sam0/drivers/usb/stack_interface/usb_device_udd.o
 .text._usb_ep0_on_setup
                0x00001844       0xe4 src/ASF/sam0/drivers/usb/stack_interface/usb_device_udd.o
 .text._usb_on_sof_notify
                0x00001928       0x14 src/ASF/sam0/drivers/usb/stack_interface/usb_device_udd.o
 .text._usb_on_suspend
                0x0000193c       0x34 src/ASF/sam0/drivers/usb/stack_interface/usb_device_udd.o
 .text.udd_ep_abort
                0x00001970       0x3c src/ASF/sam0/drivers/usb/stack_interface/usb_device_udd.o
                0x00001970                udd_ep_abort
 .text.udd_get_frame_number
                0x000019ac       0x10 src/ASF/sam0/drivers/usb/stack_interface/usb_device_udd.o
                0x000019ac                udd_get_frame_number
 .text.udd_ep_free
                0x000019bc       0x58 src/ASF/sam0/drivers/usb/stack_interface/usb_device_udd.o
                0x000019bc                udd_ep_free
 .text.udd_ep_alloc
                0x00001a14      0x108 src/ASF/sam0/drivers/usb/stack_interface/usb_device_udd.o
                0x00001a14                udd_ep_alloc
 .text.udd_ep_is_halted
                0x00001b1c       0x14 src/ASF/sam0/drivers/usb/stack_interface/usb_device_udd.o
                0x00001b1c                udd_ep_is_halted
 .text.udd_ep_set_halt
                0x00001b30       0x30 src/ASF/sam0/drivers/usb/stack_interface/usb_device_udd.o
                0x00001b30                udd_ep_set_halt
 .text._usb_ep0_on_tansfer_ok
                0x00001b60      0x100 src/ASF/sam0/drivers/usb/stack_interface/usb_device_udd.o
 .text.udd_ep_clear_halt
                0x00001c60       0x44 src/ASF/sam0/drivers/usb/stack_interface/usb_device_udd.o
                0x00001c60                udd_ep_clear_halt
 .text.udd_ep_run
                0x00001ca4      0x1d8 src/ASF/sam0/drivers/usb/stack_interface/usb_device_udd.o
                0x00001ca4                udd_ep_run
 .text.udd_set_address
                0x00001e7c       0x10 src/ASF/sam0/drivers/usb/stack_interface/usb_device_udd.o
                0x00001e7c                udd_set_address
 .text.udd_getaddress
                0x00001e8c       0x10 src/ASF/sam0/drivers/usb/stack_interface/usb_device_udd.o
                0x00001e8c                udd_getaddress
 .text.udd_set_setup_payload
                0x00001e9c        0xc src/ASF/sam0/drivers/usb/stack_interface/usb_device_udd.o
                0x00001e9c                udd_set_setup_payload
 .text.udd_attach
                0x00001ea8       0x84 src/ASF/sam0/drivers/usb/stack_interface/usb_device_udd.o
                0x00001ea8                udd_attach
 .text.udd_enable
                0x00001f2c       0x9c src/ASF/sam0/drivers/usb/stack_interface/usb_device_udd.o
                0x00001f2c                udd_enable
 .text.usb_device_register_callback
                0x00001fc8       0x24 src/ASF/sam0/drivers/usb/usb_sam_d_r/usb.o
                0x00001fc8                usb_device_register_callback
 .text.usb_device_enable_callback
                0x00001fec       0x20 src/ASF/sam0/drivers/usb/usb_sam_d_r/usb.o
                0x00001fec                usb_device_enable_callback
 .text.usb_device_disable_callback
                0x0000200c       0x1c src/ASF/sam0/drivers/usb/usb_sam_d_r/usb.o
                0x0000200c                usb_device_disable_callback
 .text.usb_device_endpoint_register_callback
                0x00002028       0x28 src/ASF/sam0/drivers/usb/usb_sam_d_r/usb.o
                0x00002028                usb_device_endpoint_register_callback
 .text.usb_device_endpoint_unregister_callback
                0x00002050       0x28 src/ASF/sam0/drivers/usb/usb_sam_d_r/usb.o
                0x00002050                usb_device_endpoint_unregister_callback
 .text.usb_device_endpoint_enable_callback
                0x00002078       0xd0 src/ASF/sam0/drivers/usb/usb_sam_d_r/usb.o
                0x00002078                usb_device_endpoint_enable_callback
 .text.usb_device_endpoint_disable_callback
                0x00002148       0xd0 src/ASF/sam0/drivers/usb/usb_sam_d_r/usb.o
                0x00002148                usb_device_endpoint_disable_callback
 .text.usb_device_endpoint_get_config_defaults
                0x00002218        0xe src/ASF/sam0/drivers/usb/usb_sam_d_r/usb.o
                0x00002218                usb_device_endpoint_get_config_defaults
 *fill*         0x00002226        0x2 
 .text.usb_device_endpoint_set_config
                0x00002228      0x244 src/ASF/sam0/drivers/usb/usb_sam_d_r/usb.o
                0x00002228                usb_device_endpoint_set_config
 .text.usb_device_endpoint_abort_job
                0x0000246c       0x36 src/ASF/sam0/drivers/usb/usb_sam_d_r/usb.o
                0x0000246c                usb_device_endpoint_abort_job
 .text.usb_device_endpoint_is_halted
                0x000024a2       0x2a src/ASF/sam0/drivers/usb/usb_sam_d_r/usb.o
                0x000024a2                usb_device_endpoint_is_halted
 .text.usb_device_endpoint_set_halt
                0x000024cc       0x26 src/ASF/sam0/drivers/usb/usb_sam_d_r/usb.o
                0x000024cc                usb_device_endpoint_set_halt
 .text.usb_device_endpoint_clear_halt
                0x000024f2       0x84 src/ASF/sam0/drivers/usb/usb_sam_d_r/usb.o
                0x000024f2                usb_device_endpoint_clear_halt
 *fill*         0x00002576        0x2 
 .text.usb_device_endpoint_write_buffer_job
                0x00002578       0x54 src/ASF/sam0/drivers/usb/usb_sam_d_r/usb.o
                0x00002578                usb_device_endpoint_write_buffer_job
 .text.usb_device_endpoint_read_buffer_job
                0x000025cc       0x50 src/ASF/sam0/drivers/usb/usb_sam_d_r/usb.o
                0x000025cc                usb_device_endpoint_read_buffer_job
 .text.usb_device_endpoint_setup_buffer_job
                0x0000261c       0x30 src/ASF/sam0/drivers/usb/usb_sam_d_r/usb.o
                0x0000261c                usb_device_endpoint_setup_buffer_job
 .text.usb_enable
                0x0000264c       0x14 src/ASF/sam0/drivers/usb/usb_sam_d_r/usb.o
                0x0000264c                usb_enable
 .text.USB_Handler
                0x00002660      0x6e0 src/ASF/sam0/drivers/usb/usb_sam_d_r/usb.o
                0x00002660                USB_Handler
 .text.usb_get_config_defaults
                0x00002d40        0xe src/ASF/sam0/drivers/usb/usb_sam_d_r/usb.o
                0x00002d40                usb_get_config_defaults
 *fill*         0x00002d4e        0x2 
 .text.usb_init
                0x00002d50      0x200 src/ASF/sam0/drivers/usb/usb_sam_d_r/usb.o
                0x00002d50                usb_init
 .text.Dummy_Handler
                0x00002f50        0x2 src/ASF/sam0/utils/cmsis/samd21/source/gcc/startup_samd21.o
                0x00002f50                DMAC_Handler
                0x00002f50                HardFault_Handler
                0x00002f50                AC_Handler
                0x00002f50                SysTick_Handler
                0x00002f50                PendSV_Handler
                0x00002f50                NMI_Handler
                0x00002f50                SERCOM1_Handler
                0x00002f50                ADC_Handler
                0x00002f50                TCC1_Handler
                0x00002f50                SERCOM2_Handler
                0x00002f50                TCC0_Handler
                0x00002f50                RTC_Handler
                0x00002f50                WDT_Handler
                0x00002f50                TC4_Handler
                0x00002f50                TC3_Handler
                0x00002f50                Dummy_Handler
                0x00002f50                PM_Handler
                0x00002f50                SVC_Handler
                0x00002f50                TCC2_Handler
                0x00002f50                EVSYS_Handler
                0x00002f50                SERCOM3_Handler
                0x00002f50                I2S_Handler
                0x00002f50                NVMCTRL_Handler
                0x00002f50                SERCOM0_Handler
                0x00002f50                DAC_Handler
                0x00002f50                PTC_Handler
                0x00002f50                TC5_Handler
                0x00002f50                SYSCTRL_Handler
 *fill*         0x00002f52        0x2 
 .text.Reset_Handler
                0x00002f54       0xe4 src/ASF/sam0/utils/cmsis/samd21/source/gcc/startup_samd21.o
                0x00002f54                Reset_Handler
 .text.main     0x00003038      0x108 src/main.o
                0x00003038                main
 .text.main_suspend_action
                0x00003140        0xc src/main.o
                0x00003140                main_suspend_action
 .text.main_resume_action
                0x0000314c        0xc src/main.o
                0x0000314c                main_resume_action
 .text.main_sof_action
                0x00003158       0x24 src/main.o
                0x00003158                main_sof_action
 .text.main_remotewakeup_enable
                0x0000317c        0xc src/main.o
                0x0000317c                main_remotewakeup_enable
 .text.main_remotewakeup_disable
                0x00003188        0xc src/main.o
                0x00003188                main_remotewakeup_disable
 .text.main_kbd_enable
                0x00003194       0x10 src/main.o
                0x00003194                main_kbd_enable
 .text.main_kbd_disable
                0x000031a4        0xc src/main.o
                0x000031a4                main_kbd_disable
 .text          0x000031b0      0x114 c:/program files (x86)/atmel/studio/7.0/toolchain/arm/arm-gnu-toolchain/bin/../lib/gcc/arm-none-eabi/6.3.1/thumb/v6-m\libgcc.a(_udivsi3.o)
                0x000031b0                __aeabi_uidiv
                0x000031b0                __udivsi3
                0x000032bc                __aeabi_uidivmod
 .text          0x000032c4      0x1d4 c:/program files (x86)/atmel/studio/7.0/toolchain/arm/arm-gnu-toolchain/bin/../lib/gcc/arm-none-eabi/6.3.1/thumb/v6-m\libgcc.a(_divsi3.o)
                0x000032c4                __divsi3
                0x000032c4                __aeabi_idiv
                0x00003490                __aeabi_idivmod
 .text          0x00003498        0x4 c:/program files (x86)/atmel/studio/7.0/toolchain/arm/arm-gnu-toolchain/bin/../lib/gcc/arm-none-eabi/6.3.1/thumb/v6-m\libgcc.a(_dvmd_tls.o)
                0x00003498                __aeabi_idiv0
                0x00003498                __aeabi_ldiv0
 .text          0x0000349c       0x40 c:/program files (x86)/atmel/studio/7.0/toolchain/arm/arm-gnu-toolchain/bin/../lib/gcc/arm-none-eabi/6.3.1/thumb/v6-m\libgcc.a(_ctzsi2.o)
                0x0000349c                __ctzsi2
 .text.__libc_init_array
                0x000034dc       0x48 c:/program files (x86)/atmel/studio/7.0/toolchain/arm/arm-gnu-toolchain/bin/../lib/gcc/arm-none-eabi/6.3.1/../../../../arm-none-eabi/lib/thumb/v6-m\libc_nano.a(lib_a-init.o)
                0x000034dc                __libc_init_array
 .text.memcpy   0x00003524       0x12 c:/program files (x86)/atmel/studio/7.0/toolchain/arm/arm-gnu-toolchain/bin/../lib/gcc/arm-none-eabi/6.3.1/../../../../arm-none-eabi/lib/thumb/v6-m\libc_nano.a(lib_a-memcpy-stub.o)
                0x00003524                memcpy
 .text.memset   0x00003536       0x10 c:/program files (x86)/atmel/studio/7.0/toolchain/arm/arm-gnu-toolchain/bin/../lib/gcc/arm-none-eabi/6.3.1/../../../../arm-none-eabi/lib/thumb/v6-m\libc_nano.a(lib_a-memset.o)
                0x00003536                memset
 *(.glue_7t)
 .glue_7t       0x00003546        0x0 linker stubs
 *(.glue_7)
 .glue_7        0x00003546        0x0 linker stubs
 *(.rodata .rodata* .gnu.linkonce.r.*)
 *fill*         0x00003546        0x2 
 .rodata.system_clock_source_enable
                0x00003548       0x24 src/ASF/sam0/drivers/system/clock/clock_samd21_r21_da_ha1/clock.o
 .rodata.usb_device_endpoint_set_config
                0x0000356c       0x14 src/ASF/sam0/drivers/usb/usb_sam_d_r/usb.o
 .rodata._usb_device_irq_bits
                0x00003580        0xe src/ASF/sam0/drivers/usb/usb_sam_d_r/usb.o
 *fill*         0x0000358e        0x2 
 .rodata._usb_endpoint_irq_bits
                0x00003590        0x4 src/ASF/sam0/drivers/usb/usb_sam_d_r/usb.o
 *(.ARM.extab* .gnu.linkonce.armextab.*)
                0x00003594                . = ALIGN (0x4)
 *(.init)
 .init          0x00003594        0x4 c:/program files (x86)/atmel/studio/7.0/toolchain/arm/arm-gnu-toolchain/bin/../lib/gcc/arm-none-eabi/6.3.1/thumb/v6-m/crti.o
                0x00003594                _init
 .init          0x00003598        0x8 c:/program files (x86)/atmel/studio/7.0/toolchain/arm/arm-gnu-toolchain/bin/../lib/gcc/arm-none-eabi/6.3.1/thumb/v6-m/crtn.o
                0x000035a0                . = ALIGN (0x4)
                0x000035a0                __preinit_array_start = .
 *(.preinit_array)
                0x000035a0                __preinit_array_end = .
                0x000035a0                . = ALIGN (0x4)
                0x000035a0                __init_array_start = .
 *(SORT(.init_array.*))
 *(.init_array)
 .init_array    0x000035a0        0x4 c:/program files (x86)/atmel/studio/7.0/toolchain/arm/arm-gnu-toolchain/bin/../lib/gcc/arm-none-eabi/6.3.1/thumb/v6-m/crtbegin.o
                0x000035a4                __init_array_end = .
                0x000035a4                . = ALIGN (0x4)
 *crtbegin.o(.ctors)
 *(EXCLUDE_FILE(*crtend.o) .ctors)
 *(SORT(.ctors.*))
 *crtend.o(.ctors)
                0x000035a4                . = ALIGN (0x4)
 *(.fini)
 .fini          0x000035a4        0x4 c:/program files (x86)/atmel/studio/7.0/toolchain/arm/arm-gnu-toolchain/bin/../lib/gcc/arm-none-eabi/6.3.1/thumb/v6-m/crti.o
                0x000035a4                _fini
 .fini          0x000035a8        0x8 c:/program files (x86)/atmel/studio/7.0/toolchain/arm/arm-gnu-toolchain/bin/../lib/gcc/arm-none-eabi/6.3.1/thumb/v6-m/crtn.o
                0x000035b0                . = ALIGN (0x4)
                0x000035b0                __fini_array_start = .
 *(.fini_array)
 .fini_array    0x000035b0        0x4 c:/program files (x86)/atmel/studio/7.0/toolchain/arm/arm-gnu-toolchain/bin/../lib/gcc/arm-none-eabi/6.3.1/thumb/v6-m/crtbegin.o
 *(SORT(.fini_array.*))
                0x000035b4                __fini_array_end = .
 *crtbegin.o(.dtors)
 *(EXCLUDE_FILE(*crtend.o) .dtors)
 *(SORT(.dtors.*))
 *crtend.o(.dtors)
                0x000035b4                . = ALIGN (0x4)
                0x000035b4                _efixed = .
                [!provide]                PROVIDE (__exidx_start, .)

.vfp11_veneer   0x000035b4        0x0
 .vfp11_veneer  0x000035b4        0x0 linker stubs

.v4_bx          0x000035b4        0x0
 .v4_bx         0x000035b4        0x0 linker stubs

.iplt           0x000035b4        0x0
 .iplt          0x000035b4        0x0 c:/program files (x86)/atmel/studio/7.0/toolchain/arm/arm-gnu-toolchain/bin/../lib/gcc/arm-none-eabi/6.3.1/thumb/v6-m/crtbegin.o

.eh_frame       0x000035b4        0x0
 .eh_frame      0x000035b4        0x0 c:/program files (x86)/atmel/studio/7.0/toolchain/arm/arm-gnu-toolchain/bin/../lib/gcc/arm-none-eabi/6.3.1/thumb/v6-m/crtbegin.o

.rel.dyn        0x000035b4        0x0
 .rel.iplt      0x000035b4        0x0 c:/program files (x86)/atmel/studio/7.0/toolchain/arm/arm-gnu-toolchain/bin/../lib/gcc/arm-none-eabi/6.3.1/thumb/v6-m/crtbegin.o

.jcr            0x000035b4        0x0
 .jcr           0x000035b4        0x0 c:/program files (x86)/atmel/studio/7.0/toolchain/arm/arm-gnu-toolchain/bin/../lib/gcc/arm-none-eabi/6.3.1/thumb/v6-m/crtbegin.o

.igot.plt       0x000035b4        0x0
 .igot.plt      0x000035b4        0x0 c:/program files (x86)/atmel/studio/7.0/toolchain/arm/arm-gnu-toolchain/bin/../lib/gcc/arm-none-eabi/6.3.1/thumb/v6-m/crtbegin.o

.ARM.exidx
 *(.ARM.exidx* .gnu.linkonce.armexidx.*)
                [!provide]                PROVIDE (__exidx_end, .)
                0x000035b4                . = ALIGN (0x4)
                0x000035b4                _etext = .

.relocate       0x20000000       0xdc load address 0x000035b4
                0x20000000                . = ALIGN (0x4)
                0x20000000                _srelocate = .
 *(.ramfunc .ramfunc.*)
 *(.data .data.*)
 .data.udi_api_hid_kbd
                0x20000000       0x14 src/ASF/common/services/usb/class/hid/device/kbd/udi_hid_kbd.o
                0x20000000                udi_api_hid_kbd
 .data.udi_hid_kbd_report_desc
                0x20000014       0x3b src/ASF/common/services/usb/class/hid/device/kbd/udi_hid_kbd.o
                0x20000014                udi_hid_kbd_report_desc
 *fill*         0x2000004f        0x1 
 .data.udc_config
                0x20000050        0xc src/ASF/common/services/usb/class/hid/device/kbd/udi_hid_kbd_desc.o
                0x20000050                udc_config
 .data.udc_config_fshs
                0x2000005c        0x8 src/ASF/common/services/usb/class/hid/device/kbd/udi_hid_kbd_desc.o
                0x2000005c                udc_config_fshs
 .data.udc_desc
                0x20000064       0x22 src/ASF/common/services/usb/class/hid/device/kbd/udi_hid_kbd_desc.o
                0x20000064                udc_desc
 *fill*         0x20000086        0x2 
 .data.udc_device_desc
                0x20000088       0x12 src/ASF/common/services/usb/class/hid/device/kbd/udi_hid_kbd_desc.o
                0x20000088                udc_device_desc
 *fill*         0x2000009a        0x2 
 .data.udi_apis
                0x2000009c        0x4 src/ASF/common/services/usb/class/hid/device/kbd/udi_hid_kbd_desc.o
                0x2000009c                udi_apis
 .data.udc_string_desc
                0x200000a0       0x1c src/ASF/common/services/usb/udc/udc.o
 .data.udc_string_desc_languageid
                0x200000bc        0x4 src/ASF/common/services/usb/udc/udc.o
 .data.udc_string_manufacturer_name
                0x200000c0        0x9 src/ASF/common/services/usb/udc/udc.o
 *fill*         0x200000c9        0x3 
 .data.udc_string_product_name
                0x200000cc        0xe src/ASF/common/services/usb/udc/udc.o
 .data.g_interrupt_enabled
                0x200000da        0x1 src/ASF/common/utils/interrupt/interrupt_sam_nvic.o
                0x200000da                g_interrupt_enabled
 .data.main_b_kbd_enable
                0x200000db        0x1 src/main.o
                0x200000dc                . = ALIGN (0x4)
                0x200000dc                _erelocate = .

.bss            0x200000dc      0x3d0 load address 0x00003690
                0x200000dc                . = ALIGN (0x4)
                0x200000dc                _sbss = .
                0x200000dc                _szero = .
 *(.bss .bss.*)
 .bss           0x200000dc       0x1c c:/program files (x86)/atmel/studio/7.0/toolchain/arm/arm-gnu-toolchain/bin/../lib/gcc/arm-none-eabi/6.3.1/thumb/v6-m/crtbegin.o
 .bss.btn_last_state.13085
                0x200000f8        0x1 src/ASF/common/services/usb/class/hid/device/kbd/example/samd21j18a_samd21_xplained_pro/ui.o
 .bss.btn_last_state2.13087
                0x200000f9        0x1 src/ASF/common/services/usb/class/hid/device/kbd/example/samd21j18a_samd21_xplained_pro/ui.o
 .bss.udi_hid_kbd_b_report_trans_ongoing
                0x200000fa        0x1 src/ASF/common/services/usb/class/hid/device/kbd/udi_hid_kbd.o
 .bss.udi_hid_kbd_b_report_valid
                0x200000fb        0x1 src/ASF/common/services/usb/class/hid/device/kbd/udi_hid_kbd.o
 .bss.udi_hid_kbd_protocol
                0x200000fc        0x1 src/ASF/common/services/usb/class/hid/device/kbd/udi_hid_kbd.o
 *fill*         0x200000fd        0x3 
 .bss.udi_hid_kbd_rate
                0x20000100        0x1 src/ASF/common/services/usb/class/hid/device/kbd/udi_hid_kbd.o
 *fill*         0x20000101        0x3 
 .bss.udi_hid_kbd_report
                0x20000104        0x8 src/ASF/common/services/usb/class/hid/device/kbd/udi_hid_kbd.o
 .bss.udi_hid_kbd_report_set
                0x2000010c        0x1 src/ASF/common/services/usb/class/hid/device/kbd/udi_hid_kbd.o
 *fill*         0x2000010d        0x3 
 .bss.udi_hid_kbd_report_trans
                0x20000110        0x8 src/ASF/common/services/usb/class/hid/device/kbd/udi_hid_kbd.o
 .bss.udc_device_status
                0x20000118        0x2 src/ASF/common/services/usb/udc/udc.o
 .bss.udc_ep_status.12106
                0x2000011a        0x2 src/ASF/common/services/usb/udc/udc.o
 .bss.udc_iface_setting
                0x2000011c        0x1 src/ASF/common/services/usb/udc/udc.o
 *fill*         0x2000011d        0x3 
 .bss.udc_num_configuration
                0x20000120        0x1 src/ASF/common/services/usb/udc/udc.o
 *fill*         0x20000121        0x3 
 .bss.udc_ptr_conf
                0x20000124        0x4 src/ASF/common/services/usb/udc/udc.o
 .bss.udc_ptr_iface
                0x20000128        0x4 src/ASF/common/services/usb/udc/udc.o
 .bss.cpu_irq_critical_section_counter
                0x2000012c        0x4 src/ASF/common/utils/interrupt/interrupt_sam_nvic.o
 .bss.cpu_irq_prev_interrupt_state
                0x20000130        0x1 src/ASF/common/utils/interrupt/interrupt_sam_nvic.o
 *fill*         0x20000131        0x3 
 .bss._system_clock_inst
                0x20000134       0x18 src/ASF/sam0/drivers/system/clock/clock_samd21_r21_da_ha1/clock.o
 .bss.b_shortpacket.13386
                0x2000014c        0x1 src/ASF/sam0/drivers/usb/stack_interface/usb_device_udd.o
 *fill*         0x2000014d        0x1 
 .bss.udd_ctrl_payload_nb_trans
                0x2000014e        0x2 src/ASF/sam0/drivers/usb/stack_interface/usb_device_udd.o
 .bss.udd_ctrl_prev_payload_nb_trans
                0x20000150        0x2 src/ASF/sam0/drivers/usb/stack_interface/usb_device_udd.o
 .bss.udd_ep_control_state
                0x20000152        0x1 src/ASF/sam0/drivers/usb/stack_interface/usb_device_udd.o
 *fill*         0x20000153        0x1 
 .bss.udd_ep_job
                0x20000154       0x28 src/ASF/sam0/drivers/usb/stack_interface/usb_device_udd.o
 .bss.udd_state.13243
                0x2000017c        0x1 src/ASF/sam0/drivers/usb/stack_interface/usb_device_udd.o
 *fill*         0x2000017d        0x3 
 .bss._usb_instances
                0x20000180        0x4 src/ASF/sam0/drivers/usb/usb_sam_d_r/usb.o
 .bss.device_callback_lpm_wakeup_enable
                0x20000184        0x4 src/ASF/sam0/drivers/usb/usb_sam_d_r/usb.o
 .bss.ep_callback_para
                0x20000188        0x8 src/ASF/sam0/drivers/usb/usb_sam_d_r/usb.o
 .bss.host_pipe_job_busy_status
                0x20000190        0x4 src/ASF/sam0/drivers/usb/usb_sam_d_r/usb.o
                0x20000190                host_pipe_job_busy_status
 .bss.pipe_callback_para
                0x20000194        0x6 src/ASF/sam0/drivers/usb/usb_sam_d_r/usb.o
 *(COMMON)
 *fill*         0x2000019a        0x2 
 COMMON         0x2000019c        0x5 src/ASF/common/services/sleepmgr/samd/sleepmgr.o
                0x2000019c                sleepmgr_locks
 COMMON         0x200001a1        0x1 src/ASF/sam0/drivers/extint/extint_callback.o
                0x200001a1                _current_channel
 *fill*         0x200001a2        0x2 
 COMMON         0x200001a4       0x40 src/ASF/sam0/drivers/extint/extint_sam_d_r_h/extint.o
                0x200001a4                _extint_dev
 COMMON         0x200001e4      0x1c8 src/ASF/sam0/drivers/usb/stack_interface/usb_device_udd.o
                0x200001e4                udd_ep_out_cache_buffer
                0x20000224                usb_device
                0x2000038c                udd_g_ctrlreq
                0x200003a4                udd_ctrl_buffer
 COMMON         0x200003ac      0x100 src/ASF/sam0/drivers/usb/usb_sam_d_r/usb.o
                0x200003ac                usb_descriptor_table
                0x200004ac                . = ALIGN (0x4)
                0x200004ac                _ebss = .
                0x200004ac                _ezero = .

.stack          0x200004ac     0x2004 load address 0x00003a60
                0x200004b0                . = ALIGN (0x8)
 *fill*         0x200004ac        0x4 
                0x200004b0                _sstack = .
                0x200024b0                . = (. + STACK_SIZE)
 *fill*         0x200004b0     0x2000 
                0x200024b0                . = ALIGN (0x8)
                0x200024b0                _estack = .
                0x200024b0                . = ALIGN (0x4)
                0x200024b0                _end = .
OUTPUT(firmware.elf elf32-littlearm)

.ARM.attributes
                0x00000000       0x28
 .ARM.attributes
                0x00000000       0x1e c:/program files (x86)/atmel/studio/7.0/toolchain/arm/arm-gnu-toolchain/bin/../lib/gcc/arm-none-eabi/6.3.1/thumb/v6-m/crti.o
 .ARM.attributes
                0x0000001e       0x2c c:/program files (x86)/atmel/studio/7.0/toolchain/arm/arm-gnu-toolchain/bin/../lib/gcc/arm-none-eabi/6.3.1/thumb/v6-m/crtbegin.o
 .ARM.attributes
                0x0000004a       0x32 src/ASF/common/services/usb/class/hid/device/kbd/example/samd21j18a_samd21_xplained_pro/ui.o
 .ARM.attributes
                0x0000007c       0x32 src/ASF/common/services/sleepmgr/samd/sleepmgr.o
 .ARM.attributes
                0x000000ae       0x32 src/ASF/common/services/usb/class/hid/device/kbd/udi_hid_kbd.o
 .ARM.attributes
                0x000000e0       0x32 src/ASF/common/services/usb/class/hid/device/kbd/udi_hid_kbd_desc.o
 .ARM.attributes
                0x00000112       0x32 src/ASF/common/services/usb/class/hid/device/udi_hid.o
 .ARM.attributes
                0x00000144       0x32 src/ASF/common/services/usb/udc/udc.o
 .ARM.attributes
                0x00000176       0x32 src/ASF/common/utils/interrupt/interrupt_sam_nvic.o
 .ARM.attributes
                0x000001a8       0x32 src/ASF/sam0/boards/samd21_xplained_pro/board_init.o
 .ARM.attributes
                0x000001da       0x32 src/ASF/sam0/drivers/extint/extint_callback.o
 .ARM.attributes
                0x0000020c       0x32 src/ASF/sam0/drivers/extint/extint_sam_d_r_h/extint.o
 .ARM.attributes
                0x0000023e       0x32 src/ASF/sam0/drivers/port/port.o
 .ARM.attributes
                0x00000270       0x32 src/ASF/sam0/drivers/system/clock/clock_samd21_r21_da_ha1/clock.o
 .ARM.attributes
                0x000002a2       0x32 src/ASF/sam0/drivers/system/clock/clock_samd21_r21_da_ha1/gclk.o
 .ARM.attributes
                0x000002d4       0x32 src/ASF/sam0/drivers/system/pinmux/pinmux.o
 .ARM.attributes
                0x00000306       0x32 src/ASF/sam0/drivers/system/system.o
 .ARM.attributes
                0x00000338       0x32 src/ASF/sam0/drivers/usb/stack_interface/usb_device_udd.o
 .ARM.attributes
                0x0000036a       0x32 src/ASF/sam0/drivers/usb/usb_sam_d_r/usb.o
 .ARM.attributes
                0x0000039c       0x32 src/ASF/sam0/utils/cmsis/samd21/source/gcc/startup_samd21.o
 .ARM.attributes
                0x000003ce       0x32 src/main.o
 .ARM.attributes
                0x00000400       0x1e c:/program files (x86)/atmel/studio/7.0/toolchain/arm/arm-gnu-toolchain/bin/../lib/gcc/arm-none-eabi/6.3.1/thumb/v6-m\libgcc.a(_udivsi3.o)
 .ARM.attributes
                0x0000041e       0x1e c:/program files (x86)/atmel/studio/7.0/toolchain/arm/arm-gnu-toolchain/bin/../lib/gcc/arm-none-eabi/6.3.1/thumb/v6-m\libgcc.a(_divsi3.o)
 .ARM.attributes
                0x0000043c       0x1e c:/program files (x86)/atmel/studio/7.0/toolchain/arm/arm-gnu-toolchain/bin/../lib/gcc/arm-none-eabi/6.3.1/thumb/v6-m\libgcc.a(_dvmd_tls.o)
 .ARM.attributes
                0x0000045a       0x1e c:/program files (x86)/atmel/studio/7.0/toolchain/arm/arm-gnu-toolchain/bin/../lib/gcc/arm-none-eabi/6.3.1/thumb/v6-m\libgcc.a(_ctzsi2.o)
 .ARM.attributes
                0x00000478       0x2c c:/program files (x86)/atmel/studio/7.0/toolchain/arm/arm-gnu-toolchain/bin/../lib/gcc/arm-none-eabi/6.3.1/../../../../arm-none-eabi/lib/thumb/v6-m\libc_nano.a(lib_a-init.o)
 .ARM.attributes
                0x000004a4       0x2c c:/program files (x86)/atmel/studio/7.0/toolchain/arm/arm-gnu-toolchain/bin/../lib/gcc/arm-none-eabi/6.3.1/../../../../arm-none-eabi/lib/thumb/v6-m\libc_nano.a(lib_a-memcpy-stub.o)
 .ARM.attributes
                0x000004d0       0x2c c:/program files (x86)/atmel/studio/7.0/toolchain/arm/arm-gnu-toolchain/bin/../lib/gcc/arm-none-eabi/6.3.1/../../../../arm-none-eabi/lib/thumb/v6-m\libc_nano.a(lib_a-memset.o)
 .ARM.attributes
                0x000004fc       0x1e c:/program files (x86)/atmel/studio/7.0/toolchain/arm/arm-gnu-toolchain/bin/../lib/gcc/arm-none-eabi/6.3.1/thumb/v6-m/crtn.o

.comment        0x00000000       0x59
 .comment       0x00000000       0x59 src/ASF/common/services/usb/class/hid/device/kbd/example/samd21j18a_samd21_xplained_pro/ui.o
                                 0x5a (size before relaxing)
 .comment       0x00000059       0x5a src/ASF/common/services/sleepmgr/samd/sleepmgr.o
 .comment       0x00000059       0x5a src/ASF/common/services/usb/class/hid/device/kbd/udi_hid_kbd.o
 .comment       0x00000059       0x5a src/ASF/common/services/usb/class/hid/device/kbd/udi_hid_kbd_desc.o
 .comment       0x00000059       0x5a src/ASF/common/services/usb/class/hid/device/udi_hid.o
 .comment       0x00000059       0x5a src/ASF/common/services/usb/udc/udc.o
 .comment       0x00000059       0x5a src/ASF/common/utils/interrupt/interrupt_sam_nvic.o
 .comment       0x00000059       0x5a src/ASF/sam0/boards/samd21_xplained_pro/board_init.o
 .comment       0x00000059       0x5a src/ASF/sam0/drivers/extint/extint_callback.o
 .comment       0x00000059       0x5a src/ASF/sam0/drivers/extint/extint_sam_d_r_h/extint.o
 .comment       0x00000059       0x5a src/ASF/sam0/drivers/port/port.o
 .comment       0x00000059       0x5a src/ASF/sam0/drivers/system/clock/clock_samd21_r21_da_ha1/clock.o
 .comment       0x00000059       0x5a src/ASF/sam0/drivers/system/clock/clock_samd21_r21_da_ha1/gclk.o
 .comment       0x00000059       0x5a src/ASF/sam0/drivers/system/pinmux/pinmux.o
 .comment       0x00000059       0x5a src/ASF/sam0/drivers/system/system.o
 .comment       0x00000059       0x5a src/ASF/sam0/drivers/usb/stack_interface/usb_device_udd.o
 .comment       0x00000059       0x5a src/ASF/sam0/drivers/usb/usb_sam_d_r/usb.o
 .comment       0x00000059       0x5a src/ASF/sam0/utils/cmsis/samd21/source/gcc/startup_samd21.o
 .comment       0x00000059       0x5a src/main.o

.debug_info     0x00000000    0x27e1a
 .debug_info    0x00000000     0x1818 src/ASF/common/services/usb/class/hid/device/kbd/example/samd21j18a_samd21_xplained_pro/ui.o
 .debug_info    0x00001818      0xa8e src/ASF/common/services/sleepmgr/samd/sleepmgr.o
 .debug_info    0x000022a6     0x1687 src/ASF/common/services/usb/class/hid/device/kbd/udi_hid_kbd.o
 .debug_info    0x0000392d     0x1119 src/ASF/common/services/usb/class/hid/device/kbd/udi_hid_kbd_desc.o
 .debug_info    0x00004a46     0x1001 src/ASF/common/services/usb/class/hid/device/udi_hid.o
 .debug_info    0x00005a47     0x1ad4 src/ASF/common/services/usb/udc/udc.o
 .debug_info    0x0000751b      0xb05 src/ASF/common/utils/interrupt/interrupt_sam_nvic.o
 .debug_info    0x00008020     0x12ac src/ASF/sam0/boards/samd21_xplained_pro/board_init.o
 .debug_info    0x000092cc     0x19a7 src/ASF/sam0/drivers/extint/extint_callback.o
 .debug_info    0x0000ac73     0x2ae7 src/ASF/sam0/drivers/extint/extint_sam_d_r_h/extint.o
 .debug_info    0x0000d75a     0x12b6 src/ASF/sam0/drivers/port/port.o
 .debug_info    0x0000ea10     0x3877 src/ASF/sam0/drivers/system/clock/clock_samd21_r21_da_ha1/clock.o
 .debug_info    0x00012287     0x1ec7 src/ASF/sam0/drivers/system/clock/clock_samd21_r21_da_ha1/gclk.o
 .debug_info    0x0001414e     0x13f3 src/ASF/sam0/drivers/system/pinmux/pinmux.o
 .debug_info    0x00015541      0xa73 src/ASF/sam0/drivers/system/system.o
 .debug_info    0x00015fb4     0x6402 src/ASF/sam0/drivers/usb/stack_interface/usb_device_udd.o
 .debug_info    0x0001c3b6     0x5245 src/ASF/sam0/drivers/usb/usb_sam_d_r/usb.o
 .debug_info    0x000215fb     0x3a3f src/ASF/sam0/utils/cmsis/samd21/source/gcc/startup_samd21.o
 .debug_info    0x0002503a     0x2de0 src/main.o

.debug_abbrev   0x00000000     0x3f9c
 .debug_abbrev  0x00000000      0x35b src/ASF/common/services/usb/class/hid/device/kbd/example/samd21j18a_samd21_xplained_pro/ui.o
 .debug_abbrev  0x0000035b      0x1b2 src/ASF/common/services/sleepmgr/samd/sleepmgr.o
 .debug_abbrev  0x0000050d      0x405 src/ASF/common/services/usb/class/hid/device/kbd/udi_hid_kbd.o
 .debug_abbrev  0x00000912      0x1c7 src/ASF/common/services/usb/class/hid/device/kbd/udi_hid_kbd_desc.o
 .debug_abbrev  0x00000ad9      0x24e src/ASF/common/services/usb/class/hid/device/udi_hid.o
 .debug_abbrev  0x00000d27      0x3f5 src/ASF/common/services/usb/udc/udc.o
 .debug_abbrev  0x0000111c      0x23b src/ASF/common/utils/interrupt/interrupt_sam_nvic.o
 .debug_abbrev  0x00001357      0x2dc src/ASF/sam0/boards/samd21_xplained_pro/board_init.o
 .debug_abbrev  0x00001633      0x333 src/ASF/sam0/drivers/extint/extint_callback.o
 .debug_abbrev  0x00001966      0x4b4 src/ASF/sam0/drivers/extint/extint_sam_d_r_h/extint.o
 .debug_abbrev  0x00001e1a      0x298 src/ASF/sam0/drivers/port/port.o
 .debug_abbrev  0x000020b2      0x493 src/ASF/sam0/drivers/system/clock/clock_samd21_r21_da_ha1/clock.o
 .debug_abbrev  0x00002545      0x40d src/ASF/sam0/drivers/system/clock/clock_samd21_r21_da_ha1/gclk.o
 .debug_abbrev  0x00002952      0x361 src/ASF/sam0/drivers/system/pinmux/pinmux.o
 .debug_abbrev  0x00002cb3      0x1e1 src/ASF/sam0/drivers/system/system.o
 .debug_abbrev  0x00002e94      0x607 src/ASF/sam0/drivers/usb/stack_interface/usb_device_udd.o
 .debug_abbrev  0x0000349b      0x507 src/ASF/sam0/drivers/usb/usb_sam_d_r/usb.o
 .debug_abbrev  0x000039a2      0x234 src/ASF/sam0/utils/cmsis/samd21/source/gcc/startup_samd21.o
 .debug_abbrev  0x00003bd6      0x3c6 src/main.o

.debug_loc      0x00000000     0x5cb7
 .debug_loc     0x00000000      0x136 src/ASF/common/services/usb/class/hid/device/kbd/example/samd21j18a_samd21_xplained_pro/ui.o
 .debug_loc     0x00000136      0x3bb src/ASF/common/services/usb/class/hid/device/kbd/udi_hid_kbd.o
 .debug_loc     0x000004f1      0x247 src/ASF/common/services/usb/class/hid/device/udi_hid.o
 .debug_loc     0x00000738      0x4d6 src/ASF/common/services/usb/udc/udc.o
 .debug_loc     0x00000c0e       0x8a src/ASF/sam0/boards/samd21_xplained_pro/board_init.o
 .debug_loc     0x00000c98      0x2ac src/ASF/sam0/drivers/extint/extint_callback.o
 .debug_loc     0x00000f44      0x43d src/ASF/sam0/drivers/extint/extint_sam_d_r_h/extint.o
 .debug_loc     0x00001381      0x13d src/ASF/sam0/drivers/port/port.o
 .debug_loc     0x000014be      0xf2e src/ASF/sam0/drivers/system/clock/clock_samd21_r21_da_ha1/clock.o
 .debug_loc     0x000023ec      0x504 src/ASF/sam0/drivers/system/clock/clock_samd21_r21_da_ha1/gclk.o
 .debug_loc     0x000028f0      0x36d src/ASF/sam0/drivers/system/pinmux/pinmux.o
 .debug_loc     0x00002c5d       0x20 src/ASF/sam0/drivers/system/system.o
 .debug_loc     0x00002c7d     0x130b src/ASF/sam0/drivers/usb/stack_interface/usb_device_udd.o
 .debug_loc     0x00003f88     0x1b24 src/ASF/sam0/drivers/usb/usb_sam_d_r/usb.o
 .debug_loc     0x00005aac       0x40 src/ASF/sam0/utils/cmsis/samd21/source/gcc/startup_samd21.o
 .debug_loc     0x00005aec      0x1cb src/main.o

.debug_aranges  0x00000000      0x6f0
 .debug_aranges
                0x00000000       0x50 src/ASF/common/services/usb/class/hid/device/kbd/example/samd21j18a_samd21_xplained_pro/ui.o
 .debug_aranges
                0x00000050       0x18 src/ASF/common/services/sleepmgr/samd/sleepmgr.o
 .debug_aranges
                0x00000068       0x78 src/ASF/common/services/usb/class/hid/device/kbd/udi_hid_kbd.o
 .debug_aranges
                0x000000e0       0x18 src/ASF/common/services/usb/class/hid/device/kbd/udi_hid_kbd_desc.o
 .debug_aranges
                0x000000f8       0x20 src/ASF/common/services/usb/class/hid/device/udi_hid.o
 .debug_aranges
                0x00000118       0x70 src/ASF/common/services/usb/udc/udc.o
 .debug_aranges
                0x00000188       0x28 src/ASF/common/utils/interrupt/interrupt_sam_nvic.o
 .debug_aranges
                0x000001b0       0x20 src/ASF/sam0/boards/samd21_xplained_pro/board_init.o
 .debug_aranges
                0x000001d0       0x48 src/ASF/sam0/drivers/extint/extint_callback.o
 .debug_aranges
                0x00000218       0x50 src/ASF/sam0/drivers/extint/extint_sam_d_r_h/extint.o
 .debug_aranges
                0x00000268       0x28 src/ASF/sam0/drivers/port/port.o
 .debug_aranges
                0x00000290       0x78 src/ASF/sam0/drivers/system/clock/clock_samd21_r21_da_ha1/clock.o
 .debug_aranges
                0x00000308       0x80 src/ASF/sam0/drivers/system/clock/clock_samd21_r21_da_ha1/gclk.o
 .debug_aranges
                0x00000388       0x40 src/ASF/sam0/drivers/system/pinmux/pinmux.o
 .debug_aranges
                0x000003c8       0x28 src/ASF/sam0/drivers/system/system.o
 .debug_aranges
                0x000003f0      0x128 src/ASF/sam0/drivers/usb/stack_interface/usb_device_udd.o
 .debug_aranges
                0x00000518      0x158 src/ASF/sam0/drivers/usb/usb_sam_d_r/usb.o
 .debug_aranges
                0x00000670       0x28 src/ASF/sam0/utils/cmsis/samd21/source/gcc/startup_samd21.o
 .debug_aranges
                0x00000698       0x58 src/main.o

.debug_ranges   0x00000000      0x7c0
 .debug_ranges  0x00000000       0x40 src/ASF/common/services/usb/class/hid/device/kbd/example/samd21j18a_samd21_xplained_pro/ui.o
 .debug_ranges  0x00000040       0x68 src/ASF/common/services/usb/class/hid/device/kbd/udi_hid_kbd.o
 .debug_ranges  0x000000a8       0x10 src/ASF/common/services/usb/class/hid/device/udi_hid.o
 .debug_ranges  0x000000b8       0xd0 src/ASF/common/services/usb/udc/udc.o
 .debug_ranges  0x00000188       0x18 src/ASF/common/utils/interrupt/interrupt_sam_nvic.o
 .debug_ranges  0x000001a0       0x10 src/ASF/sam0/boards/samd21_xplained_pro/board_init.o
 .debug_ranges  0x000001b0       0x90 src/ASF/sam0/drivers/extint/extint_callback.o
 .debug_ranges  0x00000240       0x40 src/ASF/sam0/drivers/extint/extint_sam_d_r_h/extint.o
 .debug_ranges  0x00000280       0x18 src/ASF/sam0/drivers/port/port.o
 .debug_ranges  0x00000298       0x68 src/ASF/sam0/drivers/system/clock/clock_samd21_r21_da_ha1/clock.o
 .debug_ranges  0x00000300       0x88 src/ASF/sam0/drivers/system/clock/clock_samd21_r21_da_ha1/gclk.o
 .debug_ranges  0x00000388       0x30 src/ASF/sam0/drivers/system/pinmux/pinmux.o
 .debug_ranges  0x000003b8       0x18 src/ASF/sam0/drivers/system/system.o
 .debug_ranges  0x000003d0      0x1a8 src/ASF/sam0/drivers/usb/stack_interface/usb_device_udd.o
 .debug_ranges  0x00000578      0x190 src/ASF/sam0/drivers/usb/usb_sam_d_r/usb.o
 .debug_ranges  0x00000708       0x18 src/ASF/sam0/utils/cmsis/samd21/source/gcc/startup_samd21.o
 .debug_ranges  0x00000720       0xa0 src/main.o

.debug_macro    0x00000000    0x1be40
 .debug_macro   0x00000000      0x686 src/ASF/common/services/usb/class/hid/device/kbd/example/samd21j18a_samd21_xplained_pro/ui.o
 .debug_macro   0x00000686      0x8c2 src/ASF/common/services/usb/class/hid/device/kbd/example/samd21j18a_samd21_xplained_pro/ui.o
 .debug_macro   0x00000f48      0x16d src/ASF/common/services/usb/class/hid/device/kbd/example/samd21j18a_samd21_xplained_pro/ui.o
 .debug_macro   0x000010b5      0x71d src/ASF/common/services/usb/class/hid/device/kbd/example/samd21j18a_samd21_xplained_pro/ui.o
 .debug_macro   0x000017d2       0x22 src/ASF/common/services/usb/class/hid/device/kbd/example/samd21j18a_samd21_xplained_pro/ui.o
 .debug_macro   0x000017f4       0x87 src/ASF/common/services/usb/class/hid/device/kbd/example/samd21j18a_samd21_xplained_pro/ui.o
 .debug_macro   0x0000187b       0x51 src/ASF/common/services/usb/class/hid/device/kbd/example/samd21j18a_samd21_xplained_pro/ui.o
 .debug_macro   0x000018cc       0xef src/ASF/common/services/usb/class/hid/device/kbd/example/samd21j18a_samd21_xplained_pro/ui.o
 .debug_macro   0x000019bb       0x6a src/ASF/common/services/usb/class/hid/device/kbd/example/samd21j18a_samd21_xplained_pro/ui.o
 .debug_macro   0x00001a25      0x1df src/ASF/common/services/usb/class/hid/device/kbd/example/samd21j18a_samd21_xplained_pro/ui.o
 .debug_macro   0x00001c04       0x10 src/ASF/common/services/usb/class/hid/device/kbd/example/samd21j18a_samd21_xplained_pro/ui.o
 .debug_macro   0x00001c14       0x76 src/ASF/common/services/usb/class/hid/device/kbd/example/samd21j18a_samd21_xplained_pro/ui.o
 .debug_macro   0x00001c8a       0x16 src/ASF/common/services/usb/class/hid/device/kbd/example/samd21j18a_samd21_xplained_pro/ui.o
 .debug_macro   0x00001ca0      0x6db src/ASF/common/services/usb/class/hid/device/kbd/example/samd21j18a_samd21_xplained_pro/ui.o
 .debug_macro   0x0000237b      0xdd8 src/ASF/common/services/usb/class/hid/device/kbd/example/samd21j18a_samd21_xplained_pro/ui.o
 .debug_macro   0x00003153       0x22 src/ASF/common/services/usb/class/hid/device/kbd/example/samd21j18a_samd21_xplained_pro/ui.o
 .debug_macro   0x00003175       0x40 src/ASF/common/services/usb/class/hid/device/kbd/example/samd21j18a_samd21_xplained_pro/ui.o
 .debug_macro   0x000031b5       0x1c src/ASF/common/services/usb/class/hid/device/kbd/example/samd21j18a_samd21_xplained_pro/ui.o
 .debug_macro   0x000031d1       0x22 src/ASF/common/services/usb/class/hid/device/kbd/example/samd21j18a_samd21_xplained_pro/ui.o
 .debug_macro   0x000031f3       0xb5 src/ASF/common/services/usb/class/hid/device/kbd/example/samd21j18a_samd21_xplained_pro/ui.o
 .debug_macro   0x000032a8      0x3ad src/ASF/common/services/usb/class/hid/device/kbd/example/samd21j18a_samd21_xplained_pro/ui.o
 .debug_macro   0x00003655      0x681 src/ASF/common/services/usb/class/hid/device/kbd/example/samd21j18a_samd21_xplained_pro/ui.o
 .debug_macro   0x00003cd6      0x8b5 src/ASF/common/services/usb/class/hid/device/kbd/example/samd21j18a_samd21_xplained_pro/ui.o
 .debug_macro   0x0000458b      0x230 src/ASF/common/services/usb/class/hid/device/kbd/example/samd21j18a_samd21_xplained_pro/ui.o
 .debug_macro   0x000047bb      0xd60 src/ASF/common/services/usb/class/hid/device/kbd/example/samd21j18a_samd21_xplained_pro/ui.o
 .debug_macro   0x0000551b      0x4cb src/ASF/common/services/usb/class/hid/device/kbd/example/samd21j18a_samd21_xplained_pro/ui.o
 .debug_macro   0x000059e6      0x9f8 src/ASF/common/services/usb/class/hid/device/kbd/example/samd21j18a_samd21_xplained_pro/ui.o
 .debug_macro   0x000063de      0x82b src/ASF/common/services/usb/class/hid/device/kbd/example/samd21j18a_samd21_xplained_pro/ui.o
 .debug_macro   0x00006c09      0x455 src/ASF/common/services/usb/class/hid/device/kbd/example/samd21j18a_samd21_xplained_pro/ui.o
 .debug_macro   0x0000705e       0x5e src/ASF/common/services/usb/class/hid/device/kbd/example/samd21j18a_samd21_xplained_pro/ui.o
 .debug_macro   0x000070bc      0x8fd src/ASF/common/services/usb/class/hid/device/kbd/example/samd21j18a_samd21_xplained_pro/ui.o
 .debug_macro   0x000079b9      0x21c src/ASF/common/services/usb/class/hid/device/kbd/example/samd21j18a_samd21_xplained_pro/ui.o
 .debug_macro   0x00007bd5      0x95b src/ASF/common/services/usb/class/hid/device/kbd/example/samd21j18a_samd21_xplained_pro/ui.o
 .debug_macro   0x00008530       0x5e src/ASF/common/services/usb/class/hid/device/kbd/example/samd21j18a_samd21_xplained_pro/ui.o
 .debug_macro   0x0000858e      0x667 src/ASF/common/services/usb/class/hid/device/kbd/example/samd21j18a_samd21_xplained_pro/ui.o
 .debug_macro   0x00008bf5      0x3af src/ASF/common/services/usb/class/hid/device/kbd/example/samd21j18a_samd21_xplained_pro/ui.o
 .debug_macro   0x00008fa4      0xc7a src/ASF/common/services/usb/class/hid/device/kbd/example/samd21j18a_samd21_xplained_pro/ui.o
 .debug_macro   0x00009c1e     0x1092 src/ASF/common/services/usb/class/hid/device/kbd/example/samd21j18a_samd21_xplained_pro/ui.o
 .debug_macro   0x0000acb0      0xc4a src/ASF/common/services/usb/class/hid/device/kbd/example/samd21j18a_samd21_xplained_pro/ui.o
 .debug_macro   0x0000b8fa      0x6ba src/ASF/common/services/usb/class/hid/device/kbd/example/samd21j18a_samd21_xplained_pro/ui.o
 .debug_macro   0x0000bfb4     0x1bbf src/ASF/common/services/usb/class/hid/device/kbd/example/samd21j18a_samd21_xplained_pro/ui.o
 .debug_macro   0x0000db73     0x1440 src/ASF/common/services/usb/class/hid/device/kbd/example/samd21j18a_samd21_xplained_pro/ui.o
 .debug_macro   0x0000efb3      0x344 src/ASF/common/services/usb/class/hid/device/kbd/example/samd21j18a_samd21_xplained_pro/ui.o
 .debug_macro   0x0000f2f7       0x7c src/ASF/common/services/usb/class/hid/device/kbd/example/samd21j18a_samd21_xplained_pro/ui.o
 .debug_macro   0x0000f373       0xa0 src/ASF/common/services/usb/class/hid/device/kbd/example/samd21j18a_samd21_xplained_pro/ui.o
 .debug_macro   0x0000f413       0x4c src/ASF/common/services/usb/class/hid/device/kbd/example/samd21j18a_samd21_xplained_pro/ui.o
 .debug_macro   0x0000f45f       0xca src/ASF/common/services/usb/class/hid/device/kbd/example/samd21j18a_samd21_xplained_pro/ui.o
 .debug_macro   0x0000f529       0x94 src/ASF/common/services/usb/class/hid/device/kbd/example/samd21j18a_samd21_xplained_pro/ui.o
 .debug_macro   0x0000f5bd       0x58 src/ASF/common/services/usb/class/hid/device/kbd/example/samd21j18a_samd21_xplained_pro/ui.o
 .debug_macro   0x0000f615      0x37d src/ASF/common/services/usb/class/hid/device/kbd/example/samd21j18a_samd21_xplained_pro/ui.o
 .debug_macro   0x0000f992       0x82 src/ASF/common/services/usb/class/hid/device/kbd/example/samd21j18a_samd21_xplained_pro/ui.o
 .debug_macro   0x0000fa14      0x18d src/ASF/common/services/usb/class/hid/device/kbd/example/samd21j18a_samd21_xplained_pro/ui.o
 .debug_macro   0x0000fba1       0xb8 src/ASF/common/services/usb/class/hid/device/kbd/example/samd21j18a_samd21_xplained_pro/ui.o
 .debug_macro   0x0000fc59       0xa0 src/ASF/common/services/usb/class/hid/device/kbd/example/samd21j18a_samd21_xplained_pro/ui.o
 .debug_macro   0x0000fcf9       0xb8 src/ASF/common/services/usb/class/hid/device/kbd/example/samd21j18a_samd21_xplained_pro/ui.o
 .debug_macro   0x0000fdb1       0x1c src/ASF/common/services/usb/class/hid/device/kbd/example/samd21j18a_samd21_xplained_pro/ui.o
 .debug_macro   0x0000fdcd       0x1c src/ASF/common/services/usb/class/hid/device/kbd/example/samd21j18a_samd21_xplained_pro/ui.o
 .debug_macro   0x0000fde9       0x1c src/ASF/common/services/usb/class/hid/device/kbd/example/samd21j18a_samd21_xplained_pro/ui.o
 .debug_macro   0x0000fe05       0x82 src/ASF/common/services/usb/class/hid/device/kbd/example/samd21j18a_samd21_xplained_pro/ui.o
 .debug_macro   0x0000fe87      0x15a src/ASF/common/services/usb/class/hid/device/kbd/example/samd21j18a_samd21_xplained_pro/ui.o
 .debug_macro   0x0000ffe1       0xdc src/ASF/common/services/usb/class/hid/device/kbd/example/samd21j18a_samd21_xplained_pro/ui.o
 .debug_macro   0x000100bd      0x128 src/ASF/common/services/usb/class/hid/device/kbd/example/samd21j18a_samd21_xplained_pro/ui.o
 .debug_macro   0x000101e5      0x128 src/ASF/common/services/usb/class/hid/device/kbd/example/samd21j18a_samd21_xplained_pro/ui.o
 .debug_macro   0x0001030d      0x128 src/ASF/common/services/usb/class/hid/device/kbd/example/samd21j18a_samd21_xplained_pro/ui.o
 .debug_macro   0x00010435      0x128 src/ASF/common/services/usb/class/hid/device/kbd/example/samd21j18a_samd21_xplained_pro/ui.o
 .debug_macro   0x0001055d      0x124 src/ASF/common/services/usb/class/hid/device/kbd/example/samd21j18a_samd21_xplained_pro/ui.o
 .debug_macro   0x00010681       0xe2 src/ASF/common/services/usb/class/hid/device/kbd/example/samd21j18a_samd21_xplained_pro/ui.o
 .debug_macro   0x00010763       0xe2 src/ASF/common/services/usb/class/hid/device/kbd/example/samd21j18a_samd21_xplained_pro/ui.o
 .debug_macro   0x00010845       0xe2 src/ASF/common/services/usb/class/hid/device/kbd/example/samd21j18a_samd21_xplained_pro/ui.o
 .debug_macro   0x00010927      0x130 src/ASF/common/services/usb/class/hid/device/kbd/example/samd21j18a_samd21_xplained_pro/ui.o
 .debug_macro   0x00010a57      0x106 src/ASF/common/services/usb/class/hid/device/kbd/example/samd21j18a_samd21_xplained_pro/ui.o
 .debug_macro   0x00010b5d       0xfa src/ASF/common/services/usb/class/hid/device/kbd/example/samd21j18a_samd21_xplained_pro/ui.o
 .debug_macro   0x00010c57      0x40f src/ASF/common/services/usb/class/hid/device/kbd/example/samd21j18a_samd21_xplained_pro/ui.o
 .debug_macro   0x00011066       0x40 src/ASF/common/services/usb/class/hid/device/kbd/example/samd21j18a_samd21_xplained_pro/ui.o
 .debug_macro   0x000110a6      0x345 src/ASF/common/services/usb/class/hid/device/kbd/example/samd21j18a_samd21_xplained_pro/ui.o
 .debug_macro   0x000113eb      0xf73 src/ASF/common/services/usb/class/hid/device/kbd/example/samd21j18a_samd21_xplained_pro/ui.o
 .debug_macro   0x0001235e       0x6d src/ASF/common/services/usb/class/hid/device/kbd/example/samd21j18a_samd21_xplained_pro/ui.o
 .debug_macro   0x000123cb       0x58 src/ASF/common/services/usb/class/hid/device/kbd/example/samd21j18a_samd21_xplained_pro/ui.o
 .debug_macro   0x00012423       0x35 src/ASF/common/services/usb/class/hid/device/kbd/example/samd21j18a_samd21_xplained_pro/ui.o
 .debug_macro   0x00012458       0x9c src/ASF/common/services/usb/class/hid/device/kbd/example/samd21j18a_samd21_xplained_pro/ui.o
 .debug_macro   0x000124f4       0x16 src/ASF/common/services/usb/class/hid/device/kbd/example/samd21j18a_samd21_xplained_pro/ui.o
 .debug_macro   0x0001250a       0x35 src/ASF/common/services/usb/class/hid/device/kbd/example/samd21j18a_samd21_xplained_pro/ui.o
 .debug_macro   0x0001253f      0x34d src/ASF/common/services/usb/class/hid/device/kbd/example/samd21j18a_samd21_xplained_pro/ui.o
 .debug_macro   0x0001288c       0x10 src/ASF/common/services/usb/class/hid/device/kbd/example/samd21j18a_samd21_xplained_pro/ui.o
 .debug_macro   0x0001289c       0x58 src/ASF/common/services/usb/class/hid/device/kbd/example/samd21j18a_samd21_xplained_pro/ui.o
 .debug_macro   0x000128f4       0x1f src/ASF/common/services/usb/class/hid/device/kbd/example/samd21j18a_samd21_xplained_pro/ui.o
 .debug_macro   0x00012913       0x43 src/ASF/common/services/usb/class/hid/device/kbd/example/samd21j18a_samd21_xplained_pro/ui.o
 .debug_macro   0x00012956       0x20 src/ASF/common/services/usb/class/hid/device/kbd/example/samd21j18a_samd21_xplained_pro/ui.o
 .debug_macro   0x00012976      0x187 src/ASF/common/services/usb/class/hid/device/kbd/example/samd21j18a_samd21_xplained_pro/ui.o
 .debug_macro   0x00012afd       0x10 src/ASF/common/services/usb/class/hid/device/kbd/example/samd21j18a_samd21_xplained_pro/ui.o
 .debug_macro   0x00012b0d       0x1c src/ASF/common/services/usb/class/hid/device/kbd/example/samd21j18a_samd21_xplained_pro/ui.o
 .debug_macro   0x00012b29       0x52 src/ASF/common/services/usb/class/hid/device/kbd/example/samd21j18a_samd21_xplained_pro/ui.o
 .debug_macro   0x00012b7b       0x40 src/ASF/common/services/usb/class/hid/device/kbd/example/samd21j18a_samd21_xplained_pro/ui.o
 .debug_macro   0x00012bbb       0x10 src/ASF/common/services/usb/class/hid/device/kbd/example/samd21j18a_samd21_xplained_pro/ui.o
 .debug_macro   0x00012bcb       0x40 src/ASF/common/services/usb/class/hid/device/kbd/example/samd21j18a_samd21_xplained_pro/ui.o
 .debug_macro   0x00012c0b       0xd7 src/ASF/common/services/usb/class/hid/device/kbd/example/samd21j18a_samd21_xplained_pro/ui.o
 .debug_macro   0x00012ce2       0x16 src/ASF/common/services/usb/class/hid/device/kbd/example/samd21j18a_samd21_xplained_pro/ui.o
 .debug_macro   0x00012cf8      0x18b src/ASF/common/services/usb/class/hid/device/kbd/example/samd21j18a_samd21_xplained_pro/ui.o
 .debug_macro   0x00012e83       0x16 src/ASF/common/services/usb/class/hid/device/kbd/example/samd21j18a_samd21_xplained_pro/ui.o
 .debug_macro   0x00012e99       0x16 src/ASF/common/services/usb/class/hid/device/kbd/example/samd21j18a_samd21_xplained_pro/ui.o
 .debug_macro   0x00012eaf       0x29 src/ASF/common/services/usb/class/hid/device/kbd/example/samd21j18a_samd21_xplained_pro/ui.o
 .debug_macro   0x00012ed8       0x51 src/ASF/common/services/usb/class/hid/device/kbd/example/samd21j18a_samd21_xplained_pro/ui.o
 .debug_macro   0x00012f29       0x3e src/ASF/common/services/usb/class/hid/device/kbd/example/samd21j18a_samd21_xplained_pro/ui.o
 .debug_macro   0x00012f67      0x3df src/ASF/common/services/usb/class/hid/device/kbd/example/samd21j18a_samd21_xplained_pro/ui.o
 .debug_macro   0x00013346       0x18 src/ASF/common/services/usb/class/hid/device/kbd/example/samd21j18a_samd21_xplained_pro/ui.o
 .debug_macro   0x0001335e       0x19 src/ASF/common/services/usb/class/hid/device/kbd/example/samd21j18a_samd21_xplained_pro/ui.o
 .debug_macro   0x00013377      0x2df src/ASF/common/services/usb/class/hid/device/kbd/example/samd21j18a_samd21_xplained_pro/ui.o
 .debug_macro   0x00013656      0xa58 src/ASF/common/services/usb/class/hid/device/kbd/example/samd21j18a_samd21_xplained_pro/ui.o
 .debug_macro   0x000140ae       0x11 src/ASF/common/services/usb/class/hid/device/kbd/example/samd21j18a_samd21_xplained_pro/ui.o
 .debug_macro   0x000140bf       0x22 src/ASF/common/services/usb/class/hid/device/kbd/example/samd21j18a_samd21_xplained_pro/ui.o
 .debug_macro   0x000140e1       0x11 src/ASF/common/services/usb/class/hid/device/kbd/example/samd21j18a_samd21_xplained_pro/ui.o
 .debug_macro   0x000140f2       0x16 src/ASF/common/services/usb/class/hid/device/kbd/example/samd21j18a_samd21_xplained_pro/ui.o
 .debug_macro   0x00014108       0x2e src/ASF/common/services/usb/class/hid/device/kbd/example/samd21j18a_samd21_xplained_pro/ui.o
 .debug_macro   0x00014136       0x10 src/ASF/common/services/usb/class/hid/device/kbd/example/samd21j18a_samd21_xplained_pro/ui.o
 .debug_macro   0x00014146       0x70 src/ASF/common/services/usb/class/hid/device/kbd/example/samd21j18a_samd21_xplained_pro/ui.o
 .debug_macro   0x000141b6       0x28 src/ASF/common/services/usb/class/hid/device/kbd/example/samd21j18a_samd21_xplained_pro/ui.o
 .debug_macro   0x000141de      0x241 src/ASF/common/services/usb/class/hid/device/kbd/example/samd21j18a_samd21_xplained_pro/ui.o
 .debug_macro   0x0001441f      0x162 src/ASF/common/services/usb/class/hid/device/kbd/example/samd21j18a_samd21_xplained_pro/ui.o
 .debug_macro   0x00014581      0x44f src/ASF/common/services/usb/class/hid/device/kbd/example/samd21j18a_samd21_xplained_pro/ui.o
 .debug_macro   0x000149d0       0x16 src/ASF/common/services/usb/class/hid/device/kbd/example/samd21j18a_samd21_xplained_pro/ui.o
 .debug_macro   0x000149e6       0x16 src/ASF/common/services/usb/class/hid/device/kbd/example/samd21j18a_samd21_xplained_pro/ui.o
 .debug_macro   0x000149fc       0x22 src/ASF/common/services/usb/class/hid/device/kbd/example/samd21j18a_samd21_xplained_pro/ui.o
 .debug_macro   0x00014a1e      0x557 src/ASF/common/services/sleepmgr/samd/sleepmgr.o
 .debug_macro   0x00014f75      0x5c6 src/ASF/common/services/usb/class/hid/device/kbd/udi_hid_kbd.o
 .debug_macro   0x0001553b       0x6a src/ASF/common/services/usb/class/hid/device/kbd/udi_hid_kbd.o
 .debug_macro   0x000155a5       0x1c src/ASF/common/services/usb/class/hid/device/kbd/udi_hid_kbd.o
 .debug_macro   0x000155c1       0x16 src/ASF/common/services/usb/class/hid/device/kbd/udi_hid_kbd.o
 .debug_macro   0x000155d7      0x597 src/ASF/common/services/usb/class/hid/device/kbd/udi_hid_kbd_desc.o
 .debug_macro   0x00015b6e      0x59f src/ASF/common/services/usb/class/hid/device/udi_hid.o
 .debug_macro   0x0001610d      0x5a4 src/ASF/common/services/usb/udc/udc.o
 .debug_macro   0x000166b1      0x4f7 src/ASF/common/utils/interrupt/interrupt_sam_nvic.o
 .debug_macro   0x00016ba8      0x535 src/ASF/sam0/boards/samd21_xplained_pro/board_init.o
 .debug_macro   0x000170dd      0x51c src/ASF/sam0/drivers/extint/extint_callback.o
 .debug_macro   0x000175f9      0x576 src/ASF/sam0/drivers/extint/extint_sam_d_r_h/extint.o
 .debug_macro   0x00017b6f       0x1f src/ASF/sam0/drivers/extint/extint_sam_d_r_h/extint.o
 .debug_macro   0x00017b8e       0x10 src/ASF/sam0/drivers/extint/extint_sam_d_r_h/extint.o
 .debug_macro   0x00017b9e      0x513 src/ASF/sam0/drivers/port/port.o
 .debug_macro   0x000180b1      0x576 src/ASF/sam0/drivers/system/clock/clock_samd21_r21_da_ha1/clock.o
 .debug_macro   0x00018627      0x298 src/ASF/sam0/drivers/system/clock/clock_samd21_r21_da_ha1/clock.o
 .debug_macro   0x000188bf      0x52d src/ASF/sam0/drivers/system/clock/clock_samd21_r21_da_ha1/gclk.o
 .debug_macro   0x00018dec      0x507 src/ASF/sam0/drivers/system/pinmux/pinmux.o
 .debug_macro   0x000192f3       0x12 src/ASF/sam0/drivers/system/pinmux/pinmux.o
 .debug_macro   0x00019305      0x53a src/ASF/sam0/drivers/system/system.o
 .debug_macro   0x0001983f      0x6b3 src/ASF/sam0/drivers/usb/stack_interface/usb_device_udd.o
 .debug_macro   0x00019ef2       0x52 src/ASF/sam0/drivers/usb/stack_interface/usb_device_udd.o
 .debug_macro   0x00019f44       0x8d src/ASF/sam0/drivers/usb/stack_interface/usb_device_udd.o
 .debug_macro   0x00019fd1       0x57 src/ASF/sam0/drivers/usb/stack_interface/usb_device_udd.o
 .debug_macro   0x0001a028      0x353 src/ASF/sam0/drivers/usb/stack_interface/usb_device_udd.o
 .debug_macro   0x0001a37b       0x10 src/ASF/sam0/drivers/usb/stack_interface/usb_device_udd.o
 .debug_macro   0x0001a38b       0xaf src/ASF/sam0/drivers/usb/stack_interface/usb_device_udd.o
 .debug_macro   0x0001a43a       0x1c src/ASF/sam0/drivers/usb/stack_interface/usb_device_udd.o
 .debug_macro   0x0001a456      0xa5e src/ASF/sam0/drivers/usb/stack_interface/usb_device_udd.o
 .debug_macro   0x0001aeb4       0x1c src/ASF/sam0/drivers/usb/stack_interface/usb_device_udd.o
 .debug_macro   0x0001aed0      0x5ce src/ASF/sam0/drivers/usb/usb_sam_d_r/usb.o
 .debug_macro   0x0001b49e      0x2de src/ASF/sam0/utils/cmsis/samd21/source/gcc/startup_samd21.o
 .debug_macro   0x0001b77c       0x3a src/ASF/sam0/utils/cmsis/samd21/source/gcc/startup_samd21.o
 .debug_macro   0x0001b7b6      0x68a src/main.o

.debug_line     0x00000000     0xdbae
 .debug_line    0x00000000      0xeb6 src/ASF/common/services/usb/class/hid/device/kbd/example/samd21j18a_samd21_xplained_pro/ui.o
 .debug_line    0x00000eb6      0xa48 src/ASF/common/services/sleepmgr/samd/sleepmgr.o
 .debug_line    0x000018fe      0xc67 src/ASF/common/services/usb/class/hid/device/kbd/udi_hid_kbd.o
 .debug_line    0x00002565      0x9ee src/ASF/common/services/usb/class/hid/device/kbd/udi_hid_kbd_desc.o
 .debug_line    0x00002f53      0xa53 src/ASF/common/services/usb/class/hid/device/udi_hid.o
 .debug_line    0x000039a6      0xc01 src/ASF/common/services/usb/udc/udc.o
 .debug_line    0x000045a7      0x8b9 src/ASF/common/utils/interrupt/interrupt_sam_nvic.o
 .debug_line    0x00004e60      0x966 src/ASF/sam0/boards/samd21_xplained_pro/board_init.o
 .debug_line    0x000057c6      0x9c1 src/ASF/sam0/drivers/extint/extint_callback.o
 .debug_line    0x00006187      0xc21 src/ASF/sam0/drivers/extint/extint_sam_d_r_h/extint.o
 .debug_line    0x00006da8      0x8eb src/ASF/sam0/drivers/port/port.o
 .debug_line    0x00007693      0xc75 src/ASF/sam0/drivers/system/clock/clock_samd21_r21_da_ha1/clock.o
 .debug_line    0x00008308      0xc67 src/ASF/sam0/drivers/system/clock/clock_samd21_r21_da_ha1/gclk.o
 .debug_line    0x00008f6f      0x938 src/ASF/sam0/drivers/system/pinmux/pinmux.o
 .debug_line    0x000098a7      0x9e2 src/ASF/sam0/drivers/system/system.o
 .debug_line    0x0000a289     0x136b src/ASF/sam0/drivers/usb/stack_interface/usb_device_udd.o
 .debug_line    0x0000b5f4     0x1094 src/ASF/sam0/drivers/usb/usb_sam_d_r/usb.o
 .debug_line    0x0000c688      0x63d src/ASF/sam0/utils/cmsis/samd21/source/gcc/startup_samd21.o
 .debug_line    0x0000ccc5      0xee9 src/main.o

.debug_str      0x00000000    0x8b682
 .debug_str     0x00000000    0x83680 src/ASF/common/services/usb/class/hid/device/kbd/example/samd21j18a_samd21_xplained_pro/ui.o
                              0x83fd1 (size before relaxing)
 .debug_str     0x00083680       0xa8 src/ASF/common/services/sleepmgr/samd/sleepmgr.o
                              0x7d478 (size before relaxing)
 .debug_str     0x00083728      0x3b3 src/ASF/common/services/usb/class/hid/device/kbd/udi_hid_kbd.o
                              0x7ff4f (size before relaxing)
 .debug_str     0x00083adb      0x368 src/ASF/common/services/usb/class/hid/device/kbd/udi_hid_kbd_desc.o
                              0x7fec9 (size before relaxing)
 .debug_str     0x00083e43      0x222 src/ASF/common/services/usb/class/hid/device/udi_hid.o
                              0x7fe46 (size before relaxing)
 .debug_str     0x00084065      0x6e7 src/ASF/common/services/usb/udc/udc.o
                              0x804f0 (size before relaxing)
 .debug_str     0x0008474c       0x65 src/ASF/common/utils/interrupt/interrupt_sam_nvic.o
                              0x7d2c4 (size before relaxing)
 .debug_str     0x000847b1       0x6d src/ASF/sam0/boards/samd21_xplained_pro/board_init.o
                              0x811b0 (size before relaxing)
 .debug_str     0x0008481e      0x76e src/ASF/sam0/drivers/extint/extint_callback.o
                              0x7db07 (size before relaxing)
 .debug_str     0x00084f8c      0xdbb src/ASF/sam0/drivers/extint/extint_sam_d_r_h/extint.o
                              0x7ea8f (size before relaxing)
 .debug_str     0x00085d47       0x59 src/ASF/sam0/drivers/port/port.o
                              0x7d6db (size before relaxing)
 .debug_str     0x00085da0     0x285e src/ASF/sam0/drivers/system/clock/clock_samd21_r21_da_ha1/clock.o
                              0x804e1 (size before relaxing)
 .debug_str     0x000885fe      0x229 src/ASF/sam0/drivers/system/clock/clock_samd21_r21_da_ha1/gclk.o
                              0x7df87 (size before relaxing)
 .debug_str     0x00088827      0x179 src/ASF/sam0/drivers/system/pinmux/pinmux.o
                              0x7d766 (size before relaxing)
 .debug_str     0x000889a0       0x47 src/ASF/sam0/drivers/system/system.o
                              0x7d3a1 (size before relaxing)
 .debug_str     0x000889e7     0x17ee src/ASF/sam0/drivers/usb/stack_interface/usb_device_udd.o
                              0x861fd (size before relaxing)
 .debug_str     0x0008a1d5      0x861 src/ASF/sam0/drivers/usb/usb_sam_d_r/usb.o
                              0x7fd3b (size before relaxing)
 .debug_str     0x0008aa36      0x8ec src/ASF/sam0/utils/cmsis/samd21/source/gcc/startup_samd21.o
                              0x68348 (size before relaxing)
 .debug_str     0x0008b322      0x360 src/main.o
                              0x84c9e (size before relaxing)

.debug_frame    0x00000000     0x1148
 .debug_frame   0x00000000       0x94 src/ASF/common/services/usb/class/hid/device/kbd/example/samd21j18a_samd21_xplained_pro/ui.o
 .debug_frame   0x00000094      0x134 src/ASF/common/services/usb/class/hid/device/kbd/udi_hid_kbd.o
 .debug_frame   0x000001c8       0x2c src/ASF/common/services/usb/class/hid/device/udi_hid.o
 .debug_frame   0x000001f4      0x138 src/ASF/common/services/usb/udc/udc.o
 .debug_frame   0x0000032c       0x30 src/ASF/common/utils/interrupt/interrupt_sam_nvic.o
 .debug_frame   0x0000035c       0x30 src/ASF/sam0/boards/samd21_xplained_pro/board_init.o
 .debug_frame   0x0000038c       0x7c src/ASF/sam0/drivers/extint/extint_callback.o
 .debug_frame   0x00000408       0xb8 src/ASF/sam0/drivers/extint/extint_sam_d_r_h/extint.o
 .debug_frame   0x000004c0       0x44 src/ASF/sam0/drivers/port/port.o
 .debug_frame   0x00000504      0x14c src/ASF/sam0/drivers/system/clock/clock_samd21_r21_da_ha1/clock.o
 .debug_frame   0x00000650      0x148 src/ASF/sam0/drivers/system/clock/clock_samd21_r21_da_ha1/gclk.o
 .debug_frame   0x00000798       0x98 src/ASF/sam0/drivers/system/pinmux/pinmux.o
 .debug_frame   0x00000830       0x38 src/ASF/sam0/drivers/system/system.o
 .debug_frame   0x00000868      0x360 src/ASF/sam0/drivers/usb/stack_interface/usb_device_udd.o
 .debug_frame   0x00000bc8      0x3b8 src/ASF/sam0/drivers/usb/usb_sam_d_r/usb.o
 .debug_frame   0x00000f80       0x40 src/ASF/sam0/utils/cmsis/samd21/source/gcc/startup_samd21.o
 .debug_frame   0x00000fc0       0xd4 src/main.o
 .debug_frame   0x00001094       0x20 c:/program files (x86)/atmel/studio/7.0/toolchain/arm/arm-gnu-toolchain/bin/../lib/gcc/arm-none-eabi/6.3.1/thumb/v6-m\libgcc.a(_udivsi3.o)
 .debug_frame   0x000010b4       0x20 c:/program files (x86)/atmel/studio/7.0/toolchain/arm/arm-gnu-toolchain/bin/../lib/gcc/arm-none-eabi/6.3.1/thumb/v6-m\libgcc.a(_divsi3.o)
 .debug_frame   0x000010d4       0x2c c:/program files (x86)/atmel/studio/7.0/toolchain/arm/arm-gnu-toolchain/bin/../lib/gcc/arm-none-eabi/6.3.1/../../../../arm-none-eabi/lib/thumb/v6-m\libc_nano.a(lib_a-init.o)
 .debug_frame   0x00001100       0x28 c:/program files (x86)/atmel/studio/7.0/toolchain/arm/arm-gnu-toolchain/bin/../lib/gcc/arm-none-eabi/6.3.1/../../../../arm-none-eabi/lib/thumb/v6-m\libc_nano.a(lib_a-memcpy-stub.o)
 .debug_frame   0x00001128       0x20 c:/program files (x86)/atmel/studio/7.0/toolchain/arm/arm-gnu-toolchain/bin/../lib/gcc/arm-none-eabi/6.3.1/../../../../arm-none-eabi/lib/thumb/v6-m\libc_nano.a(lib_a-memset.o)

Cross Reference Table

Symbol                                            File
AC_Handler                                        src/ASF/sam0/utils/cmsis/samd21/source/gcc/startup_samd21.o
ADC_Handler                                       src/ASF/sam0/utils/cmsis/samd21/source/gcc/startup_samd21.o
DAC_Handler                                       src/ASF/sam0/utils/cmsis/samd21/source/gcc/startup_samd21.o
DMAC_Handler                                      src/ASF/sam0/utils/cmsis/samd21/source/gcc/startup_samd21.o
Dummy_Handler                                     src/ASF/sam0/utils/cmsis/samd21/source/gcc/startup_samd21.o
EIC_Handler                                       src/ASF/sam0/drivers/extint/extint_callback.o
EVSYS_Handler                                     src/ASF/sam0/utils/cmsis/samd21/source/gcc/startup_samd21.o
HardFault_Handler                                 src/ASF/sam0/utils/cmsis/samd21/source/gcc/startup_samd21.o
I2S_Handler                                       src/ASF/sam0/utils/cmsis/samd21/source/gcc/startup_samd21.o
NMI_Handler                                       src/ASF/sam0/utils/cmsis/samd21/source/gcc/startup_samd21.o
NVMCTRL_Handler                                   src/ASF/sam0/utils/cmsis/samd21/source/gcc/startup_samd21.o
PM_Handler                                        src/ASF/sam0/utils/cmsis/samd21/source/gcc/startup_samd21.o
PTC_Handler                                       src/ASF/sam0/utils/cmsis/samd21/source/gcc/startup_samd21.o
PendSV_Handler                                    src/ASF/sam0/utils/cmsis/samd21/source/gcc/startup_samd21.o
RTC_Handler                                       src/ASF/sam0/utils/cmsis/samd21/source/gcc/startup_samd21.o
Reset_Handler                                     src/ASF/sam0/utils/cmsis/samd21/source/gcc/startup_samd21.o
SERCOM0_Handler                                   src/ASF/sam0/utils/cmsis/samd21/source/gcc/startup_samd21.o
SERCOM1_Handler                                   src/ASF/sam0/utils/cmsis/samd21/source/gcc/startup_samd21.o
SERCOM2_Handler                                   src/ASF/sam0/utils/cmsis/samd21/source/gcc/startup_samd21.o
SERCOM3_Handler                                   src/ASF/sam0/utils/cmsis/samd21/source/gcc/startup_samd21.o
SVC_Handler                                       src/ASF/sam0/utils/cmsis/samd21/source/gcc/startup_samd21.o
SYSCTRL_Handler                                   src/ASF/sam0/utils/cmsis/samd21/source/gcc/startup_samd21.o
SysTick_Handler                                   src/ASF/sam0/utils/cmsis/samd21/source/gcc/startup_samd21.o
SystemCoreClock                                   src/ASF/sam0/utils/cmsis/samd21/source/system_samd21.o
SystemCoreClockUpdate                             src/ASF/sam0/utils/cmsis/samd21/source/system_samd21.o
SystemInit                                        src/ASF/sam0/utils/cmsis/samd21/source/system_samd21.o
TC3_Handler                                       src/ASF/sam0/utils/cmsis/samd21/source/gcc/startup_samd21.o
TC4_Handler                                       src/ASF/sam0/utils/cmsis/samd21/source/gcc/startup_samd21.o
TC5_Handler                                       src/ASF/sam0/utils/cmsis/samd21/source/gcc/startup_samd21.o
TCC0_Handler                                      src/ASF/sam0/utils/cmsis/samd21/source/gcc/startup_samd21.o
TCC1_Handler                                      src/ASF/sam0/utils/cmsis/samd21/source/gcc/startup_samd21.o
TCC2_Handler                                      src/ASF/sam0/utils/cmsis/samd21/source/gcc/startup_samd21.o
USB_Handler                                       src/ASF/sam0/drivers/usb/usb_sam_d_r/usb.o
WDT_Handler                                       src/ASF/sam0/utils/cmsis/samd21/source/gcc/startup_samd21.o
_Jv_RegisterClasses                               c:/program files (x86)/atmel/studio/7.0/toolchain/arm/arm-gnu-toolchain/bin/../lib/gcc/arm-none-eabi/6.3.1/thumb/v6-m/crtbegin.o
__aeabi_idiv                                      c:/program files (x86)/atmel/studio/7.0/toolchain/arm/arm-gnu-toolchain/bin/../lib/gcc/arm-none-eabi/6.3.1/thumb/v6-m\libgcc.a(_divsi3.o)
__aeabi_idiv0                                     c:/program files (x86)/atmel/studio/7.0/toolchain/arm/arm-gnu-toolchain/bin/../lib/gcc/arm-none-eabi/6.3.1/thumb/v6-m\libgcc.a(_dvmd_tls.o)
                                                  c:/program files (x86)/atmel/studio/7.0/toolchain/arm/arm-gnu-toolchain/bin/../lib/gcc/arm-none-eabi/6.3.1/thumb/v6-m\libgcc.a(_divsi3.o)
                                                  c:/program files (x86)/atmel/studio/7.0/toolchain/arm/arm-gnu-toolchain/bin/../lib/gcc/arm-none-eabi/6.3.1/thumb/v6-m\libgcc.a(_udivsi3.o)
__aeabi_idivmod                                   c:/program files (x86)/atmel/studio/7.0/toolchain/arm/arm-gnu-toolchain/bin/../lib/gcc/arm-none-eabi/6.3.1/thumb/v6-m\libgcc.a(_divsi3.o)
                                                  src/ASF/sam0/drivers/usb/stack_interface/usb_device_udd.o
__aeabi_ldiv0                                     c:/program files (x86)/atmel/studio/7.0/toolchain/arm/arm-gnu-toolchain/bin/../lib/gcc/arm-none-eabi/6.3.1/thumb/v6-m\libgcc.a(_dvmd_tls.o)
__aeabi_uidiv                                     c:/program files (x86)/atmel/studio/7.0/toolchain/arm/arm-gnu-toolchain/bin/../lib/gcc/arm-none-eabi/6.3.1/thumb/v6-m\libgcc.a(_udivsi3.o)
                                                  src/ASF/sam0/drivers/system/clock/clock_samd21_r21_da_ha1/gclk.o
                                                  src/ASF/sam0/drivers/system/clock/clock_samd21_r21_da_ha1/clock.o
__aeabi_uidivmod                                  c:/program files (x86)/atmel/studio/7.0/toolchain/arm/arm-gnu-toolchain/bin/../lib/gcc/arm-none-eabi/6.3.1/thumb/v6-m\libgcc.a(_udivsi3.o)
                                                  src/ASF/sam0/drivers/usb/stack_interface/usb_device_udd.o
__bss_end__                                       c:/program files (x86)/atmel/studio/7.0/toolchain/arm/arm-gnu-toolchain/bin/../lib/gcc/arm-none-eabi/6.3.1/../../../../arm-none-eabi/lib/thumb/v6-m/crt0.o
__bss_start__                                     c:/program files (x86)/atmel/studio/7.0/toolchain/arm/arm-gnu-toolchain/bin/../lib/gcc/arm-none-eabi/6.3.1/../../../../arm-none-eabi/lib/thumb/v6-m/crt0.o
__call_exitprocs                                  c:/program files (x86)/atmel/studio/7.0/toolchain/arm/arm-gnu-toolchain/bin/../lib/gcc/arm-none-eabi/6.3.1/../../../../arm-none-eabi/lib/thumb/v6-m\libc_nano.a(lib_a-exit.o)
__clzsi2                                          c:/program files (x86)/atmel/studio/7.0/toolchain/arm/arm-gnu-toolchain/bin/../lib/gcc/arm-none-eabi/6.3.1/thumb/v6-m\libgcc.a(_clzsi2.o)
                                                  src/ASF/sam0/drivers/usb/usb_sam_d_r/usb.o
__ctzsi2                                          c:/program files (x86)/atmel/studio/7.0/toolchain/arm/arm-gnu-toolchain/bin/../lib/gcc/arm-none-eabi/6.3.1/thumb/v6-m\libgcc.a(_ctzsi2.o)
                                                  src/ASF/sam0/drivers/usb/usb_sam_d_r/usb.o
__deregister_frame_info                           c:/program files (x86)/atmel/studio/7.0/toolchain/arm/arm-gnu-toolchain/bin/../lib/gcc/arm-none-eabi/6.3.1/thumb/v6-m/crtbegin.o
__divsi3                                          c:/program files (x86)/atmel/studio/7.0/toolchain/arm/arm-gnu-toolchain/bin/../lib/gcc/arm-none-eabi/6.3.1/thumb/v6-m\libgcc.a(_divsi3.o)
__dso_handle                                      c:/program files (x86)/atmel/studio/7.0/toolchain/arm/arm-gnu-toolchain/bin/../lib/gcc/arm-none-eabi/6.3.1/thumb/v6-m/crtbegin.o
__init_array_end                                  c:/program files (x86)/atmel/studio/7.0/toolchain/arm/arm-gnu-toolchain/bin/../lib/gcc/arm-none-eabi/6.3.1/../../../../arm-none-eabi/lib/thumb/v6-m\libc_nano.a(lib_a-init.o)
__init_array_start                                c:/program files (x86)/atmel/studio/7.0/toolchain/arm/arm-gnu-toolchain/bin/../lib/gcc/arm-none-eabi/6.3.1/../../../../arm-none-eabi/lib/thumb/v6-m\libc_nano.a(lib_a-init.o)
__libc_fini_array                                 c:/program files (x86)/atmel/studio/7.0/toolchain/arm/arm-gnu-toolchain/bin/../lib/gcc/arm-none-eabi/6.3.1/../../../../arm-none-eabi/lib/thumb/v6-m/crt0.o
__libc_init_array                                 c:/program files (x86)/atmel/studio/7.0/toolchain/arm/arm-gnu-toolchain/bin/../lib/gcc/arm-none-eabi/6.3.1/../../../../arm-none-eabi/lib/thumb/v6-m\libc_nano.a(lib_a-init.o)
                                                  src/ASF/sam0/utils/cmsis/samd21/source/gcc/startup_samd21.o
                                                  c:/program files (x86)/atmel/studio/7.0/toolchain/arm/arm-gnu-toolchain/bin/../lib/gcc/arm-none-eabi/6.3.1/../../../../arm-none-eabi/lib/thumb/v6-m/crt0.o
__preinit_array_end                               c:/program files (x86)/atmel/studio/7.0/toolchain/arm/arm-gnu-toolchain/bin/../lib/gcc/arm-none-eabi/6.3.1/../../../../arm-none-eabi/lib/thumb/v6-m\libc_nano.a(lib_a-init.o)
__preinit_array_start                             c:/program files (x86)/atmel/studio/7.0/toolchain/arm/arm-gnu-toolchain/bin/../lib/gcc/arm-none-eabi/6.3.1/../../../../arm-none-eabi/lib/thumb/v6-m\libc_nano.a(lib_a-init.o)
__register_frame_info                             c:/program files (x86)/atmel/studio/7.0/toolchain/arm/arm-gnu-toolchain/bin/../lib/gcc/arm-none-eabi/6.3.1/thumb/v6-m/crtbegin.o
__sf_fake_stderr                                  c:/program files (x86)/atmel/studio/7.0/toolchain/arm/arm-gnu-toolchain/bin/../lib/gcc/arm-none-eabi/6.3.1/../../../../arm-none-eabi/lib/thumb/v6-m\libc_nano.a(lib_a-impure.o)
__sf_fake_stdin                                   c:/program files (x86)/atmel/studio/7.0/toolchain/arm/arm-gnu-toolchain/bin/../lib/gcc/arm-none-eabi/6.3.1/../../../../arm-none-eabi/lib/thumb/v6-m\libc_nano.a(lib_a-impure.o)
__sf_fake_stdout                                  c:/program files (x86)/atmel/studio/7.0/toolchain/arm/arm-gnu-toolchain/bin/../lib/gcc/arm-none-eabi/6.3.1/../../../../arm-none-eabi/lib/thumb/v6-m\libc_nano.a(lib_a-impure.o)
__stack                                           c:/program files (x86)/atmel/studio/7.0/toolchain/arm/arm-gnu-toolchain/bin/../lib/gcc/arm-none-eabi/6.3.1/../../../../arm-none-eabi/lib/thumb/v6-m/crt0.o
__udivsi3                                         c:/program files (x86)/atmel/studio/7.0/toolchain/arm/arm-gnu-toolchain/bin/../lib/gcc/arm-none-eabi/6.3.1/thumb/v6-m\libgcc.a(_udivsi3.o)
_close                                            src/ASF/sam0/utils/syscalls/gcc/syscalls.o
_current_channel                                  src/ASF/sam0/drivers/extint/extint_callback.o
_end                                              src/ASF/sam0/utils/syscalls/gcc/syscalls.o
_erelocate                                        src/ASF/sam0/utils/cmsis/samd21/source/gcc/startup_samd21.o
_estack                                           src/ASF/sam0/utils/cmsis/samd21/source/gcc/startup_samd21.o
_etext                                            src/ASF/sam0/utils/cmsis/samd21/source/gcc/startup_samd21.o
_exit                                             src/ASF/sam0/utils/syscalls/gcc/syscalls.o
                                                  c:/program files (x86)/atmel/studio/7.0/toolchain/arm/arm-gnu-toolchain/bin/../lib/gcc/arm-none-eabi/6.3.1/../../../../arm-none-eabi/lib/thumb/v6-m\libc_nano.a(lib_a-exit.o)
_extint_dev                                       src/ASF/sam0/drivers/extint/extint_sam_d_r_h/extint.o
                                                  src/ASF/sam0/drivers/extint/extint_callback.o
_ezero                                            src/ASF/sam0/utils/cmsis/samd21/source/gcc/startup_samd21.o
_fini                                             c:/program files (x86)/atmel/studio/7.0/toolchain/arm/arm-gnu-toolchain/bin/../lib/gcc/arm-none-eabi/6.3.1/thumb/v6-m/crti.o
_fstat                                            src/ASF/sam0/utils/syscalls/gcc/syscalls.o
_getpid                                           src/ASF/sam0/utils/syscalls/gcc/syscalls.o
_global_impure_ptr                                c:/program files (x86)/atmel/studio/7.0/toolchain/arm/arm-gnu-toolchain/bin/../lib/gcc/arm-none-eabi/6.3.1/../../../../arm-none-eabi/lib/thumb/v6-m\libc_nano.a(lib_a-impure.o)
                                                  c:/program files (x86)/atmel/studio/7.0/toolchain/arm/arm-gnu-toolchain/bin/../lib/gcc/arm-none-eabi/6.3.1/../../../../arm-none-eabi/lib/thumb/v6-m\libc_nano.a(lib_a-exit.o)
_impure_ptr                                       c:/program files (x86)/atmel/studio/7.0/toolchain/arm/arm-gnu-toolchain/bin/../lib/gcc/arm-none-eabi/6.3.1/../../../../arm-none-eabi/lib/thumb/v6-m\libc_nano.a(lib_a-impure.o)
_init                                             c:/program files (x86)/atmel/studio/7.0/toolchain/arm/arm-gnu-toolchain/bin/../lib/gcc/arm-none-eabi/6.3.1/thumb/v6-m/crti.o
                                                  c:/program files (x86)/atmel/studio/7.0/toolchain/arm/arm-gnu-toolchain/bin/../lib/gcc/arm-none-eabi/6.3.1/../../../../arm-none-eabi/lib/thumb/v6-m\libc_nano.a(lib_a-init.o)
_isatty                                           src/ASF/sam0/utils/syscalls/gcc/syscalls.o
_kill                                             src/ASF/sam0/utils/syscalls/gcc/syscalls.o
_lseek                                            src/ASF/sam0/utils/syscalls/gcc/syscalls.o
_mainCRTStartup                                   c:/program files (x86)/atmel/studio/7.0/toolchain/arm/arm-gnu-toolchain/bin/../lib/gcc/arm-none-eabi/6.3.1/../../../../arm-none-eabi/lib/thumb/v6-m/crt0.o
_sbrk                                             src/ASF/sam0/utils/syscalls/gcc/syscalls.o
_sfixed                                           src/ASF/sam0/utils/cmsis/samd21/source/gcc/startup_samd21.o
_srelocate                                        src/ASF/sam0/utils/cmsis/samd21/source/gcc/startup_samd21.o
_start                                            c:/program files (x86)/atmel/studio/7.0/toolchain/arm/arm-gnu-toolchain/bin/../lib/gcc/arm-none-eabi/6.3.1/../../../../arm-none-eabi/lib/thumb/v6-m/crt0.o
_system_divas_init                                src/ASF/sam0/drivers/system/system.o
_system_dummy_init                                src/ASF/sam0/drivers/system/system.o
_system_events_init                               src/ASF/sam0/drivers/system/system.o
_system_extint_init                               src/ASF/sam0/drivers/extint/extint_sam_d_r_h/extint.o
_szero                                            src/ASF/sam0/utils/cmsis/samd21/source/gcc/startup_samd21.o
atexit                                            c:/program files (x86)/atmel/studio/7.0/toolchain/arm/arm-gnu-toolchain/bin/../lib/gcc/arm-none-eabi/6.3.1/../../../../arm-none-eabi/lib/thumb/v6-m/crt0.o
board_init                                        src/ASF/sam0/boards/samd21_xplained_pro/board_init.o
cpu_irq_enter_critical                            src/ASF/common/utils/interrupt/interrupt_sam_nvic.o
                                                  src/ASF/sam0/drivers/system/clock/clock_samd21_r21_da_ha1/gclk.o
cpu_irq_leave_critical                            src/ASF/common/utils/interrupt/interrupt_sam_nvic.o
                                                  src/ASF/sam0/drivers/system/clock/clock_samd21_r21_da_ha1/gclk.o
exception_table                                   src/ASF/sam0/utils/cmsis/samd21/source/gcc/startup_samd21.o