Archive member included to satisfy reference by file (symbol)

c:/program files (x86)/atmel/studio/7.0/toolchain/arm/arm-gnu-toolchain/bin/../lib/gcc/arm-none-eabi/6.3.1/thumb/v6-m\libgcc.a(_thumb1_case_uqi.o)
                              src/ASF/sam0/drivers/system/clock/clock_samd21_r21_da_ha1/clock.o (__gnu_thumb1_case_uqi)
c:/program files (x86)/atmel/studio/7.0/toolchain/arm/arm-gnu-toolchain/bin/../lib/gcc/arm-none-eabi/6.3.1/thumb/v6-m\libgcc.a(_thumb1_case_shi.o)
                              src/ASF/common/services/usb/udc/udc.o (__gnu_thumb1_case_shi)
c:/program files (x86)/atmel/studio/7.0/toolchain/arm/arm-gnu-toolchain/bin/../lib/gcc/arm-none-eabi/6.3.1/thumb/v6-m\libgcc.a(_udivsi3.o)
                              src/ASF/sam0/drivers/system/clock/clock_samd21_r21_da_ha1/clock.o (__aeabi_uidiv)
c:/program files (x86)/atmel/studio/7.0/toolchain/arm/arm-gnu-toolchain/bin/../lib/gcc/arm-none-eabi/6.3.1/thumb/v6-m\libgcc.a(_divsi3.o)
                              src/ASF/sam0/drivers/usb/stack_interface/usb_device_udd.o (__aeabi_idivmod)
c:/program files (x86)/atmel/studio/7.0/toolchain/arm/arm-gnu-toolchain/bin/../lib/gcc/arm-none-eabi/6.3.1/thumb/v6-m\libgcc.a(_dvmd_tls.o)
                              c:/program files (x86)/atmel/studio/7.0/toolchain/arm/arm-gnu-toolchain/bin/../lib/gcc/arm-none-eabi/6.3.1/thumb/v6-m\libgcc.a(_udivsi3.o) (__aeabi_idiv0)
c:/program files (x86)/atmel/studio/7.0/toolchain/arm/arm-gnu-toolchain/bin/../lib/gcc/arm-none-eabi/6.3.1/thumb/v6-m\libgcc.a(_clzsi2.o)
                              src/ASF/sam0/drivers/usb/usb_sam_d_r/usb.o (__clzsi2)
c:/program files (x86)/atmel/studio/7.0/toolchain/arm/arm-gnu-toolchain/bin/../lib/gcc/arm-none-eabi/6.3.1/thumb/v6-m\libgcc.a(_ctzsi2.o)
                              src/ASF/sam0/drivers/usb/usb_sam_d_r/usb.o (__ctzsi2)
c:/program files (x86)/atmel/studio/7.0/toolchain/arm/arm-gnu-toolchain/bin/../lib/gcc/arm-none-eabi/6.3.1/../../../../arm-none-eabi/lib/thumb/v6-m\libc_nano.a(lib_a-exit.o)
                              c:/program files (x86)/atmel/studio/7.0/toolchain/arm/arm-gnu-toolchain/bin/../lib/gcc/arm-none-eabi/6.3.1/../../../../arm-none-eabi/lib/thumb/v6-m/crt0.o (exit)
c:/program files (x86)/atmel/studio/7.0/toolchain/arm/arm-gnu-toolchain/bin/../lib/gcc/arm-none-eabi/6.3.1/../../../../arm-none-eabi/lib/thumb/v6-m\libc_nano.a(lib_a-impure.o)
                              c:/program files (x86)/atmel/studio/7.0/toolchain/arm/arm-gnu-toolchain/bin/../lib/gcc/arm-none-eabi/6.3.1/../../../../arm-none-eabi/lib/thumb/v6-m\libc_nano.a(lib_a-exit.o) (_global_impure_ptr)
c:/program files (x86)/atmel/studio/7.0/toolchain/arm/arm-gnu-toolchain/bin/../lib/gcc/arm-none-eabi/6.3.1/../../../../arm-none-eabi/lib/thumb/v6-m\libc_nano.a(lib_a-init.o)
                              c:/program files (x86)/atmel/studio/7.0/toolchain/arm/arm-gnu-toolchain/bin/../lib/gcc/arm-none-eabi/6.3.1/../../../../arm-none-eabi/lib/thumb/v6-m/crt0.o (__libc_init_array)
c:/program files (x86)/atmel/studio/7.0/toolchain/arm/arm-gnu-toolchain/bin/../lib/gcc/arm-none-eabi/6.3.1/../../../../arm-none-eabi/lib/thumb/v6-m\libc_nano.a(lib_a-memcpy-stub.o)
                              src/ASF/common/services/usb/class/hid/device/kbd/udi_hid_kbd.o (memcpy)
c:/program files (x86)/atmel/studio/7.0/toolchain/arm/arm-gnu-toolchain/bin/../lib/gcc/arm-none-eabi/6.3.1/../../../../arm-none-eabi/lib/thumb/v6-m\libc_nano.a(lib_a-memset.o)
                              c:/program files (x86)/atmel/studio/7.0/toolchain/arm/arm-gnu-toolchain/bin/../lib/gcc/arm-none-eabi/6.3.1/../../../../arm-none-eabi/lib/thumb/v6-m/crt0.o (memset)

Allocating common symbols
Common symbol       size              file

udd_ep_out_cache_buffer
                    0x40              src/ASF/sam0/drivers/usb/stack_interface/usb_device_udd.o
usb_descriptor_table
                    0x100             src/ASF/sam0/drivers/usb/usb_sam_d_r/usb.o
usb_device          0x168             src/ASF/sam0/drivers/usb/stack_interface/usb_device_udd.o
_extint_dev         0x40              src/ASF/sam0/drivers/extint/extint_sam_d_r_h/extint.o
udd_g_ctrlreq       0x18              src/ASF/sam0/drivers/usb/stack_interface/usb_device_udd.o
_current_channel    0x1               src/ASF/sam0/drivers/extint/extint_callback.o
sleepmgr_locks      0x5               src/ASF/common/services/sleepmgr/samd/sleepmgr.o
udd_ctrl_buffer     0x8               src/ASF/sam0/drivers/usb/stack_interface/usb_device_udd.o

Discarded input sections

 .text          0x00000000        0x0 c:/program files (x86)/atmel/studio/7.0/toolchain/arm/arm-gnu-toolchain/bin/../lib/gcc/arm-none-eabi/6.3.1/thumb/v6-m/crti.o
 .data          0x00000000        0x0 c:/program files (x86)/atmel/studio/7.0/toolchain/arm/arm-gnu-toolchain/bin/../lib/gcc/arm-none-eabi/6.3.1/thumb/v6-m/crti.o
 .bss           0x00000000        0x0 c:/program files (x86)/atmel/studio/7.0/toolchain/arm/arm-gnu-toolchain/bin/../lib/gcc/arm-none-eabi/6.3.1/thumb/v6-m/crti.o
[...]
Memory Configuration

Name             Origin             Length             Attributes
rom              0x00000000         0x00040000         xr
ram              0x20000000         0x00008000         xrw
*default*        0x00000000         0xffffffff

Linker script and memory map

LOAD c:/program files (x86)/atmel/studio/7.0/toolchain/arm/arm-gnu-toolchain/bin/../lib/gcc/arm-none-eabi/6.3.1/thumb/v6-m/crti.o
LOAD c:/program files (x86)/atmel/studio/7.0/toolchain/arm/arm-gnu-toolchain/bin/../lib/gcc/arm-none-eabi/6.3.1/thumb/v6-m/crtbegin.o
LOAD c:/program files (x86)/atmel/studio/7.0/toolchain/arm/arm-gnu-toolchain/bin/../lib/gcc/arm-none-eabi/6.3.1/../../../../arm-none-eabi/lib/thumb/v6-m/crt0.o
LOAD src/ASF/common/services/usb/class/hid/device/kbd/example/samd21j18a_samd21_xplained_pro/ui.o
LOAD src/ASF/common/services/sleepmgr/samd/sleepmgr.o
LOAD src/ASF/common/services/usb/class/hid/device/kbd/udi_hid_kbd.o
LOAD src/ASF/common/services/usb/class/hid/device/kbd/udi_hid_kbd_desc.o
LOAD src/ASF/common/services/usb/class/hid/device/udi_hid.o
LOAD src/ASF/common/services/usb/udc/udc.o
LOAD src/ASF/common/utils/interrupt/interrupt_sam_nvic.o
LOAD src/ASF/sam0/boards/samd21_xplained_pro/board_init.o
LOAD src/ASF/sam0/drivers/extint/extint_callback.o
LOAD src/ASF/sam0/drivers/extint/extint_sam_d_r_h/extint.o
LOAD src/ASF/sam0/drivers/port/port.o
LOAD src/ASF/sam0/drivers/system/clock/clock_samd21_r21_da_ha1/clock.o
LOAD src/ASF/sam0/drivers/system/clock/clock_samd21_r21_da_ha1/gclk.o
LOAD src/ASF/sam0/drivers/system/interrupt/system_interrupt.o
LOAD src/ASF/sam0/drivers/system/pinmux/pinmux.o
LOAD src/ASF/sam0/drivers/system/system.o
LOAD src/ASF/sam0/drivers/usb/stack_interface/usb_device_udd.o
LOAD src/ASF/sam0/drivers/usb/stack_interface/usb_dual.o
LOAD src/ASF/sam0/drivers/usb/usb_sam_d_r/usb.o
LOAD src/ASF/sam0/utils/cmsis/samd21/source/gcc/startup_samd21.o
LOAD src/ASF/sam0/utils/cmsis/samd21/source/system_samd21.o
LOAD src/ASF/sam0/utils/syscalls/gcc/syscalls.o
LOAD src/main.o
START GROUP
LOAD ../src/ASF/thirdparty/CMSIS/Lib/GCC\libarm_cortexM0l_math.a
LOAD c:/program files (x86)/atmel/studio/7.0/toolchain/arm/arm-gnu-toolchain/bin/../lib/gcc/arm-none-eabi/6.3.1/../../../../arm-none-eabi/lib/thumb/v6-m\libm.a
END GROUP
START GROUP
LOAD c:/program files (x86)/atmel/studio/7.0/toolchain/arm/arm-gnu-toolchain/bin/../lib/gcc/arm-none-eabi/6.3.1/thumb/v6-m\libgcc.a
LOAD c:/program files (x86)/atmel/studio/7.0/toolchain/arm/arm-gnu-toolchain/bin/../lib/gcc/arm-none-eabi/6.3.1/../../../../arm-none-eabi/lib/thumb/v6-m\libc_nano.a
END GROUP
START GROUP
LOAD c:/program files (x86)/atmel/studio/7.0/toolchain/arm/arm-gnu-toolchain/bin/../lib/gcc/arm-none-eabi/6.3.1/thumb/v6-m\libgcc.a
LOAD c:/program files (x86)/atmel/studio/7.0/toolchain/arm/arm-gnu-toolchain/bin/../lib/gcc/arm-none-eabi/6.3.1/../../../../arm-none-eabi/lib/thumb/v6-m\libc_nano.a
END GROUP
LOAD c:/program files (x86)/atmel/studio/7.0/toolchain/arm/arm-gnu-toolchain/bin/../lib/gcc/arm-none-eabi/6.3.1/thumb/v6-m/crtend.o
LOAD c:/program files (x86)/atmel/studio/7.0/toolchain/arm/arm-gnu-toolchain/bin/../lib/gcc/arm-none-eabi/6.3.1/thumb/v6-m/crtn.o
                0x00002000                STACK_SIZE = DEFINED (STACK_SIZE)?STACK_SIZE:DEFINED (__stack_size__)?__stack_size__:0x2000

.text           0x00000000     0x30ac
                0x00000000                . = ALIGN (0x4)
                0x00000000                _sfixed = .
 *(.vectors .vectors.*)
 .vectors       0x00000000       0xb4 src/ASF/sam0/utils/cmsis/samd21/source/gcc/startup_samd21.o
                0x00000000                exception_table
 *(.text .text.* .gnu.linkonce.t.*)
 .text          0x000000b4       0x60 c:/program files (x86)/atmel/studio/7.0/toolchain/arm/arm-gnu-toolchain/bin/../lib/gcc/arm-none-eabi/6.3.1/thumb/v6-m/crtbegin.o
 .text.ui_init  0x00000114       0x30 src/ASF/common/services/usb/class/hid/device/kbd/example/samd21j18a_samd21_xplained_pro/ui.o
                0x00000114                ui_init
 .text.ui_powerdown
                0x00000144       0x10 src/ASF/common/services/usb/class/hid/device/kbd/example/samd21j18a_samd21_xplained_pro/ui.o
                0x00000144                ui_powerdown
 .text.ui_wakeup_enable
                0x00000154        0x2 src/ASF/common/services/usb/class/hid/device/kbd/example/samd21j18a_samd21_xplained_pro/ui.o
                0x00000154                ui_wakeup_enable
 .text.ui_wakeup_disable
                0x00000156        0x2 src/ASF/common/services/usb/class/hid/device/kbd/example/samd21j18a_samd21_xplained_pro/ui.o
                0x00000156                ui_wakeup_disable
 .text.ui_wakeup
                0x00000158       0x10 src/ASF/common/services/usb/class/hid/device/kbd/example/samd21j18a_samd21_xplained_pro/ui.o
                0x00000158                ui_wakeup
 .text.ui_process
                0x00000168       0x68 src/ASF/common/services/usb/class/hid/device/kbd/example/samd21j18a_samd21_xplained_pro/ui.o
                0x00000168                ui_process
 .text.ui_kbd_led
                0x000001d0        0x2 src/ASF/common/services/usb/class/hid/device/kbd/example/samd21j18a_samd21_xplained_pro/ui.o
                0x000001d0                ui_kbd_led
 *fill*         0x000001d2        0x2 
 .text.cpu_irq_save
                0x000001d4       0x24 src/ASF/common/services/usb/class/hid/device/kbd/udi_hid_kbd.o
 .text.udi_hid_kbd_getsetting
                0x000001f8        0x4 src/ASF/common/services/usb/class/hid/device/kbd/udi_hid_kbd.o
                0x000001f8                udi_hid_kbd_getsetting
 .text.udi_hid_kbd_enable
                0x000001fc       0x40 src/ASF/common/services/usb/class/hid/device/kbd/udi_hid_kbd.o
                0x000001fc                udi_hid_kbd_enable
 .text.udi_hid_kbd_disable
                0x0000023c        0xc src/ASF/common/services/usb/class/hid/device/kbd/udi_hid_kbd.o
                0x0000023c                udi_hid_kbd_disable
 .text.udi_hid_kbd_setup
                0x00000248       0x24 src/ASF/common/services/usb/class/hid/device/kbd/udi_hid_kbd.o
                0x00000248                udi_hid_kbd_setup
 .text.udi_hid_kbd_setreport_valid
                0x0000026c       0x14 src/ASF/common/services/usb/class/hid/device/kbd/udi_hid_kbd.o
 .text.cpu_irq_restore
                0x00000280       0x18 src/ASF/common/services/usb/class/hid/device/kbd/udi_hid_kbd.o
 .text.udi_hid_kbd_setreport
                0x00000298       0x34 src/ASF/common/services/usb/class/hid/device/kbd/udi_hid_kbd.o
 .text.udi_hid_kbd_send_report
                0x000002cc       0x50 src/ASF/common/services/usb/class/hid/device/kbd/udi_hid_kbd.o
 .text.udi_hid_kbd_report_sent
                0x0000031c       0x24 src/ASF/common/services/usb/class/hid/device/kbd/udi_hid_kbd.o
 .text.udi_hid_kbd_up
                0x00000340       0x64 src/ASF/common/services/usb/class/hid/device/kbd/udi_hid_kbd.o
                0x00000340                udi_hid_kbd_up
 .text.udi_hid_kbd_down
                0x000003a4       0x5c src/ASF/common/services/usb/class/hid/device/kbd/udi_hid_kbd.o
                0x000003a4                udi_hid_kbd_down
 .text.udi_hid_setup
                0x00000400       0xbc src/ASF/common/services/usb/class/hid/device/udi_hid.o
                0x00000400                udi_hid_setup
 .text.udc_valid_address
                0x000004bc       0x18 src/ASF/common/services/usb/udc/udc.o
 .text.udc_update_iface_desc
                0x000004d4       0x68 src/ASF/common/services/usb/udc/udc.o
 .text.udc_next_desc_in_iface.constprop.3
                0x0000053c       0x2c src/ASF/common/services/usb/udc/udc.o
 .text.udc_iface_enable
                0x00000568       0x58 src/ASF/common/services/usb/udc/udc.o
 .text.udc_iface_disable
                0x000005c0       0x5c src/ASF/common/services/usb/udc/udc.o
 .text.udc_get_interface_desc
                0x0000061c        0xc src/ASF/common/services/usb/udc/udc.o
                0x0000061c                udc_get_interface_desc
 .text.udc_start
                0x00000628        0xc src/ASF/common/services/usb/udc/udc.o
                0x00000628                udc_start
 .text.udc_reset
                0x00000634       0x50 src/ASF/common/services/usb/udc/udc.o
                0x00000634                udc_reset
 .text.udc_sof_notify
                0x00000684       0x38 src/ASF/common/services/usb/udc/udc.o
                0x00000684                udc_sof_notify
 .text.udc_process_setup
                0x000006bc      0x3dc src/ASF/common/services/usb/udc/udc.o
                0x000006bc                udc_process_setup
 .text.cpu_irq_enter_critical
                0x00000a98       0x34 src/ASF/common/utils/interrupt/interrupt_sam_nvic.o
                0x00000a98                cpu_irq_enter_critical
 .text.cpu_irq_leave_critical
                0x00000acc       0x30 src/ASF/common/utils/interrupt/interrupt_sam_nvic.o
                0x00000acc                cpu_irq_leave_critical
 .text.system_board_init
                0x00000afc       0x34 src/ASF/sam0/boards/samd21_xplained_pro/board_init.o
                0x00000afc                board_init
                0x00000afc                system_board_init
 .text.extint_register_callback
                0x00000b30       0x28 src/ASF/sam0/drivers/extint/extint_callback.o
                0x00000b30                extint_register_callback
 .text.extint_chan_enable_callback
                0x00000b58       0x20 src/ASF/sam0/drivers/extint/extint_callback.o
                0x00000b58                extint_chan_enable_callback
 .text.extint_chan_disable_callback
                0x00000b78       0x20 src/ASF/sam0/drivers/extint/extint_callback.o
                0x00000b78                extint_chan_disable_callback
 .text.EIC_Handler
                0x00000b98       0x40 src/ASF/sam0/drivers/extint/extint_callback.o
                0x00000b98                EIC_Handler
 .text.extint_is_syncing
                0x00000bd8        0xc src/ASF/sam0/drivers/extint/extint_sam_d_r_h/extint.o
 .text._extint_enable
                0x00000be4       0x20 src/ASF/sam0/drivers/extint/extint_sam_d_r_h/extint.o
 .text._system_extint_init
                0x00000c04       0x68 src/ASF/sam0/drivers/extint/extint_sam_d_r_h/extint.o
                0x00000c04                _system_extint_init
 .text.extint_chan_get_config_defaults
                0x00000c6c       0x14 src/ASF/sam0/drivers/extint/extint_sam_d_r_h/extint.o
                0x00000c6c                extint_chan_get_config_defaults
 .text.extint_chan_set_config
                0x00000c80       0x70 src/ASF/sam0/drivers/extint/extint_sam_d_r_h/extint.o
                0x00000c80                extint_chan_set_config
 .text.port_pin_set_config
                0x00000cf0       0x20 src/ASF/sam0/drivers/port/port.o
                0x00000cf0                port_pin_set_config
 .text._system_dfll_wait_for_sync
                0x00000d10       0x10 src/ASF/sam0/drivers/system/clock/clock_samd21_r21_da_ha1/clock.o
 .text.system_clock_source_enable.part.0
                0x00000d20       0x38 src/ASF/sam0/drivers/system/clock/clock_samd21_r21_da_ha1/clock.o
 .text.system_clock_source_osc8m_set_config
                0x00000d58       0x3c src/ASF/sam0/drivers/system/clock/clock_samd21_r21_da_ha1/clock.o
                0x00000d58                system_clock_source_osc8m_set_config
 .text.system_clock_source_dfll_set_config
                0x00000d94       0x7c src/ASF/sam0/drivers/system/clock/clock_samd21_r21_da_ha1/clock.o
                0x00000d94                system_clock_source_dfll_set_config
 .text.system_clock_source_enable
                0x00000e10       0x68 src/ASF/sam0/drivers/system/clock/clock_samd21_r21_da_ha1/clock.o
                0x00000e10                system_clock_source_enable
 .text.system_clock_init
                0x00000e78       0xfc src/ASF/sam0/drivers/system/clock/clock_samd21_r21_da_ha1/clock.o
                0x00000e78                system_clock_init
 .text.system_gclk_is_syncing
                0x00000f74        0xc src/ASF/sam0/drivers/system/clock/clock_samd21_r21_da_ha1/gclk.o
 .text.system_gclk_init
                0x00000f80       0x20 src/ASF/sam0/drivers/system/clock/clock_samd21_r21_da_ha1/gclk.o
                0x00000f80                system_gclk_init
 .text.system_gclk_gen_set_config
                0x00000fa0       0xa4 src/ASF/sam0/drivers/system/clock/clock_samd21_r21_da_ha1/gclk.o
                0x00000fa0                system_gclk_gen_set_config
 .text.system_gclk_gen_enable
                0x00001044       0x40 src/ASF/sam0/drivers/system/clock/clock_samd21_r21_da_ha1/gclk.o
                0x00001044                system_gclk_gen_enable
 .text.system_gclk_chan_enable
                0x00001084       0x30 src/ASF/sam0/drivers/system/clock/clock_samd21_r21_da_ha1/gclk.o
                0x00001084                system_gclk_chan_enable
 .text.system_gclk_chan_disable
                0x000010b4       0x58 src/ASF/sam0/drivers/system/clock/clock_samd21_r21_da_ha1/gclk.o
                0x000010b4                system_gclk_chan_disable
 .text.system_gclk_chan_set_config
                0x0000110c       0x1c src/ASF/sam0/drivers/system/clock/clock_samd21_r21_da_ha1/gclk.o
                0x0000110c                system_gclk_chan_set_config
 .text._system_pinmux_config
                0x00001128       0x84 src/ASF/sam0/drivers/system/pinmux/pinmux.o
 .text.system_pinmux_pin_set_config
                0x000011ac       0x2c src/ASF/sam0/drivers/system/pinmux/pinmux.o
                0x000011ac                system_pinmux_pin_set_config
 .text._system_dummy_init
                0x000011d8        0x2 src/ASF/sam0/drivers/system/system.o
                0x000011d8                _system_events_init
                0x000011d8                _system_dummy_init
                0x000011d8                _system_divas_init
 *fill*         0x000011da        0x2 
 .text.system_init
                0x000011dc       0x2c src/ASF/sam0/drivers/system/system.o
                0x000011dc                system_init
 .text.cpu_irq_save
                0x00001208       0x24 src/ASF/sam0/drivers/usb/stack_interface/usb_device_udd.o
 .text.udd_ep_get_job
                0x0000122c       0x24 src/ASF/sam0/drivers/usb/stack_interface/usb_device_udd.o
 .text.udd_ep_transfer_process
                0x00001250      0x180 src/ASF/sam0/drivers/usb/stack_interface/usb_device_udd.o
 .text.udd_ctrl_stall_data
                0x000013d0       0x2c src/ASF/sam0/drivers/usb/stack_interface/usb_device_udd.o
 .text._usb_on_bus_reset
                0x000013fc       0xac src/ASF/sam0/drivers/usb/stack_interface/usb_device_udd.o
 .text.udd_ctrl_send_zlp_in
                0x000014a8       0x3c src/ASF/sam0/drivers/usb/stack_interface/usb_device_udd.o
 .text._usb_ep0_on_tansfer_fail
                0x000014e4       0x48 src/ASF/sam0/drivers/usb/stack_interface/usb_device_udd.o
 .text.udd_ctrl_in_sent
                0x0000152c       0x9c src/ASF/sam0/drivers/usb/stack_interface/usb_device_udd.o
 .text._usb_on_sof_notify
                0x000015c8       0x14 src/ASF/sam0/drivers/usb/stack_interface/usb_device_udd.o
 .text.cpu_irq_restore.part.0
                0x000015dc       0x14 src/ASF/sam0/drivers/usb/stack_interface/usb_device_udd.o
 .text.udd_wait_clock_ready
                0x000015f0       0x24 src/ASF/sam0/drivers/usb/stack_interface/usb_device_udd.o
 .text._usb_ep0_on_setup
                0x00001614       0xcc src/ASF/sam0/drivers/usb/stack_interface/usb_device_udd.o
 .text.udd_sleep_mode
                0x000016e0       0x80 src/ASF/sam0/drivers/usb/stack_interface/usb_device_udd.o
 .text._usb_device_lpm_suspend
                0x00001760       0x34 src/ASF/sam0/drivers/usb/stack_interface/usb_device_udd.o
 .text._usb_on_wakeup
                0x00001794       0x54 src/ASF/sam0/drivers/usb/stack_interface/usb_device_udd.o
 .text._usb_on_suspend
                0x000017e8       0x34 src/ASF/sam0/drivers/usb/stack_interface/usb_device_udd.o
 .text.udd_ep_abort
                0x0000181c       0x3c src/ASF/sam0/drivers/usb/stack_interface/usb_device_udd.o
                0x0000181c                udd_ep_abort
 .text.udd_get_frame_number
                0x00001858       0x10 src/ASF/sam0/drivers/usb/stack_interface/usb_device_udd.o
                0x00001858                udd_get_frame_number
 .text.udd_ep_free
                0x00001868       0x54 src/ASF/sam0/drivers/usb/stack_interface/usb_device_udd.o
                0x00001868                udd_ep_free
 .text.udd_ep_alloc
                0x000018bc       0xcc src/ASF/sam0/drivers/usb/stack_interface/usb_device_udd.o
                0x000018bc                udd_ep_alloc
 .text.udd_ep_is_halted
                0x00001988       0x14 src/ASF/sam0/drivers/usb/stack_interface/usb_device_udd.o
                0x00001988                udd_ep_is_halted
 .text.udd_ep_set_halt
                0x0000199c       0x2c src/ASF/sam0/drivers/usb/stack_interface/usb_device_udd.o
                0x0000199c                udd_ep_set_halt
 .text._usb_ep0_on_tansfer_ok
                0x000019c8       0xd4 src/ASF/sam0/drivers/usb/stack_interface/usb_device_udd.o
 .text.udd_ep_clear_halt
                0x00001a9c       0x3c src/ASF/sam0/drivers/usb/stack_interface/usb_device_udd.o
                0x00001a9c                udd_ep_clear_halt
 .text.udd_ep_run
                0x00001ad8      0x178 src/ASF/sam0/drivers/usb/stack_interface/usb_device_udd.o
                0x00001ad8                udd_ep_run
 .text.udd_set_address
                0x00001c50       0x10 src/ASF/sam0/drivers/usb/stack_interface/usb_device_udd.o
                0x00001c50                udd_set_address
 .text.udd_getaddress
                0x00001c60       0x10 src/ASF/sam0/drivers/usb/stack_interface/usb_device_udd.o
                0x00001c60                udd_getaddress
 .text.udd_set_setup_payload
                0x00001c70        0xc src/ASF/sam0/drivers/usb/stack_interface/usb_device_udd.o
                0x00001c70                udd_set_setup_payload
 .text.udd_detach
                0x00001c7c       0x1c src/ASF/sam0/drivers/usb/stack_interface/usb_device_udd.o
                0x00001c7c                udd_detach
 .text.udd_attach
                0x00001c98       0x84 src/ASF/sam0/drivers/usb/stack_interface/usb_device_udd.o
                0x00001c98                udd_attach
 .text._uhd_vbus_handler
                0x00001d1c       0x38 src/ASF/sam0/drivers/usb/stack_interface/usb_device_udd.o
 .text.udd_enable
                0x00001d54       0xc4 src/ASF/sam0/drivers/usb/stack_interface/usb_device_udd.o
                0x00001d54                udd_enable
 .text.usb_device_register_callback
                0x00001e18       0x24 src/ASF/sam0/drivers/usb/usb_sam_d_r/usb.o
                0x00001e18                usb_device_register_callback
 .text.usb_device_enable_callback
                0x00001e3c       0x20 src/ASF/sam0/drivers/usb/usb_sam_d_r/usb.o
                0x00001e3c                usb_device_enable_callback
 .text.usb_device_disable_callback
                0x00001e5c       0x1c src/ASF/sam0/drivers/usb/usb_sam_d_r/usb.o
                0x00001e5c                usb_device_disable_callback
 .text.usb_device_endpoint_register_callback
                0x00001e78       0x28 src/ASF/sam0/drivers/usb/usb_sam_d_r/usb.o
                0x00001e78                usb_device_endpoint_register_callback
 .text.usb_device_endpoint_unregister_callback
                0x00001ea0       0x28 src/ASF/sam0/drivers/usb/usb_sam_d_r/usb.o
                0x00001ea0                usb_device_endpoint_unregister_callback
 .text.usb_device_endpoint_enable_callback
                0x00001ec8       0x8c src/ASF/sam0/drivers/usb/usb_sam_d_r/usb.o
                0x00001ec8                usb_device_endpoint_enable_callback
 .text.usb_device_endpoint_disable_callback
                0x00001f54       0x8c src/ASF/sam0/drivers/usb/usb_sam_d_r/usb.o
                0x00001f54                usb_device_endpoint_disable_callback
 .text.usb_device_endpoint_get_config_defaults
                0x00001fe0        0xe src/ASF/sam0/drivers/usb/usb_sam_d_r/usb.o
                0x00001fe0                usb_device_endpoint_get_config_defaults
 *fill*         0x00001fee        0x2 
 .text.usb_device_endpoint_set_config
                0x00001ff0      0x190 src/ASF/sam0/drivers/usb/usb_sam_d_r/usb.o
                0x00001ff0                usb_device_endpoint_set_config
 .text.usb_device_endpoint_abort_job
                0x00002180       0x2c src/ASF/sam0/drivers/usb/usb_sam_d_r/usb.o
                0x00002180                usb_device_endpoint_abort_job
 .text.usb_device_endpoint_is_halted
                0x000021ac       0x1e src/ASF/sam0/drivers/usb/usb_sam_d_r/usb.o
                0x000021ac                usb_device_endpoint_is_halted
 .text.usb_device_endpoint_set_halt
                0x000021ca       0x1a src/ASF/sam0/drivers/usb/usb_sam_d_r/usb.o
                0x000021ca                usb_device_endpoint_set_halt
 .text.usb_device_endpoint_clear_halt
                0x000021e4       0x60 src/ASF/sam0/drivers/usb/usb_sam_d_r/usb.o
                0x000021e4                usb_device_endpoint_clear_halt
 .text.usb_device_endpoint_write_buffer_job
                0x00002244       0x4c src/ASF/sam0/drivers/usb/usb_sam_d_r/usb.o
                0x00002244                usb_device_endpoint_write_buffer_job
 .text.usb_device_endpoint_read_buffer_job
                0x00002290       0x48 src/ASF/sam0/drivers/usb/usb_sam_d_r/usb.o
                0x00002290                usb_device_endpoint_read_buffer_job
 .text.usb_device_endpoint_setup_buffer_job
                0x000022d8       0x30 src/ASF/sam0/drivers/usb/usb_sam_d_r/usb.o
                0x000022d8                usb_device_endpoint_setup_buffer_job
 .text.usb_enable
                0x00002308       0x14 src/ASF/sam0/drivers/usb/usb_sam_d_r/usb.o
                0x00002308                usb_enable
 .text.USB_Handler
                0x0000231c      0x5b0 src/ASF/sam0/drivers/usb/usb_sam_d_r/usb.o
                0x0000231c                USB_Handler
 .text.usb_get_config_defaults
                0x000028cc        0xe src/ASF/sam0/drivers/usb/usb_sam_d_r/usb.o
                0x000028cc                usb_get_config_defaults
 *fill*         0x000028da        0x2 
 .text.usb_init
                0x000028dc      0x1e4 src/ASF/sam0/drivers/usb/usb_sam_d_r/usb.o
                0x000028dc                usb_init
 .text.Dummy_Handler
                0x00002ac0        0x2 src/ASF/sam0/utils/cmsis/samd21/source/gcc/startup_samd21.o
                0x00002ac0                DMAC_Handler
                0x00002ac0                HardFault_Handler
                0x00002ac0                AC_Handler
                0x00002ac0                SysTick_Handler
                0x00002ac0                PendSV_Handler
                0x00002ac0                NMI_Handler
                0x00002ac0                SERCOM1_Handler
                0x00002ac0                ADC_Handler
                0x00002ac0                TCC1_Handler
                0x00002ac0                SERCOM2_Handler
                0x00002ac0                TCC0_Handler
                0x00002ac0                RTC_Handler
                0x00002ac0                WDT_Handler
                0x00002ac0                TC4_Handler
                0x00002ac0                TC3_Handler
                0x00002ac0                Dummy_Handler
                0x00002ac0                PM_Handler
                0x00002ac0                SVC_Handler
                0x00002ac0                TCC2_Handler
                0x00002ac0                EVSYS_Handler
                0x00002ac0                SERCOM3_Handler
                0x00002ac0                I2S_Handler
                0x00002ac0                NVMCTRL_Handler
                0x00002ac0                SERCOM0_Handler
                0x00002ac0                DAC_Handler
                0x00002ac0                PTC_Handler
                0x00002ac0                TC5_Handler
                0x00002ac0                SYSCTRL_Handler
 *fill*         0x00002ac2        0x2 
 .text.Reset_Handler
                0x00002ac4       0xbc src/ASF/sam0/utils/cmsis/samd21/source/gcc/startup_samd21.o
                0x00002ac4                Reset_Handler
 .text.startup.main
                0x00002b80       0xd4 src/main.o
                0x00002b80                main
 .text.main_suspend_action
                0x00002c54        0xc src/main.o
                0x00002c54                main_suspend_action
 .text.main_resume_action
                0x00002c60        0xc src/main.o
                0x00002c60                main_resume_action
 .text.main_sof_action
                0x00002c6c       0x20 src/main.o
                0x00002c6c                main_sof_action
 .text.main_remotewakeup_enable
                0x00002c8c        0xc src/main.o
                0x00002c8c                main_remotewakeup_enable
 .text.main_remotewakeup_disable
                0x00002c98        0xc src/main.o
                0x00002c98                main_remotewakeup_disable
 .text.main_kbd_enable
                0x00002ca4        0xc src/main.o
                0x00002ca4                main_kbd_enable
 .text.main_kbd_disable
                0x00002cb0        0xc src/main.o
                0x00002cb0                main_kbd_disable
 .text          0x00002cbc       0x14 c:/program files (x86)/atmel/studio/7.0/toolchain/arm/arm-gnu-toolchain/bin/../lib/gcc/arm-none-eabi/6.3.1/thumb/v6-m\libgcc.a(_thumb1_case_uqi.o)
                0x00002cbc                __gnu_thumb1_case_uqi
 .text          0x00002cd0       0x14 c:/program files (x86)/atmel/studio/7.0/toolchain/arm/arm-gnu-toolchain/bin/../lib/gcc/arm-none-eabi/6.3.1/thumb/v6-m\libgcc.a(_thumb1_case_shi.o)
                0x00002cd0                __gnu_thumb1_case_shi
 .text          0x00002ce4      0x114 c:/program files (x86)/atmel/studio/7.0/toolchain/arm/arm-gnu-toolchain/bin/../lib/gcc/arm-none-eabi/6.3.1/thumb/v6-m\libgcc.a(_udivsi3.o)
                0x00002ce4                __aeabi_uidiv
                0x00002ce4                __udivsi3
                0x00002df0                __aeabi_uidivmod
 .text          0x00002df8      0x1d4 c:/program files (x86)/atmel/studio/7.0/toolchain/arm/arm-gnu-toolchain/bin/../lib/gcc/arm-none-eabi/6.3.1/thumb/v6-m\libgcc.a(_divsi3.o)
                0x00002df8                __divsi3
                0x00002df8                __aeabi_idiv
                0x00002fc4                __aeabi_idivmod
 .text          0x00002fcc        0x4 c:/program files (x86)/atmel/studio/7.0/toolchain/arm/arm-gnu-toolchain/bin/../lib/gcc/arm-none-eabi/6.3.1/thumb/v6-m\libgcc.a(_dvmd_tls.o)
                0x00002fcc                __aeabi_idiv0
                0x00002fcc                __aeabi_ldiv0
 .text          0x00002fd0       0x40 c:/program files (x86)/atmel/studio/7.0/toolchain/arm/arm-gnu-toolchain/bin/../lib/gcc/arm-none-eabi/6.3.1/thumb/v6-m\libgcc.a(_ctzsi2.o)
                0x00002fd0                __ctzsi2
 .text.__libc_init_array
                0x00003010       0x48 c:/program files (x86)/atmel/studio/7.0/toolchain/arm/arm-gnu-toolchain/bin/../lib/gcc/arm-none-eabi/6.3.1/../../../../arm-none-eabi/lib/thumb/v6-m\libc_nano.a(lib_a-init.o)
                0x00003010                __libc_init_array
 .text.memcpy   0x00003058       0x12 c:/program files (x86)/atmel/studio/7.0/toolchain/arm/arm-gnu-toolchain/bin/../lib/gcc/arm-none-eabi/6.3.1/../../../../arm-none-eabi/lib/thumb/v6-m\libc_nano.a(lib_a-memcpy-stub.o)
                0x00003058                memcpy
 .text.memset   0x0000306a       0x10 c:/program files (x86)/atmel/studio/7.0/toolchain/arm/arm-gnu-toolchain/bin/../lib/gcc/arm-none-eabi/6.3.1/../../../../arm-none-eabi/lib/thumb/v6-m\libc_nano.a(lib_a-memset.o)
                0x0000306a                memset
 *(.glue_7t)
 .glue_7t       0x0000307a        0x0 linker stubs
 *(.glue_7)
 .glue_7        0x0000307a        0x0 linker stubs
 *(.rodata .rodata* .gnu.linkonce.r.*)
 .rodata._usb_device_irq_bits
                0x0000307a        0xe src/ASF/sam0/drivers/usb/usb_sam_d_r/usb.o
 .rodata._usb_endpoint_irq_bits
                0x00003088        0x4 src/ASF/sam0/drivers/usb/usb_sam_d_r/usb.o
 *(.ARM.extab* .gnu.linkonce.armextab.*)
                0x0000308c                . = ALIGN (0x4)
 *(.init)
 .init          0x0000308c        0x4 c:/program files (x86)/atmel/studio/7.0/toolchain/arm/arm-gnu-toolchain/bin/../lib/gcc/arm-none-eabi/6.3.1/thumb/v6-m/crti.o
                0x0000308c                _init
 .init          0x00003090        0x8 c:/program files (x86)/atmel/studio/7.0/toolchain/arm/arm-gnu-toolchain/bin/../lib/gcc/arm-none-eabi/6.3.1/thumb/v6-m/crtn.o
                0x00003098                . = ALIGN (0x4)
                0x00003098                __preinit_array_start = .
 *(.preinit_array)
                0x00003098                __preinit_array_end = .
                0x00003098                . = ALIGN (0x4)
                0x00003098                __init_array_start = .
 *(SORT(.init_array.*))
 *(.init_array)
 .init_array    0x00003098        0x4 c:/program files (x86)/atmel/studio/7.0/toolchain/arm/arm-gnu-toolchain/bin/../lib/gcc/arm-none-eabi/6.3.1/thumb/v6-m/crtbegin.o
                0x0000309c                __init_array_end = .
                0x0000309c                . = ALIGN (0x4)
 *crtbegin.o(.ctors)
 *(EXCLUDE_FILE(*crtend.o) .ctors)
 *(SORT(.ctors.*))
 *crtend.o(.ctors)
                0x0000309c                . = ALIGN (0x4)
 *(.fini)
 .fini          0x0000309c        0x4 c:/program files (x86)/atmel/studio/7.0/toolchain/arm/arm-gnu-toolchain/bin/../lib/gcc/arm-none-eabi/6.3.1/thumb/v6-m/crti.o
                0x0000309c                _fini
 .fini          0x000030a0        0x8 c:/program files (x86)/atmel/studio/7.0/toolchain/arm/arm-gnu-toolchain/bin/../lib/gcc/arm-none-eabi/6.3.1/thumb/v6-m/crtn.o
                0x000030a8                . = ALIGN (0x4)
                0x000030a8                __fini_array_start = .
 *(.fini_array)
 .fini_array    0x000030a8        0x4 c:/program files (x86)/atmel/studio/7.0/toolchain/arm/arm-gnu-toolchain/bin/../lib/gcc/arm-none-eabi/6.3.1/thumb/v6-m/crtbegin.o
 *(SORT(.fini_array.*))
                0x000030ac                __fini_array_end = .
 *crtbegin.o(.dtors)
 *(EXCLUDE_FILE(*crtend.o) .dtors)
 *(SORT(.dtors.*))
 *crtend.o(.dtors)
                0x000030ac                . = ALIGN (0x4)
                0x000030ac                _efixed = .
                [!provide]                PROVIDE (__exidx_start, .)

.vfp11_veneer   0x000030ac        0x0
 .vfp11_veneer  0x000030ac        0x0 linker stubs

.v4_bx          0x000030ac        0x0
 .v4_bx         0x000030ac        0x0 linker stubs

.iplt           0x000030ac        0x0
 .iplt          0x000030ac        0x0 c:/program files (x86)/atmel/studio/7.0/toolchain/arm/arm-gnu-toolchain/bin/../lib/gcc/arm-none-eabi/6.3.1/thumb/v6-m/crtbegin.o

.eh_frame       0x000030ac        0x0
 .eh_frame      0x000030ac        0x0 c:/program files (x86)/atmel/studio/7.0/toolchain/arm/arm-gnu-toolchain/bin/../lib/gcc/arm-none-eabi/6.3.1/thumb/v6-m/crtbegin.o

.rel.dyn        0x000030ac        0x0
 .rel.iplt      0x000030ac        0x0 c:/program files (x86)/atmel/studio/7.0/toolchain/arm/arm-gnu-toolchain/bin/../lib/gcc/arm-none-eabi/6.3.1/thumb/v6-m/crtbegin.o

.jcr            0x000030ac        0x0
 .jcr           0x000030ac        0x0 c:/program files (x86)/atmel/studio/7.0/toolchain/arm/arm-gnu-toolchain/bin/../lib/gcc/arm-none-eabi/6.3.1/thumb/v6-m/crtbegin.o

.igot.plt       0x000030ac        0x0
 .igot.plt      0x000030ac        0x0 c:/program files (x86)/atmel/studio/7.0/toolchain/arm/arm-gnu-toolchain/bin/../lib/gcc/arm-none-eabi/6.3.1/thumb/v6-m/crtbegin.o

.ARM.exidx
 *(.ARM.exidx* .gnu.linkonce.armexidx.*)
                [!provide]                PROVIDE (__exidx_end, .)
                0x000030ac                . = ALIGN (0x4)
                0x000030ac                _etext = .

.relocate       0x20000000       0xdc load address 0x000030ac
                0x20000000                . = ALIGN (0x4)
                0x20000000                _srelocate = .
 *(.ramfunc .ramfunc.*)
 *(.data .data.*)
 .data.udi_api_hid_kbd
                0x20000000       0x14 src/ASF/common/services/usb/class/hid/device/kbd/udi_hid_kbd.o
                0x20000000                udi_api_hid_kbd
 .data.udi_hid_kbd_report_desc
                0x20000014       0x3b src/ASF/common/services/usb/class/hid/device/kbd/udi_hid_kbd.o
                0x20000014                udi_hid_kbd_report_desc
 *fill*         0x2000004f        0x1 
 .data.udc_config
                0x20000050        0xc src/ASF/common/services/usb/class/hid/device/kbd/udi_hid_kbd_desc.o
                0x20000050                udc_config
 .data.udc_config_fshs
                0x2000005c        0x8 src/ASF/common/services/usb/class/hid/device/kbd/udi_hid_kbd_desc.o
                0x2000005c                udc_config_fshs
 .data.udc_desc
                0x20000064       0x22 src/ASF/common/services/usb/class/hid/device/kbd/udi_hid_kbd_desc.o
                0x20000064                udc_desc
 *fill*         0x20000086        0x2 
 .data.udc_device_desc
                0x20000088       0x12 src/ASF/common/services/usb/class/hid/device/kbd/udi_hid_kbd_desc.o
                0x20000088                udc_device_desc
 *fill*         0x2000009a        0x2 
 .data.udi_apis
                0x2000009c        0x4 src/ASF/common/services/usb/class/hid/device/kbd/udi_hid_kbd_desc.o
                0x2000009c                udi_apis
 .data.udc_string_desc
                0x200000a0       0x1a src/ASF/common/services/usb/udc/udc.o
 *fill*         0x200000ba        0x2 
 .data.udc_string_desc_languageid
                0x200000bc        0x4 src/ASF/common/services/usb/udc/udc.o
 .data.udc_string_manufacturer_name
                0x200000c0        0xa src/ASF/common/services/usb/udc/udc.o
 .data.udc_string_product_name
                0x200000ca        0xd src/ASF/common/services/usb/udc/udc.o
 .data.g_interrupt_enabled
                0x200000d7        0x1 src/ASF/common/utils/interrupt/interrupt_sam_nvic.o
                0x200000d7                g_interrupt_enabled
 .data.main_b_kbd_enable
                0x200000d8        0x1 src/main.o
                0x200000dc                . = ALIGN (0x4)
 *fill*         0x200000d9        0x3 
                0x200000dc                _erelocate = .

.bss            0x200000dc      0x3cc load address 0x00003188
                0x200000dc                . = ALIGN (0x4)
                0x200000dc                _sbss = .
                0x200000dc                _szero = .
 *(.bss .bss.*)
 .bss           0x200000dc       0x1c c:/program files (x86)/atmel/studio/7.0/toolchain/arm/arm-gnu-toolchain/bin/../lib/gcc/arm-none-eabi/6.3.1/thumb/v6-m/crtbegin.o
 .bss.btn_last_state.13094
                0x200000f8        0x1 src/ASF/common/services/usb/class/hid/device/kbd/example/samd21j18a_samd21_xplained_pro/ui.o
 .bss.btn_last_state2.13096
                0x200000f9        0x1 src/ASF/common/services/usb/class/hid/device/kbd/example/samd21j18a_samd21_xplained_pro/ui.o
 .bss.udi_hid_kbd_b_report_trans_ongoing
                0x200000fa        0x1 src/ASF/common/services/usb/class/hid/device/kbd/udi_hid_kbd.o
 .bss.udi_hid_kbd_b_report_valid
                0x200000fb        0x1 src/ASF/common/services/usb/class/hid/device/kbd/udi_hid_kbd.o
 .bss.udi_hid_kbd_protocol
                0x200000fc        0x1 src/ASF/common/services/usb/class/hid/device/kbd/udi_hid_kbd.o
 *fill*         0x200000fd        0x3 
 .bss.udi_hid_kbd_rate
                0x20000100        0x1 src/ASF/common/services/usb/class/hid/device/kbd/udi_hid_kbd.o
 .bss.udi_hid_kbd_report
                0x20000101        0x8 src/ASF/common/services/usb/class/hid/device/kbd/udi_hid_kbd.o
 *fill*         0x20000109        0x3 
 .bss.udi_hid_kbd_report_set
                0x2000010c        0x1 src/ASF/common/services/usb/class/hid/device/kbd/udi_hid_kbd.o
 *fill*         0x2000010d        0x3 
 .bss.udi_hid_kbd_report_trans
                0x20000110        0x8 src/ASF/common/services/usb/class/hid/device/kbd/udi_hid_kbd.o
 .bss.udc_device_status
                0x20000118        0x2 src/ASF/common/services/usb/udc/udc.o
 .bss.udc_ep_status.12106
                0x2000011a        0x2 src/ASF/common/services/usb/udc/udc.o
 .bss.udc_iface_setting
                0x2000011c        0x1 src/ASF/common/services/usb/udc/udc.o
 *fill*         0x2000011d        0x3 
 .bss.udc_num_configuration
                0x20000120        0x1 src/ASF/common/services/usb/udc/udc.o
 *fill*         0x20000121        0x3 
 .bss.udc_ptr_conf
                0x20000124        0x4 src/ASF/common/services/usb/udc/udc.o
 .bss.udc_ptr_iface
                0x20000128        0x4 src/ASF/common/services/usb/udc/udc.o
 .bss.cpu_irq_critical_section_counter
                0x2000012c        0x4 src/ASF/common/utils/interrupt/interrupt_sam_nvic.o
 .bss.cpu_irq_prev_interrupt_state
                0x20000130        0x1 src/ASF/common/utils/interrupt/interrupt_sam_nvic.o
 *fill*         0x20000131        0x3 
 .bss._system_clock_inst
                0x20000134       0x18 src/ASF/sam0/drivers/system/clock/clock_samd21_r21_da_ha1/clock.o
 .bss.b_shortpacket.13386
                0x2000014c        0x1 src/ASF/sam0/drivers/usb/stack_interface/usb_device_udd.o
 *fill*         0x2000014d        0x1 
 .bss.udd_ctrl_payload_nb_trans
                0x2000014e        0x2 src/ASF/sam0/drivers/usb/stack_interface/usb_device_udd.o
 .bss.udd_ctrl_prev_payload_nb_trans
                0x20000150        0x2 src/ASF/sam0/drivers/usb/stack_interface/usb_device_udd.o
 .bss.udd_ep_control_state
                0x20000152        0x1 src/ASF/sam0/drivers/usb/stack_interface/usb_device_udd.o
 *fill*         0x20000153        0x1 
 .bss.udd_ep_job
                0x20000154       0x28 src/ASF/sam0/drivers/usb/stack_interface/usb_device_udd.o
 .bss.udd_state.13243
                0x2000017c        0x1 src/ASF/sam0/drivers/usb/stack_interface/usb_device_udd.o
 *fill*         0x2000017d        0x3 
 .bss._usb_instances
                0x20000180        0x4 src/ASF/sam0/drivers/usb/usb_sam_d_r/usb.o
 .bss.device_callback_lpm_wakeup_enable
                0x20000184        0x4 src/ASF/sam0/drivers/usb/usb_sam_d_r/usb.o
 .bss.ep_callback_para
                0x20000188        0x8 src/ASF/sam0/drivers/usb/usb_sam_d_r/usb.o
 .bss.host_pipe_job_busy_status
                0x20000190        0x4 src/ASF/sam0/drivers/usb/usb_sam_d_r/usb.o
                0x20000190                host_pipe_job_busy_status
 .bss.pipe_callback_para
                0x20000194        0x6 src/ASF/sam0/drivers/usb/usb_sam_d_r/usb.o
 *(COMMON)
 COMMON         0x2000019a        0x5 src/ASF/common/services/sleepmgr/samd/sleepmgr.o
                0x2000019a                sleepmgr_locks
 COMMON         0x2000019f        0x1 src/ASF/sam0/drivers/extint/extint_callback.o
                0x2000019f                _current_channel
 COMMON         0x200001a0       0x40 src/ASF/sam0/drivers/extint/extint_sam_d_r_h/extint.o
                0x200001a0                _extint_dev
 COMMON         0x200001e0      0x1c8 src/ASF/sam0/drivers/usb/stack_interface/usb_device_udd.o
                0x200001e0                udd_ep_out_cache_buffer
                0x20000220                usb_device
                0x20000388                udd_g_ctrlreq
                0x200003a0                udd_ctrl_buffer
 COMMON         0x200003a8      0x100 src/ASF/sam0/drivers/usb/usb_sam_d_r/usb.o
                0x200003a8                usb_descriptor_table
                0x200004a8                . = ALIGN (0x4)
                0x200004a8                _ebss = .
                0x200004a8                _ezero = .

.stack          0x200004a8     0x2000 load address 0x00003554
                0x200004a8                . = ALIGN (0x8)
                0x200004a8                _sstack = .
                0x200024a8                . = (. + STACK_SIZE)
 *fill*         0x200004a8     0x2000 
                0x200024a8                . = ALIGN (0x8)
                0x200024a8                _estack = .
                0x200024a8                . = ALIGN (0x4)
                0x200024a8                _end = .
OUTPUT(firmware.elf elf32-littlearm)

.ARM.attributes
                0x00000000       0x28
 .ARM.attributes
                0x00000000       0x1e c:/program files (x86)/atmel/studio/7.0/toolchain/arm/arm-gnu-toolchain/bin/../lib/gcc/arm-none-eabi/6.3.1/thumb/v6-m/crti.o
 .ARM.attributes
                0x0000001e       0x2c c:/program files (x86)/atmel/studio/7.0/toolchain/arm/arm-gnu-toolchain/bin/../lib/gcc/arm-none-eabi/6.3.1/thumb/v6-m/crtbegin.o
 .ARM.attributes
                0x0000004a       0x32 src/ASF/common/services/usb/class/hid/device/kbd/example/samd21j18a_samd21_xplained_pro/ui.o
 .ARM.attributes
                0x0000007c       0x32 src/ASF/common/services/sleepmgr/samd/sleepmgr.o
 .ARM.attributes
                0x000000ae       0x32 src/ASF/common/services/usb/class/hid/device/kbd/udi_hid_kbd.o
 .ARM.attributes
                0x000000e0       0x32 src/ASF/common/services/usb/class/hid/device/kbd/udi_hid_kbd_desc.o
 .ARM.attributes
                0x00000112       0x32 src/ASF/common/services/usb/class/hid/device/udi_hid.o
 .ARM.attributes
                0x00000144       0x32 src/ASF/common/services/usb/udc/udc.o
 .ARM.attributes
                0x00000176       0x32 src/ASF/common/utils/interrupt/interrupt_sam_nvic.o
 .ARM.attributes
                0x000001a8       0x32 src/ASF/sam0/boards/samd21_xplained_pro/board_init.o
 .ARM.attributes
                0x000001da       0x32 src/ASF/sam0/drivers/extint/extint_callback.o
 .ARM.attributes
                0x0000020c       0x32 src/ASF/sam0/drivers/extint/extint_sam_d_r_h/extint.o
 .ARM.attributes
                0x0000023e       0x32 src/ASF/sam0/drivers/port/port.o
 .ARM.attributes
                0x00000270       0x32 src/ASF/sam0/drivers/system/clock/clock_samd21_r21_da_ha1/clock.o
 .ARM.attributes
                0x000002a2       0x32 src/ASF/sam0/drivers/system/clock/clock_samd21_r21_da_ha1/gclk.o
 .ARM.attributes
                0x000002d4       0x32 src/ASF/sam0/drivers/system/pinmux/pinmux.o
 .ARM.attributes
                0x00000306       0x32 src/ASF/sam0/drivers/system/system.o
 .ARM.attributes
                0x00000338       0x32 src/ASF/sam0/drivers/usb/stack_interface/usb_device_udd.o
 .ARM.attributes
                0x0000036a       0x32 src/ASF/sam0/drivers/usb/usb_sam_d_r/usb.o
 .ARM.attributes
                0x0000039c       0x32 src/ASF/sam0/utils/cmsis/samd21/source/gcc/startup_samd21.o
 .ARM.attributes
                0x000003ce       0x32 src/main.o
 .ARM.attributes
                0x00000400       0x1e c:/program files (x86)/atmel/studio/7.0/toolchain/arm/arm-gnu-toolchain/bin/../lib/gcc/arm-none-eabi/6.3.1/thumb/v6-m\libgcc.a(_thumb1_case_uqi.o)
 .ARM.attributes
                0x0000041e       0x1e c:/program files (x86)/atmel/studio/7.0/toolchain/arm/arm-gnu-toolchain/bin/../lib/gcc/arm-none-eabi/6.3.1/thumb/v6-m\libgcc.a(_thumb1_case_shi.o)
 .ARM.attributes
                0x0000043c       0x1e c:/program files (x86)/atmel/studio/7.0/toolchain/arm/arm-gnu-toolchain/bin/../lib/gcc/arm-none-eabi/6.3.1/thumb/v6-m\libgcc.a(_udivsi3.o)
 .ARM.attributes
                0x0000045a       0x1e c:/program files (x86)/atmel/studio/7.0/toolchain/arm/arm-gnu-toolchain/bin/../lib/gcc/arm-none-eabi/6.3.1/thumb/v6-m\libgcc.a(_divsi3.o)
 .ARM.attributes
                0x00000478       0x1e c:/program files (x86)/atmel/studio/7.0/toolchain/arm/arm-gnu-toolchain/bin/../lib/gcc/arm-none-eabi/6.3.1/thumb/v6-m\libgcc.a(_dvmd_tls.o)
 .ARM.attributes
                0x00000496       0x1e c:/program files (x86)/atmel/studio/7.0/toolchain/arm/arm-gnu-toolchain/bin/../lib/gcc/arm-none-eabi/6.3.1/thumb/v6-m\libgcc.a(_ctzsi2.o)
 .ARM.attributes
                0x000004b4       0x2c c:/program files (x86)/atmel/studio/7.0/toolchain/arm/arm-gnu-toolchain/bin/../lib/gcc/arm-none-eabi/6.3.1/../../../../arm-none-eabi/lib/thumb/v6-m\libc_nano.a(lib_a-init.o)
 .ARM.attributes
                0x000004e0       0x2c c:/program files (x86)/atmel/studio/7.0/toolchain/arm/arm-gnu-toolchain/bin/../lib/gcc/arm-none-eabi/6.3.1/../../../../arm-none-eabi/lib/thumb/v6-m\libc_nano.a(lib_a-memcpy-stub.o)
 .ARM.attributes
                0x0000050c       0x2c c:/program files (x86)/atmel/studio/7.0/toolchain/arm/arm-gnu-toolchain/bin/../lib/gcc/arm-none-eabi/6.3.1/../../../../arm-none-eabi/lib/thumb/v6-m\libc_nano.a(lib_a-memset.o)
 .ARM.attributes
                0x00000538       0x1e c:/program files (x86)/atmel/studio/7.0/toolchain/arm/arm-gnu-toolchain/bin/../lib/gcc/arm-none-eabi/6.3.1/thumb/v6-m/crtn.o

.comment        0x00000000       0x59
 .comment       0x00000000       0x59 src/ASF/common/services/usb/class/hid/device/kbd/example/samd21j18a_samd21_xplained_pro/ui.o
                                 0x5a (size before relaxing)
 .comment       0x00000059       0x5a src/ASF/common/services/sleepmgr/samd/sleepmgr.o
 .comment       0x00000059       0x5a src/ASF/common/services/usb/class/hid/device/kbd/udi_hid_kbd.o
 .comment       0x00000059       0x5a src/ASF/common/services/usb/class/hid/device/kbd/udi_hid_kbd_desc.o
 .comment       0x00000059       0x5a src/ASF/common/services/usb/class/hid/device/udi_hid.o
 .comment       0x00000059       0x5a src/ASF/common/services/usb/udc/udc.o
 .comment       0x00000059       0x5a src/ASF/common/utils/interrupt/interrupt_sam_nvic.o
 .comment       0x00000059       0x5a src/ASF/sam0/boards/samd21_xplained_pro/board_init.o
 .comment       0x00000059       0x5a src/ASF/sam0/drivers/extint/extint_callback.o
 .comment       0x00000059       0x5a src/ASF/sam0/drivers/extint/extint_sam_d_r_h/extint.o
 .comment       0x00000059       0x5a src/ASF/sam0/drivers/port/port.o
 .comment       0x00000059       0x5a src/ASF/sam0/drivers/system/clock/clock_samd21_r21_da_ha1/clock.o
 .comment       0x00000059       0x5a src/ASF/sam0/drivers/system/clock/clock_samd21_r21_da_ha1/gclk.o
 .comment       0x00000059       0x5a src/ASF/sam0/drivers/system/pinmux/pinmux.o
 .comment       0x00000059       0x5a src/ASF/sam0/drivers/system/system.o
 .comment       0x00000059       0x5a src/ASF/sam0/drivers/usb/stack_interface/usb_device_udd.o
 .comment       0x00000059       0x5a src/ASF/sam0/drivers/usb/usb_sam_d_r/usb.o
 .comment       0x00000059       0x5a src/ASF/sam0/utils/cmsis/samd21/source/gcc/startup_samd21.o
 .comment       0x00000059       0x5a src/main.o

.debug_frame    0x00000000       0xb4
 .debug_frame   0x00000000       0x20 c:/program files (x86)/atmel/studio/7.0/toolchain/arm/arm-gnu-toolchain/bin/../lib/gcc/arm-none-eabi/6.3.1/thumb/v6-m\libgcc.a(_udivsi3.o)
 .debug_frame   0x00000020       0x20 c:/program files (x86)/atmel/studio/7.0/toolchain/arm/arm-gnu-toolchain/bin/../lib/gcc/arm-none-eabi/6.3.1/thumb/v6-m\libgcc.a(_divsi3.o)
 .debug_frame   0x00000040       0x2c c:/program files (x86)/atmel/studio/7.0/toolchain/arm/arm-gnu-toolchain/bin/../lib/gcc/arm-none-eabi/6.3.1/../../../../arm-none-eabi/lib/thumb/v6-m\libc_nano.a(lib_a-init.o)
 .debug_frame   0x0000006c       0x28 c:/program files (x86)/atmel/studio/7.0/toolchain/arm/arm-gnu-toolchain/bin/../lib/gcc/arm-none-eabi/6.3.1/../../../../arm-none-eabi/lib/thumb/v6-m\libc_nano.a(lib_a-memcpy-stub.o)
 .debug_frame   0x00000094       0x20 c:/program files (x86)/atmel/studio/7.0/toolchain/arm/arm-gnu-toolchain/bin/../lib/gcc/arm-none-eabi/6.3.1/../../../../arm-none-eabi/lib/thumb/v6-m\libc_nano.a(lib_a-memset.o)

Cross Reference Table

Symbol                                            File
AC_Handler                                        src/ASF/sam0/utils/cmsis/samd21/source/gcc/startup_samd21.o
ADC_Handler                                       src/ASF/sam0/utils/cmsis/samd21/source/gcc/startup_samd21.o
DAC_Handler                                       src/ASF/sam0/utils/cmsis/samd21/source/gcc/startup_samd21.o
DMAC_Handler                                      src/ASF/sam0/utils/cmsis/samd21/source/gcc/startup_samd21.o
Dummy_Handler                                     src/ASF/sam0/utils/cmsis/samd21/source/gcc/startup_samd21.o
EIC_Handler                                       src/ASF/sam0/drivers/extint/extint_callback.o
EVSYS_Handler                                     src/ASF/sam0/utils/cmsis/samd21/source/gcc/startup_samd21.o
HardFault_Handler                                 src/ASF/sam0/utils/cmsis/samd21/source/gcc/startup_samd21.o
I2S_Handler                                       src/ASF/sam0/utils/cmsis/samd21/source/gcc/startup_samd21.o
NMI_Handler                                       src/ASF/sam0/utils/cmsis/samd21/source/gcc/startup_samd21.o
NVMCTRL_Handler                                   src/ASF/sam0/utils/cmsis/samd21/source/gcc/startup_samd21.o
PM_Handler                                        src/ASF/sam0/utils/cmsis/samd21/source/gcc/startup_samd21.o
PTC_Handler                                       src/ASF/sam0/utils/cmsis/samd21/source/gcc/startup_samd21.o
PendSV_Handler                                    src/ASF/sam0/utils/cmsis/samd21/source/gcc/startup_samd21.o
RTC_Handler                                       src/ASF/sam0/utils/cmsis/samd21/source/gcc/startup_samd21.o
Reset_Handler                                     src/ASF/sam0/utils/cmsis/samd21/source/gcc/startup_samd21.o
SERCOM0_Handler                                   src/ASF/sam0/utils/cmsis/samd21/source/gcc/startup_samd21.o
SERCOM1_Handler                                   src/ASF/sam0/utils/cmsis/samd21/source/gcc/startup_samd21.o
SERCOM2_Handler                                   src/ASF/sam0/utils/cmsis/samd21/source/gcc/startup_samd21.o
SERCOM3_Handler                                   src/ASF/sam0/utils/cmsis/samd21/source/gcc/startup_samd21.o
SVC_Handler                                       src/ASF/sam0/utils/cmsis/samd21/source/gcc/startup_samd21.o
SYSCTRL_Handler                                   src/ASF/sam0/utils/cmsis/samd21/source/gcc/startup_samd21.o
SysTick_Handler                                   src/ASF/sam0/utils/cmsis/samd21/source/gcc/startup_samd21.o
SystemCoreClock                                   src/ASF/sam0/utils/cmsis/samd21/source/system_samd21.o
SystemCoreClockUpdate                             src/ASF/sam0/utils/cmsis/samd21/source/system_samd21.o
SystemInit                                        src/ASF/sam0/utils/cmsis/samd21/source/system_samd21.o
TC3_Handler                                       src/ASF/sam0/utils/cmsis/samd21/source/gcc/startup_samd21.o
TC4_Handler                                       src/ASF/sam0/utils/cmsis/samd21/source/gcc/startup_samd21.o
TC5_Handler                                       src/ASF/sam0/utils/cmsis/samd21/source/gcc/startup_samd21.o
TCC0_Handler                                      src/ASF/sam0/utils/cmsis/samd21/source/gcc/startup_samd21.o
TCC1_Handler                                      src/ASF/sam0/utils/cmsis/samd21/source/gcc/startup_samd21.o
TCC2_Handler                                      src/ASF/sam0/utils/cmsis/samd21/source/gcc/startup_samd21.o
USB_Handler                                       src/ASF/sam0/drivers/usb/usb_sam_d_r/usb.o
WDT_Handler                                       src/ASF/sam0/utils/cmsis/samd21/source/gcc/startup_samd21.o
_Jv_RegisterClasses                               c:/program files (x86)/atmel/studio/7.0/toolchain/arm/arm-gnu-toolchain/bin/../lib/gcc/arm-none-eabi/6.3.1/thumb/v6-m/crtbegin.o
__aeabi_idiv                                      c:/program files (x86)/atmel/studio/7.0/toolchain/arm/arm-gnu-toolchain/bin/../lib/gcc/arm-none-eabi/6.3.1/thumb/v6-m\libgcc.a(_divsi3.o)
__aeabi_idiv0                                     c:/program files (x86)/atmel/studio/7.0/toolchain/arm/arm-gnu-toolchain/bin/../lib/gcc/arm-none-eabi/6.3.1/thumb/v6-m\libgcc.a(_dvmd_tls.o)
                                                  c:/program files (x86)/atmel/studio/7.0/toolchain/arm/arm-gnu-toolchain/bin/../lib/gcc/arm-none-eabi/6.3.1/thumb/v6-m\libgcc.a(_divsi3.o)
                                                  c:/program files (x86)/atmel/studio/7.0/toolchain/arm/arm-gnu-toolchain/bin/../lib/gcc/arm-none-eabi/6.3.1/thumb/v6-m\libgcc.a(_udivsi3.o)
__aeabi_idivmod                                   c:/program files (x86)/atmel/studio/7.0/toolchain/arm/arm-gnu-toolchain/bin/../lib/gcc/arm-none-eabi/6.3.1/thumb/v6-m\libgcc.a(_divsi3.o)
                                                  src/ASF/sam0/drivers/usb/stack_interface/usb_device_udd.o
__aeabi_ldiv0                                     c:/program files (x86)/atmel/studio/7.0/toolchain/arm/arm-gnu-toolchain/bin/../lib/gcc/arm-none-eabi/6.3.1/thumb/v6-m\libgcc.a(_dvmd_tls.o)
__aeabi_uidiv                                     c:/program files (x86)/atmel/studio/7.0/toolchain/arm/arm-gnu-toolchain/bin/../lib/gcc/arm-none-eabi/6.3.1/thumb/v6-m\libgcc.a(_udivsi3.o)
                                                  src/ASF/sam0/drivers/system/clock/clock_samd21_r21_da_ha1/gclk.o
                                                  src/ASF/sam0/drivers/system/clock/clock_samd21_r21_da_ha1/clock.o
__aeabi_uidivmod                                  c:/program files (x86)/atmel/studio/7.0/toolchain/arm/arm-gnu-toolchain/bin/../lib/gcc/arm-none-eabi/6.3.1/thumb/v6-m\libgcc.a(_udivsi3.o)
                                                  src/ASF/sam0/drivers/usb/stack_interface/usb_device_udd.o
__bss_end__                                       c:/program files (x86)/atmel/studio/7.0/toolchain/arm/arm-gnu-toolchain/bin/../lib/gcc/arm-none-eabi/6.3.1/../../../../arm-none-eabi/lib/thumb/v6-m/crt0.o
__bss_start__                                     c:/program files (x86)/atmel/studio/7.0/toolchain/arm/arm-gnu-toolchain/bin/../lib/gcc/arm-none-eabi/6.3.1/../../../../arm-none-eabi/lib/thumb/v6-m/crt0.o
__call_exitprocs                                  c:/program files (x86)/atmel/studio/7.0/toolchain/arm/arm-gnu-toolchain/bin/../lib/gcc/arm-none-eabi/6.3.1/../../../../arm-none-eabi/lib/thumb/v6-m\libc_nano.a(lib_a-exit.o)
__clzsi2                                          c:/program files (x86)/atmel/studio/7.0/toolchain/arm/arm-gnu-toolchain/bin/../lib/gcc/arm-none-eabi/6.3.1/thumb/v6-m\libgcc.a(_clzsi2.o)
                                                  src/ASF/sam0/drivers/usb/usb_sam_d_r/usb.o
__ctzsi2                                          c:/program files (x86)/atmel/studio/7.0/toolchain/arm/arm-gnu-toolchain/bin/../lib/gcc/arm-none-eabi/6.3.1/thumb/v6-m\libgcc.a(_ctzsi2.o)
                                                  src/ASF/sam0/drivers/usb/usb_sam_d_r/usb.o
__deregister_frame_info                           c:/program files (x86)/atmel/studio/7.0/toolchain/arm/arm-gnu-toolchain/bin/../lib/gcc/arm-none-eabi/6.3.1/thumb/v6-m/crtbegin.o
__divsi3                                          c:/program files (x86)/atmel/studio/7.0/toolchain/arm/arm-gnu-toolchain/bin/../lib/gcc/arm-none-eabi/6.3.1/thumb/v6-m\libgcc.a(_divsi3.o)
__dso_handle                                      c:/program files (x86)/atmel/studio/7.0/toolchain/arm/arm-gnu-toolchain/bin/../lib/gcc/arm-none-eabi/6.3.1/thumb/v6-m/crtbegin.o
__gnu_thumb1_case_shi                             c:/program files (x86)/atmel/studio/7.0/toolchain/arm/arm-gnu-toolchain/bin/../lib/gcc/arm-none-eabi/6.3.1/thumb/v6-m\libgcc.a(_thumb1_case_shi.o)
                                                  src/ASF/common/services/usb/udc/udc.o
__gnu_thumb1_case_uqi                             c:/program files (x86)/atmel/studio/7.0/toolchain/arm/arm-gnu-toolchain/bin/../lib/gcc/arm-none-eabi/6.3.1/thumb/v6-m\libgcc.a(_thumb1_case_uqi.o)
                                                  src/ASF/sam0/drivers/usb/usb_sam_d_r/usb.o
                                                  src/ASF/sam0/drivers/system/clock/clock_samd21_r21_da_ha1/clock.o
__init_array_end                                  c:/program files (x86)/atmel/studio/7.0/toolchain/arm/arm-gnu-toolchain/bin/../lib/gcc/arm-none-eabi/6.3.1/../../../../arm-none-eabi/lib/thumb/v6-m\libc_nano.a(lib_a-init.o)
__init_array_start                                c:/program files (x86)/atmel/studio/7.0/toolchain/arm/arm-gnu-toolchain/bin/../lib/gcc/arm-none-eabi/6.3.1/../../../../arm-none-eabi/lib/thumb/v6-m\libc_nano.a(lib_a-init.o)
__libc_fini_array                                 c:/program files (x86)/atmel/studio/7.0/toolchain/arm/arm-gnu-toolchain/bin/../lib/gcc/arm-none-eabi/6.3.1/../../../../arm-none-eabi/lib/thumb/v6-m/crt0.o
__libc_init_array                                 c:/program files (x86)/atmel/studio/7.0/toolchain/arm/arm-gnu-toolchain/bin/../lib/gcc/arm-none-eabi/6.3.1/../../../../arm-none-eabi/lib/thumb/v6-m\libc_nano.a(lib_a-init.o)
                                                  src/ASF/sam0/utils/cmsis/samd21/source/gcc/startup_samd21.o
                                                  c:/program files (x86)/atmel/studio/7.0/toolchain/arm/arm-gnu-toolchain/bin/../lib/gcc/arm-none-eabi/6.3.1/../../../../arm-none-eabi/lib/thumb/v6-m/crt0.o
__preinit_array_end                               c:/program files (x86)/atmel/studio/7.0/toolchain/arm/arm-gnu-toolchain/bin/../lib/gcc/arm-none-eabi/6.3.1/../../../../arm-none-eabi/lib/thumb/v6-m\libc_nano.a(lib_a-init.o)
__preinit_array_start                             c:/program files (x86)/atmel/studio/7.0/toolchain/arm/arm-gnu-toolchain/bin/../lib/gcc/arm-none-eabi/6.3.1/../../../../arm-none-eabi/lib/thumb/v6-m\libc_nano.a(lib_a-init.o)
__register_frame_info                             c:/program files (x86)/atmel/studio/7.0/toolchain/arm/arm-gnu-toolchain/bin/../lib/gcc/arm-none-eabi/6.3.1/thumb/v6-m/crtbegin.o
__sf_fake_stderr                                  c:/program files (x86)/atmel/studio/7.0/toolchain/arm/arm-gnu-toolchain/bin/../lib/gcc/arm-none-eabi/6.3.1/../../../../arm-none-eabi/lib/thumb/v6-m\libc_nano.a(lib_a-impure.o)
__sf_fake_stdin                                   c:/program files (x86)/atmel/studio/7.0/toolchain/arm/arm-gnu-toolchain/bin/../lib/gcc/arm-none-eabi/6.3.1/../../../../arm-none-eabi/lib/thumb/v6-m\libc_nano.a(lib_a-impure.o)
__sf_fake_stdout                                  c:/program files (x86)/atmel/studio/7.0/toolchain/arm/arm-gnu-toolchain/bin/../lib/gcc/arm-none-eabi/6.3.1/../../../../arm-none-eabi/lib/thumb/v6-m\libc_nano.a(lib_a-impure.o)
__stack                                           c:/program files (x86)/atmel/studio/7.0/toolchain/arm/arm-gnu-toolchain/bin/../lib/gcc/arm-none-eabi/6.3.1/../../../../arm-none-eabi/lib/thumb/v6-m/crt0.o
__udivsi3                                         c:/program files (x86)/atmel/studio/7.0/toolchain/arm/arm-gnu-toolchain/bin/../lib/gcc/arm-none-eabi/6.3.1/thumb/v6-m\libgcc.a(_udivsi3.o)
_close                                            src/ASF/sam0/utils/syscalls/gcc/syscalls.o
_current_channel                                  src/ASF/sam0/drivers/extint/extint_callback.o
_end                                              src/ASF/sam0/utils/syscalls/gcc/syscalls.o
_erelocate                                        src/ASF/sam0/utils/cmsis/samd21/source/gcc/startup_samd21.o
_estack                                           src/ASF/sam0/utils/cmsis/samd21/source/gcc/startup_samd21.o
_etext                                            src/ASF/sam0/utils/cmsis/samd21/source/gcc/startup_samd21.o
_exit                                             src/ASF/sam0/utils/syscalls/gcc/syscalls.o
                                                  c:/program files (x86)/atmel/studio/7.0/toolchain/arm/arm-gnu-toolchain/bin/../lib/gcc/arm-none-eabi/6.3.1/../../../../arm-none-eabi/lib/thumb/v6-m\libc_nano.a(lib_a-exit.o)
_extint_dev                                       src/ASF/sam0/drivers/extint/extint_sam_d_r_h/extint.o
                                                  src/ASF/sam0/drivers/extint/extint_callback.o
_ezero                                            src/ASF/sam0/utils/cmsis/samd21/source/gcc/startup_samd21.o
_fini                                             c:/program files (x86)/atmel/studio/7.0/toolchain/arm/arm-gnu-toolchain/bin/../lib/gcc/arm-none-eabi/6.3.1/thumb/v6-m/crti.o
_fstat                                            src/ASF/sam0/utils/syscalls/gcc/syscalls.o
_getpid                                           src/ASF/sam0/utils/syscalls/gcc/syscalls.o
_global_impure_ptr                                c:/program files (x86)/atmel/studio/7.0/toolchain/arm/arm-gnu-toolchain/bin/../lib/gcc/arm-none-eabi/6.3.1/../../../../arm-none-eabi/lib/thumb/v6-m\libc_nano.a(lib_a-impure.o)
                                                  c:/program files (x86)/atmel/studio/7.0/toolchain/arm/arm-gnu-toolchain/bin/../lib/gcc/arm-none-eabi/6.3.1/../../../../arm-none-eabi/lib/thumb/v6-m\libc_nano.a(lib_a-exit.o)
_impure_ptr                                       c:/program files (x86)/atmel/studio/7.0/toolchain/arm/arm-gnu-toolchain/bin/../lib/gcc/arm-none-eabi/6.3.1/../../../../arm-none-eabi/lib/thumb/v6-m\libc_nano.a(lib_a-impure.o)
_init                                             c:/program files (x86)/atmel/studio/7.0/toolchain/arm/arm-gnu-toolchain/bin/../lib/gcc/arm-none-eabi/6.3.1/thumb/v6-m/crti.o
                                                  c:/program files (x86)/atmel/studio/7.0/toolchain/arm/arm-gnu-toolchain/bin/../lib/gcc/arm-none-eabi/6.3.1/../../../../arm-none-eabi/lib/thumb/v6-m\libc_nano.a(lib_a-init.o)
_isatty                                           src/ASF/sam0/utils/syscalls/gcc/syscalls.o
_kill                                             src/ASF/sam0/utils/syscalls/gcc/syscalls.o
_lseek                                            src/ASF/sam0/utils/syscalls/gcc/syscalls.o
_mainCRTStartup                                   c:/program files (x86)/atmel/studio/7.0/toolchain/arm/arm-gnu-toolchain/bin/../lib/gcc/arm-none-eabi/6.3.1/../../../../arm-none-eabi/lib/thumb/v6-m/crt0.o
_sbrk                                             src/ASF/sam0/utils/syscalls/gcc/syscalls.o
_sfixed                                           src/ASF/sam0/utils/cmsis/samd21/source/gcc/startup_samd21.o
_srelocate                                        src/ASF/sam0/utils/cmsis/samd21/source/gcc/startup_samd21.o
_start                                            c:/program files (x86)/atmel/studio/7.0/toolchain/arm/arm-gnu-toolchain/bin/../lib/gcc/arm-none-eabi/6.3.1/../../../../arm-none-eabi/lib/thumb/v6-m/crt0.o
_system_divas_init                                src/ASF/sam0/drivers/system/system.o
_system_dummy_init                                src/ASF/sam0/drivers/system/system.o
_system_events_init                               src/ASF/sam0/drivers/system/system.o
_system_extint_init                               src/ASF/sam0/drivers/extint/extint_sam_d_r_h/extint.o
_szero                                            src/ASF/sam0/utils/cmsis/samd21/source/gcc/startup_samd21.o
atexit                                            c:/program files (x86)/atmel/studio/7.0/toolchain/arm/arm-gnu-toolchain/bin/../lib/gcc/arm-none-eabi/6.3.1/../../../../arm-none-eabi/lib/thumb/v6-m/crt0.o
board_init                                        src/ASF/sam0/boards/samd21_xplained_pro/board_init.o
cpu_irq_enter_critical                            src/ASF/common/utils/interrupt/interrupt_sam_nvic.o
                                                  src/ASF/sam0/drivers/system/clock/clock_samd21_r21_da_ha1/gclk.o
cpu_irq_leave_critical                            src/ASF/common/utils/interrupt/interrupt_sam_nvic.o
                                                  src/ASF/sam0/drivers/system/clock/clock_samd21_r21_da_ha1/gclk.o
exception_table                                   src/ASF/sam0/utils/cmsis/samd21/source/gcc/startup_samd21.o
exit                                              c:/program files (x86)/atmel/studio/7.0/toolchain/arm/arm-gnu-toolchain/bin/../lib/gcc/arm-none-eabi/6.3.1/../../../../arm-none-eabi/lib/thumb/v6-m\libc_nano.a(lib_a-exit.o)
                                                  c:/program files (x86)/atmel/studio/7.0/toolchain/arm/arm-gnu-toolchain/bin/../lib/gcc/arm-none-eabi/6.3.1/../../../../arm-none-eabi/lib/thumb/v6-m/crt0.o
extint_chan_disable_callback                      src/ASF/sam0/drivers/extint/extint_callback.o
                                                  src/ASF/sam0/drivers/usb/stack_interface/usb_device_udd.o
extint_chan_enable_callback                       src/ASF/sam0/drivers/extint/extint_callback.o
                                                  src/ASF/sam0/drivers/usb/stack_interface/usb_device_udd.o
extint_chan_get_config_defaults                   src/ASF/sam0/drivers/extint/extint_sam_d_r_h/extint.o
                                                  src/ASF/sam0/drivers/usb/stack_interface/usb_device_udd.o
extint_chan_set_config                            src/ASF/sam0/drivers/extint/extint_sam_d_r_h/extint.o
                                                  src/ASF/sam0/drivers/usb/stack_interface/usb_device_udd.o
extint_disable_events                             src/ASF/sam0/drivers/extint/extint_sam_d_r_h/extint.o
extint_enable_events                              src/ASF/sam0/drivers/extint/extint_sam_d_r_h/extint.o
extint_get_current_channel                        src/ASF/sam0/drivers/extint/extint_callback.o
extint_nmi_set_config                             src/ASF/sam0/drivers/extint/extint_sam_d_r_h/extint.o
extint_register_callback                          src/ASF/sam0/drivers/extint/extint_callback.o
                                                  src/ASF/sam0/drivers/usb/stack_interface/usb_device_udd.o
extint_unregister_callback                        src/ASF/sam0/drivers/extint/extint_callback.o
g_interrupt_enabled                               src/ASF/common/utils/interrupt/interrupt_sam_nvic.o
                                                  src/main.o
                                                  src/ASF/sam0/drivers/usb/stack_interface/usb_device_udd.o
                                                  src/ASF/common/services/usb/class/hid/device/kbd/udi_hid_kbd.o
hardware_init_hook                                c:/program files (x86)/atmel/studio/7.0/toolchain/arm/arm-gnu-toolchain/bin/../lib/gcc/arm-none-eabi/6.3.1/../../../../arm-none-eabi/lib/thumb/v6-m/crt0.o
host_pipe_job_busy_status                         src/ASF/sam0/drivers/usb/usb_sam_d_r/usb.o
link                                              src/ASF/sam0/utils/syscalls/gcc/syscalls.o
main                                              src/main.o
                                                  src/ASF/sam0/utils/cmsis/samd21/source/gcc/startup_samd21.o
                                                  c:/program files (x86)/atmel/studio/7.0/toolchain/arm/arm-gnu-toolchain/bin/../lib/gcc/arm-none-eabi/6.3.1/../../../../arm-none-eabi/lib/thumb/v6-m/crt0.o
main_kbd_disable                                  src/main.o
                                                  src/ASF/common/services/usb/class/hid/device/kbd/udi_hid_kbd.o
main_kbd_enable                                   src/main.o
                                                  src/ASF/common/services/usb/class/hid/device/kbd/udi_hid_kbd.o
main_remotewakeup_disable                         src/main.o
                                                  src/ASF/common/services/usb/udc/udc.o
main_remotewakeup_enable                          src/main.o
                                                  src/ASF/common/services/usb/udc/udc.o
main_resume_action                                src/main.o
                                                  src/ASF/sam0/drivers/usb/stack_interface/usb_device_udd.o
main_sof_action                                   src/main.o
                                                  src/ASF/sam0/drivers/usb/stack_interface/usb_device_udd.o
main_suspend_action                               src/main.o
                                                  src/ASF/sam0/drivers/usb/stack_interface/usb_device_udd.o
memcpy                                            c:/program files (x86)/atmel/studio/7.0/toolchain/arm/arm-gnu-toolchain/bin/../lib/gcc/arm-none-eabi/6.3.1/../../../../arm-none-eabi/lib/thumb/v6-m\libc_nano.a(lib_a-memcpy-stub.o)
                                                  src/ASF/sam0/drivers/usb/stack_interface/usb_device_udd.o
                                                  src/ASF/common/services/usb/class/hid/device/kbd/udi_hid_kbd.o
memset                                            c:/program files (x86)/atmel/studio/7.0/toolchain/arm/arm-gnu-toolchain/bin/../lib/gcc/arm-none-eabi/6.3.1/../../../../arm-none-eabi/lib/thumb/v6-m\libc_nano.a(lib_a-memset.o)
                                                  src/ASF/sam0/drivers/usb/usb_sam_d_r/usb.o
                                                  src/ASF/common/services/usb/class/hid/device/kbd/udi_hid_kbd.o
                                                  c:/program files (x86)/atmel/studio/7.0/toolchain/arm/arm-gnu-toolchain/bin/../lib/gcc/arm-none-eabi/6.3.1/../../../../arm-none-eabi/lib/thumb/v6-m/crt0.o
port_group_set_config                             src/ASF/sam0/drivers/port/port.o
port_pin_set_config                               src/ASF/sam0/drivers/port/port.o
                                                  src/ASF/sam0/boards/samd21_xplained_pro/board_init.o
                                                  src/ASF/common/services/usb/class/hid/device/kbd/example/samd21j18a_samd21_xplained_pro/ui.o
sleepmgr_locks                                    src/ASF/common/services/sleepmgr/samd/sleepmgr.o
                                                  src/main.o
                                                  src/ASF/sam0/drivers/usb/stack_interface/usb_device_udd.o
software_init_hook                                c:/program files (x86)/atmel/studio/7.0/toolchain/arm/arm-gnu-toolchain/bin/../lib/gcc/arm-none-eabi/6.3.1/../../../../arm-none-eabi/lib/thumb/v6-m/crt0.o
system_board_init                                 src/ASF/sam0/boards/samd21_xplained_pro/board_init.o
system_clock_init                                 src/ASF/sam0/drivers/system/clock/clock_samd21_r21_da_ha1/clock.o
system_clock_source_dfll_set_config               src/ASF/sam0/drivers/system/clock/clock_samd21_r21_da_ha1/clock.o
system_clock_source_disable                       src/ASF/sam0/drivers/system/clock/clock_samd21_r21_da_ha1/clock.o
system_clock_source_dpll_set_config               src/ASF/sam0/drivers/system/clock/clock_samd21_r21_da_ha1/clock.o
system_clock_source_enable                        src/ASF/sam0/drivers/system/clock/clock_samd21_r21_da_ha1/clock.o
system_clock_source_get_hz                        src/ASF/sam0/drivers/system/clock/clock_samd21_r21_da_ha1/clock.o
                                                  src/ASF/sam0/drivers/system/clock/clock_samd21_r21_da_ha1/gclk.o
system_clock_source_is_ready                      src/ASF/sam0/drivers/system/clock/clock_samd21_r21_da_ha1/clock.o
system_clock_source_osc32k_set_config             src/ASF/sam0/drivers/system/clock/clock_samd21_r21_da_ha1/clock.o
system_clock_source_osc8m_set_config              src/ASF/sam0/drivers/system/clock/clock_samd21_r21_da_ha1/clock.o
system_clock_source_write_calibration             src/ASF/sam0/drivers/system/clock/clock_samd21_r21_da_ha1/clock.o
system_clock_source_xosc32k_set_config            src/ASF/sam0/drivers/system/clock/clock_samd21_r21_da_ha1/clock.o
system_clock_source_xosc_set_config               src/ASF/sam0/drivers/system/clock/clock_samd21_r21_da_ha1/clock.o
system_gclk_chan_disable                          src/ASF/sam0/drivers/system/clock/clock_samd21_r21_da_ha1/gclk.o
                                                  src/ASF/sam0/drivers/extint/extint_sam_d_r_h/extint.o
system_gclk_chan_enable                           src/ASF/sam0/drivers/system/clock/clock_samd21_r21_da_ha1/gclk.o
                                                  src/ASF/sam0/drivers/usb/usb_sam_d_r/usb.o
                                                  src/ASF/sam0/drivers/extint/extint_sam_d_r_h/extint.o
system_gclk_chan_get_hz                           src/ASF/sam0/drivers/system/clock/clock_samd21_r21_da_ha1/gclk.o
                                                  src/ASF/sam0/drivers/system/clock/clock_samd21_r21_da_ha1/clock.o
system_gclk_chan_is_enabled                       src/ASF/sam0/drivers/system/clock/clock_samd21_r21_da_ha1/gclk.o
system_gclk_chan_is_locked                        src/ASF/sam0/drivers/system/clock/clock_samd21_r21_da_ha1/gclk.o
system_gclk_chan_lock                             src/ASF/sam0/drivers/system/clock/clock_samd21_r21_da_ha1/gclk.o
system_gclk_chan_set_config                       src/ASF/sam0/drivers/system/clock/clock_samd21_r21_da_ha1/gclk.o
                                                  src/ASF/sam0/drivers/usb/usb_sam_d_r/usb.o
                                                  src/ASF/sam0/drivers/system/clock/clock_samd21_r21_da_ha1/clock.o
                                                  src/ASF/sam0/drivers/extint/extint_sam_d_r_h/extint.o
system_gclk_gen_disable                           src/ASF/sam0/drivers/system/clock/clock_samd21_r21_da_ha1/gclk.o
system_gclk_gen_enable                            src/ASF/sam0/drivers/system/clock/clock_samd21_r21_da_ha1/gclk.o
                                                  src/ASF/sam0/drivers/system/clock/clock_samd21_r21_da_ha1/clock.o
system_gclk_gen_get_hz                            src/ASF/sam0/drivers/system/clock/clock_samd21_r21_da_ha1/gclk.o
system_gclk_gen_is_enabled                        src/ASF/sam0/drivers/system/clock/clock_samd21_r21_da_ha1/gclk.o
system_gclk_gen_set_config                        src/ASF/sam0/drivers/system/clock/clock_samd21_r21_da_ha1/gclk.o
                                                  src/ASF/sam0/drivers/system/clock/clock_samd21_r21_da_ha1/clock.o
system_gclk_init                                  src/ASF/sam0/drivers/system/clock/clock_samd21_r21_da_ha1/gclk.o
                                                  src/ASF/sam0/drivers/system/clock/clock_samd21_r21_da_ha1/clock.o
system_init                                       src/ASF/sam0/drivers/system/system.o
                                                  src/main.o
system_interrupt_clear_pending                    src/ASF/sam0/drivers/system/interrupt/system_interrupt.o
system_interrupt_get_priority                     src/ASF/sam0/drivers/system/interrupt/system_interrupt.o
system_interrupt_is_pending                       src/ASF/sam0/drivers/system/interrupt/system_interrupt.o
system_interrupt_set_pending                      src/ASF/sam0/drivers/system/interrupt/system_interrupt.o
system_interrupt_set_priority                     src/ASF/sam0/drivers/system/interrupt/system_interrupt.o
system_pinmux_group_set_config                    src/ASF/sam0/drivers/system/pinmux/pinmux.o
                                                  src/ASF/sam0/drivers/port/port.o
system_pinmux_group_set_input_sample_mode         src/ASF/sam0/drivers/system/pinmux/pinmux.o
system_pinmux_group_set_output_strength           src/ASF/sam0/drivers/system/pinmux/pinmux.o
system_pinmux_pin_set_config                      src/ASF/sam0/drivers/system/pinmux/pinmux.o
                                                  src/ASF/sam0/drivers/usb/usb_sam_d_r/usb.o
                                                  src/ASF/sam0/drivers/port/port.o
                                                  src/ASF/sam0/drivers/extint/extint_sam_d_r_h/extint.o
udc_config                                        src/ASF/common/services/usb/class/hid/device/kbd/udi_hid_kbd_desc.o
                                                  src/ASF/common/services/usb/udc/udc.o
udc_config_fshs                                   src/ASF/common/services/usb/class/hid/device/kbd/udi_hid_kbd_desc.o
udc_desc                                          src/ASF/common/services/usb/class/hid/device/kbd/udi_hid_kbd_desc.o
udc_device_desc                                   src/ASF/common/services/usb/class/hid/device/kbd/udi_hid_kbd_desc.o
udc_get_interface_desc                            src/ASF/common/services/usb/udc/udc.o
                                                  src/ASF/common/services/usb/class/hid/device/udi_hid.o
udc_process_setup                                 src/ASF/common/services/usb/udc/udc.o
                                                  src/ASF/sam0/drivers/usb/stack_interface/usb_device_udd.o
udc_reset                                         src/ASF/common/services/usb/udc/udc.o
                                                  src/ASF/sam0/drivers/usb/stack_interface/usb_device_udd.o
udc_sof_notify                                    src/ASF/common/services/usb/udc/udc.o
                                                  src/ASF/sam0/drivers/usb/stack_interface/usb_device_udd.o
udc_start                                         src/ASF/common/services/usb/udc/udc.o
                                                  src/main.o
udc_stop                                          src/ASF/common/services/usb/udc/udc.o
udd_attach                                        src/ASF/sam0/drivers/usb/stack_interface/usb_device_udd.o
udd_ctrl_buffer                                   src/ASF/sam0/drivers/usb/stack_interface/usb_device_udd.o
udd_detach                                        src/ASF/sam0/drivers/usb/stack_interface/usb_device_udd.o
udd_disable                                       src/ASF/sam0/drivers/usb/stack_interface/usb_device_udd.o
                                                  src/ASF/common/services/usb/udc/udc.o
udd_enable                                        src/ASF/sam0/drivers/usb/stack_interface/usb_device_udd.o
                                                  src/ASF/common/services/usb/udc/udc.o
udd_ep_abort                                      src/ASF/sam0/drivers/usb/stack_interface/usb_device_udd.o
                                                  src/ASF/common/services/usb/udc/udc.o
udd_ep_alloc                                      src/ASF/sam0/drivers/usb/stack_interface/usb_device_udd.o
                                                  src/ASF/common/services/usb/udc/udc.o
udd_ep_clear_halt                                 src/ASF/sam0/drivers/usb/stack_interface/usb_device_udd.o
                                                  src/ASF/common/services/usb/udc/udc.o
udd_ep_free                                       src/ASF/sam0/drivers/usb/stack_interface/usb_device_udd.o
                                                  src/ASF/common/services/usb/udc/udc.o
udd_ep_is_halted                                  src/ASF/sam0/drivers/usb/stack_interface/usb_device_udd.o
                                                  src/ASF/common/services/usb/udc/udc.o
udd_ep_out_cache_buffer                           src/ASF/sam0/drivers/usb/stack_interface/usb_device_udd.o
udd_ep_run                                        src/ASF/sam0/drivers/usb/stack_interface/usb_device_udd.o
                                                  src/ASF/common/services/usb/class/hid/device/kbd/udi_hid_kbd.o
udd_ep_set_halt                                   src/ASF/sam0/drivers/usb/stack_interface/usb_device_udd.o
                                                  src/ASF/common/services/usb/udc/udc.o
udd_ep_wait_stall_clear                           src/ASF/sam0/drivers/usb/stack_interface/usb_device_udd.o
udd_g_ctrlreq                                     src/ASF/sam0/drivers/usb/stack_interface/usb_device_udd.o
                                                  src/ASF/common/services/usb/udc/udc.o
                                                  src/ASF/common/services/usb/class/hid/device/udi_hid.o
                                                  src/ASF/common/services/usb/class/hid/device/kbd/udi_hid_kbd.o
udd_get_frame_number                              src/ASF/sam0/drivers/usb/stack_interface/usb_device_udd.o
                                                  src/main.o
udd_get_micro_frame_number                        src/ASF/sam0/drivers/usb/stack_interface/usb_device_udd.o
udd_getaddress                                    src/ASF/sam0/drivers/usb/stack_interface/usb_device_udd.o
                                                  src/ASF/common/services/usb/udc/udc.o
udd_include_vbus_monitoring                       src/ASF/sam0/drivers/usb/stack_interface/usb_device_udd.o
udd_is_high_speed                                 src/ASF/sam0/drivers/usb/stack_interface/usb_device_udd.o
udd_send_remotewakeup                             src/ASF/sam0/drivers/usb/stack_interface/usb_device_udd.o
udd_set_address                                   src/ASF/sam0/drivers/usb/stack_interface/usb_device_udd.o
                                                  src/ASF/common/services/usb/udc/udc.o
udd_set_setup_payload                             src/ASF/sam0/drivers/usb/stack_interface/usb_device_udd.o
                                                  src/ASF/common/services/usb/udc/udc.o
udi_api_hid_kbd                                   src/ASF/common/services/usb/class/hid/device/kbd/udi_hid_kbd.o
                                                  src/ASF/common/services/usb/class/hid/device/kbd/udi_hid_kbd_desc.o
udi_apis                                          src/ASF/common/services/usb/class/hid/device/kbd/udi_hid_kbd_desc.o
udi_hid_kbd_disable                               src/ASF/common/services/usb/class/hid/device/kbd/udi_hid_kbd.o
udi_hid_kbd_down                                  src/ASF/common/services/usb/class/hid/device/kbd/udi_hid_kbd.o
                                                  src/ASF/common/services/usb/class/hid/device/kbd/example/samd21j18a_samd21_xplained_pro/ui.o
udi_hid_kbd_enable                                src/ASF/common/services/usb/class/hid/device/kbd/udi_hid_kbd.o
udi_hid_kbd_getsetting                            src/ASF/common/services/usb/class/hid/device/kbd/udi_hid_kbd.o
udi_hid_kbd_modifier_down                         src/ASF/common/services/usb/class/hid/device/kbd/udi_hid_kbd.o
udi_hid_kbd_modifier_up                           src/ASF/common/services/usb/class/hid/device/kbd/udi_hid_kbd.o
udi_hid_kbd_report_desc                           src/ASF/common/services/usb/class/hid/device/kbd/udi_hid_kbd.o
udi_hid_kbd_setup                                 src/ASF/common/services/usb/class/hid/device/kbd/udi_hid_kbd.o
udi_hid_kbd_up                                    src/ASF/common/services/usb/class/hid/device/kbd/udi_hid_kbd.o
                                                  src/ASF/common/services/usb/class/hid/device/kbd/example/samd21j18a_samd21_xplained_pro/ui.o
udi_hid_setup                                     src/ASF/common/services/usb/class/hid/device/udi_hid.o
                                                  src/ASF/common/services/usb/class/hid/device/kbd/udi_hid_kbd.o
ui_init                                           src/ASF/common/services/usb/class/hid/device/kbd/example/samd21j18a_samd21_xplained_pro/ui.o
                                                  src/main.o
ui_kbd_led                                        src/ASF/common/services/usb/class/hid/device/kbd/example/samd21j18a_samd21_xplained_pro/ui.o
                                                  src/ASF/common/services/usb/class/hid/device/kbd/udi_hid_kbd.o
ui_powerdown                                      src/ASF/common/services/usb/class/hid/device/kbd/example/samd21j18a_samd21_xplained_pro/ui.o
                                                  src/main.o
ui_process                                        src/ASF/common/services/usb/class/hid/device/kbd/example/samd21j18a_samd21_xplained_pro/ui.o
                                                  src/main.o
ui_wakeup                                         src/ASF/common/services/usb/class/hid/device/kbd/example/samd21j18a_samd21_xplained_pro/ui.o
                                                  src/main.o
ui_wakeup_disable                                 src/ASF/common/services/usb/class/hid/device/kbd/example/samd21j18a_samd21_xplained_pro/ui.o
                                                  src/main.o
ui_wakeup_enable                                  src/ASF/common/services/usb/class/hid/device/kbd/example/samd21j18a_samd21_xplained_pro/ui.o
                                                  src/main.o
usb_descriptor_table                              src/ASF/sam0/drivers/usb/usb_sam_d_r/usb.o
usb_device                                        src/ASF/sam0/drivers/usb/stack_interface/usb_device_udd.o
usb_device_disable_callback                       src/ASF/sam0/drivers/usb/usb_sam_d_r/usb.o
                                                  src/ASF/sam0/drivers/usb/stack_interface/usb_device_udd.o
usb_device_enable_callback                        src/ASF/sam0/drivers/usb/usb_sam_d_r/usb.o
                                                  src/ASF/sam0/drivers/usb/stack_interface/usb_device_udd.o
usb_device_endpoint_abort_job                     src/ASF/sam0/drivers/usb/usb_sam_d_r/usb.o
                                                  src/ASF/sam0/drivers/usb/stack_interface/usb_device_udd.o
usb_device_endpoint_clear_halt                    src/ASF/sam0/drivers/usb/usb_sam_d_r/usb.o
                                                  src/ASF/sam0/drivers/usb/stack_interface/usb_device_udd.o
usb_device_endpoint_disable_callback              src/ASF/sam0/drivers/usb/usb_sam_d_r/usb.o
                                                  src/ASF/sam0/drivers/usb/stack_interface/usb_device_udd.o
usb_device_endpoint_enable_callback               src/ASF/sam0/drivers/usb/usb_sam_d_r/usb.o
                                                  src/ASF/sam0/drivers/usb/stack_interface/usb_device_udd.o
usb_device_endpoint_get_config_defaults           src/ASF/sam0/drivers/usb/usb_sam_d_r/usb.o
                                                  src/ASF/sam0/drivers/usb/stack_interface/usb_device_udd.o
usb_device_endpoint_is_configured                 src/ASF/sam0/drivers/usb/usb_sam_d_r/usb.o
                                                  src/ASF/sam0/drivers/usb/stack_interface/usb_device_udd.o
usb_device_endpoint_is_halted                     src/ASF/sam0/drivers/usb/usb_sam_d_r/usb.o
                                                  src/ASF/sam0/drivers/usb/stack_interface/usb_device_udd.o
usb_device_endpoint_read_buffer_job               src/ASF/sam0/drivers/usb/usb_sam_d_r/usb.o
                                                  src/ASF/sam0/drivers/usb/stack_interface/usb_device_udd.o
usb_device_endpoint_register_callback             src/ASF/sam0/drivers/usb/usb_sam_d_r/usb.o
                                                  src/ASF/sam0/drivers/usb/stack_interface/usb_device_udd.o
usb_device_endpoint_set_config                    src/ASF/sam0/drivers/usb/usb_sam_d_r/usb.o
                                                  src/ASF/sam0/drivers/usb/stack_interface/usb_device_udd.o
usb_device_endpoint_set_halt                      src/ASF/sam0/drivers/usb/usb_sam_d_r/usb.o
                                                  src/ASF/sam0/drivers/usb/stack_interface/usb_device_udd.o
usb_device_endpoint_setup_buffer_job              src/ASF/sam0/drivers/usb/usb_sam_d_r/usb.o
                                                  src/ASF/sam0/drivers/usb/stack_interface/usb_device_udd.o
usb_device_endpoint_unregister_callback           src/ASF/sam0/drivers/usb/usb_sam_d_r/usb.o
                                                  src/ASF/sam0/drivers/usb/stack_interface/usb_device_udd.o
usb_device_endpoint_write_buffer_job              src/ASF/sam0/drivers/usb/usb_sam_d_r/usb.o
                                                  src/ASF/sam0/drivers/usb/stack_interface/usb_device_udd.o
usb_device_register_callback                      src/ASF/sam0/drivers/usb/usb_sam_d_r/usb.o
                                                  src/ASF/sam0/drivers/usb/stack_interface/usb_device_udd.o
usb_device_unregister_callback                    src/ASF/sam0/drivers/usb/usb_sam_d_r/usb.o
usb_disable                                       src/ASF/sam0/drivers/usb/usb_sam_d_r/usb.o
usb_dual_disable                                  src/ASF/sam0/drivers/usb/stack_interface/usb_dual.o
                                                  src/ASF/sam0/drivers/usb/stack_interface/usb_device_udd.o
usb_dual_enable                                   src/ASF/sam0/drivers/usb/stack_interface/usb_dual.o
usb_enable                                        src/ASF/sam0/drivers/usb/usb_sam_d_r/usb.o
                                                  src/ASF/sam0/drivers/usb/stack_interface/usb_device_udd.o
usb_get_config_defaults                           src/ASF/sam0/drivers/usb/usb_sam_d_r/usb.o
                                                  src/ASF/sam0/drivers/usb/stack_interface/usb_device_udd.o
usb_host_disable_callback                         src/ASF/sam0/drivers/usb/usb_sam_d_r/usb.o
usb_host_enable_callback                          src/ASF/sam0/drivers/usb/usb_sam_d_r/usb.o
usb_host_pipe_abort_job                           src/ASF/sam0/drivers/usb/usb_sam_d_r/usb.o
usb_host_pipe_disable_callback                    src/ASF/sam0/drivers/usb/usb_sam_d_r/usb.o
usb_host_pipe_enable_callback                     src/ASF/sam0/drivers/usb/usb_sam_d_r/usb.o
usb_host_pipe_get_config                          src/ASF/sam0/drivers/usb/usb_sam_d_r/usb.o
usb_host_pipe_get_config_defaults                 src/ASF/sam0/drivers/usb/usb_sam_d_r/usb.o
usb_host_pipe_lpm_job                             src/ASF/sam0/drivers/usb/usb_sam_d_r/usb.o
usb_host_pipe_read_job                            src/ASF/sam0/drivers/usb/usb_sam_d_r/usb.o
usb_host_pipe_register_callback                   src/ASF/sam0/drivers/usb/usb_sam_d_r/usb.o
usb_host_pipe_set_auto_zlp                        src/ASF/sam0/drivers/usb/usb_sam_d_r/usb.o
usb_host_pipe_set_config                          src/ASF/sam0/drivers/usb/usb_sam_d_r/usb.o
usb_host_pipe_setup_job                           src/ASF/sam0/drivers/usb/usb_sam_d_r/usb.o
usb_host_pipe_unregister_callback                 src/ASF/sam0/drivers/usb/usb_sam_d_r/usb.o
usb_host_pipe_write_job                           src/ASF/sam0/drivers/usb/usb_sam_d_r/usb.o
usb_host_register_callback                        src/ASF/sam0/drivers/usb/usb_sam_d_r/usb.o
usb_host_unregister_callback                      src/ASF/sam0/drivers/usb/usb_sam_d_r/usb.o
usb_init                                          src/ASF/sam0/drivers/usb/usb_sam_d_r/usb.o
                                                  src/ASF/sam0/drivers/usb/stack_interface/usb_device_udd.o
